n_cjson.c:82:30:JGetErrorPtr	8	static
n_cjson.c:87:24:JGetStringValue	16	static
n_cjson.c:100:29:JVersion	8	static
n_cjson.c:106:12:case_insensitive_strcmp	32	static
n_cjson.c:129:23:Jstrdup	24	static
n_cjson.c:150:24:JMalloc	16	static
n_cjson.c:153:22:JFree	16	static
n_cjson.c:158:11:JNew_Item	16	static
n_cjson.c:170:22:JDelete	24	static
n_cjson.c:194:22:get_decimal_point	8	static
n_cjson.c:221:14:parse_number	104	static
n_cjson.c:303:25:JSetNumberHelper	16	static
n_cjson.c:332:23:ensure	24	static
n_cjson.c:404:13:update_offset	32	static
n_cjson.c:417:14:print_number	80	static
n_cjson.c:491:17:parse_hex4	24	static
n_cjson.c:528:22:utf16_literal_to_utf8	48	static
n_cjson.c:649:14:parse_string	56	static
n_cjson.c:778:6:htoa16	24	static
n_cjson.c:794:14:print_string_ptr	40	static
n_cjson.c:917:14:print_string	16	static
n_cjson.c:931:22:buffer_skip_whitespace	16	static
n_cjson.c:952:22:skip_utf8_bom	16	static
n_cjson.c:968:21:JParseWithOpts	64	static
n_cjson.c:1047:21:JParse	16	static
n_cjson.c:1054:23:print	56	static
n_cjson.c:1107:24:JPrint	16	static
n_cjson.c:1112:24:JPrintUnformatted	16	static
n_cjson.c:1117:24:JPrintBuffered	48	static
n_cjson.c:1146:23:JPrintPreallocated	48	static
n_cjson.c:1165:14:parse_value	16	static
n_cjson.c:1220:14:print_value	24	static
n_cjson.c:1294:14:parse_array	32	static
n_cjson.c:1388:14:print_array	32	static
n_cjson.c:1450:14:parse_object	32	static
n_cjson.c:1559:14:print_object	40	static
n_cjson.c:1673:21:JGetArraySize	24	static
n_cjson.c:1696:11:get_array_item	24	static
n_cjson.c:1715:21:JGetArrayItem	16	static
n_cjson.c:1725:11:get_object_item	32	static
n_cjson.c:1753:21:JGetObjectItem	16	static
n_cjson.c:1758:21:JGetObjectItemCaseSensitive	16	static
n_cjson.c:1763:23:JHasObjectItem	16	static
n_cjson.c:1769:13:suffix_object	16	static
n_cjson.c:1776:11:create_reference	24	static
n_cjson.c:1797:14:add_item_to_array	24	static
n_cjson.c:1827:22:JAddItemToArray	16	static
n_cjson.c:1839:14:cast_away_const	16	static
n_cjson.c:1848:14:add_item_to_object	32	static
n_cjson.c:1885:22:JAddItemToObject	24	static
n_cjson.c:1891:22:JAddItemToObjectCS	24	static
n_cjson.c:1896:22:JAddItemReferenceToArray	16	static
n_cjson.c:1906:22:JAddItemReferenceToObject	24	static
n_cjson.c:1916:20:JAddNullToObject	24	static
n_cjson.c:1928:20:JAddTrueToObject	24	static
n_cjson.c:1940:20:JAddFalseToObject	24	static
n_cjson.c:1952:20:JAddBoolToObject	32	static
n_cjson.c:1964:20:JAddNumberToObject	32	static
n_cjson.c:1976:20:JAddStringToObject	32	static
n_cjson.c:1988:20:JAddRawToObject	32	static
n_cjson.c:2000:20:JAddObjectToObject	24	static
n_cjson.c:2012:20:JAddArrayToObject	24	static
n_cjson.c:2024:21:JDetachItemViaPointer	16	static
n_cjson.c:2054:21:JDetachItemFromArray	16	static
n_cjson.c:2064:22:JDeleteItemFromArray	16	static
n_cjson.c:2069:21:JDetachItemFromObject	24	static
n_cjson.c:2076:21:JDetachItemFromObjectCaseSensitive	24	static
n_cjson.c:2083:22:JDeleteItemFromObject	16	static
n_cjson.c:2088:22:JDeleteItemFromObjectCaseSensitive	16	static
n_cjson.c:2094:22:JInsertItemInArray	32	static
n_cjson.c:2123:23:JReplaceItemViaPointer	24	static
n_cjson.c:2158:22:JReplaceItemInArray	24	static
n_cjson.c:2168:14:replace_item_in_object	24	static
n_cjson.c:2188:22:JReplaceItemInObject	24	static
n_cjson.c:2193:22:JReplaceItemInObjectCaseSensitive	24	static
n_cjson.c:2199:21:JCreateNull	16	static
n_cjson.c:2210:21:JCreateTrue	16	static
n_cjson.c:2221:21:JCreateFalse	16	static
n_cjson.c:2232:21:JCreateBool	24	static
n_cjson.c:2243:21:JCreateNumber	24	static
n_cjson.c:2269:21:JCreateString	24	static
n_cjson.c:2286:21:JCreateStringReference	24	static
n_cjson.c:2298:21:JCreateObjectReference	24	static
n_cjson.c:2309:21:JCreateArrayReference	24	static
n_cjson.c:2319:21:JCreateRaw	24	static
n_cjson.c:2336:21:JCreateArray	16	static
n_cjson.c:2347:21:JCreateObject	16	static
n_cjson.c:2359:21:JCreateIntArray	32	static
n_cjson.c:2394:21:JCreateNumberArray	32	static
n_cjson.c:2430:21:JCreateStringArray	32	static
n_cjson.c:2467:21:JDuplicate	32	static
n_cjson.c:2546:22:JMinify	24	static
n_cjson.c:2616:23:JIsInvalid	16	static
n_cjson.c:2626:23:JIsFalse	16	static
n_cjson.c:2636:23:JIsTrue	16	static
n_cjson.c:2647:23:JIsBool	16	static
n_cjson.c:2656:23:JIsNull	16	static
n_cjson.c:2666:23:JIsNumber	16	static
n_cjson.c:2676:23:JIsString	16	static
n_cjson.c:2686:23:JIsArray	16	static
n_cjson.c:2696:23:JIsObject	16	static
n_cjson.c:2706:23:JIsRaw	16	static
n_cjson.c:2716:23:JCompare	40	static
