n_cjson.c:83:30:JGetErrorPtr	8	static
n_cjson.c:88:24:JGetStringValue	16	static
n_cjson.c:101:29:JVersion	8	static
n_cjson.c:107:12:case_insensitive_strcmp	32	static
n_cjson.c:144:23:Jstrdup	24	static
n_cjson.c:165:22:JInitHooks	16	static
n_cjson.c:196:24:JMalloc	16	static
n_cjson.c:199:22:JFree	16	static
n_cjson.c:204:11:JNew_Item	24	static
n_cjson.c:216:22:JDelete	24	static
n_cjson.c:240:22:get_decimal_point	8	static
n_cjson.c:268:14:parse_number	112	static
n_cjson.c:350:24:JSetNumberHelper	32	static
n_cjson.c:380:23:ensure	24	static
n_cjson.c:468:13:update_offset	32	static
n_cjson.c:481:14:print_number	88	static
n_cjson.c:555:17:parse_hex4	24	static
n_cjson.c:592:22:utf16_literal_to_utf8	48	static
n_cjson.c:713:14:parse_string	56	static
n_cjson.c:842:6:htoa16	24	static
n_cjson.c:858:14:print_string_ptr	40	static
n_cjson.c:981:14:print_string	16	static
n_cjson.c:995:22:buffer_skip_whitespace	16	static
n_cjson.c:1016:22:skip_utf8_bom	16	static
n_cjson.c:1032:21:JParseWithOpts	72	static
n_cjson.c:1112:21:JParse	16	static
n_cjson.c:1119:23:print	72	static
n_cjson.c:1184:24:JPrint	16	static
n_cjson.c:1189:24:JPrintUnformatted	16	static
n_cjson.c:1194:24:JPrintBuffered	72	static
n_cjson.c:1224:23:JPrintPreallocated	72	static
n_cjson.c:1244:14:parse_value	16	static
n_cjson.c:1299:14:print_value	24	static
n_cjson.c:1373:14:parse_array	32	static
n_cjson.c:1467:14:print_array	32	static
n_cjson.c:1529:14:parse_object	32	static
n_cjson.c:1638:14:print_object	40	static
n_cjson.c:1752:21:JGetArraySize	24	static
n_cjson.c:1775:11:get_array_item	24	static
n_cjson.c:1794:21:JGetArrayItem	16	static
n_cjson.c:1804:11:get_object_item	32	static
n_cjson.c:1832:21:JGetObjectItem	16	static
n_cjson.c:1837:21:JGetObjectItemCaseSensitive	16	static
n_cjson.c:1842:23:JHasObjectItem	16	static
n_cjson.c:1848:13:suffix_object	16	static
n_cjson.c:1855:11:create_reference	24	static
n_cjson.c:1876:14:add_item_to_array	24	static
n_cjson.c:1906:22:JAddItemToArray	16	static
n_cjson.c:1918:14:cast_away_const	16	static
n_cjson.c:1927:14:add_item_to_object	32	static
n_cjson.c:1964:22:JAddItemToObject	40	static
n_cjson.c:1970:22:JAddItemToObjectCS	40	static
n_cjson.c:1975:22:JAddItemReferenceToArray	16	static
n_cjson.c:1985:22:JAddItemReferenceToObject	40	static
n_cjson.c:1995:20:JAddNullToObject	40	static
n_cjson.c:2007:20:JAddTrueToObject	40	static
n_cjson.c:2019:20:JAddFalseToObject	40	static
n_cjson.c:2031:20:JAddBoolToObject	48	static
n_cjson.c:2043:20:JAddNumberToObject	48	static
n_cjson.c:2055:20:JAddStringToObject	48	static
n_cjson.c:2067:20:JAddRawToObject	48	static
n_cjson.c:2079:20:JAddObjectToObject	40	static
n_cjson.c:2091:20:JAddArrayToObject	40	static
n_cjson.c:2103:21:JDetachItemViaPointer	16	static
n_cjson.c:2133:21:JDetachItemFromArray	16	static
n_cjson.c:2143:22:JDeleteItemFromArray	16	static
n_cjson.c:2148:21:JDetachItemFromObject	24	static
n_cjson.c:2155:21:JDetachItemFromObjectCaseSensitive	24	static
n_cjson.c:2162:22:JDeleteItemFromObject	16	static
n_cjson.c:2167:22:JDeleteItemFromObjectCaseSensitive	16	static
n_cjson.c:2173:22:JInsertItemInArray	32	static
n_cjson.c:2202:23:JReplaceItemViaPointer	24	static
n_cjson.c:2237:22:JReplaceItemInArray	24	static
n_cjson.c:2247:14:replace_item_in_object	24	static
n_cjson.c:2267:22:JReplaceItemInObject	24	static
n_cjson.c:2272:22:JReplaceItemInObjectCaseSensitive	24	static
n_cjson.c:2278:21:JCreateNull	16	static
n_cjson.c:2289:21:JCreateTrue	16	static
n_cjson.c:2300:21:JCreateFalse	16	static
n_cjson.c:2311:21:JCreateBool	24	static
n_cjson.c:2322:21:JCreateNumber	32	static
n_cjson.c:2348:21:JCreateString	24	static
n_cjson.c:2365:21:JCreateStringReference	24	static
n_cjson.c:2377:21:JCreateObjectReference	24	static
n_cjson.c:2388:21:JCreateArrayReference	24	static
n_cjson.c:2398:21:JCreateRaw	24	static
n_cjson.c:2415:21:JCreateArray	16	static
n_cjson.c:2426:21:JCreateObject	16	static
n_cjson.c:2438:21:JCreateIntArray	40	static
n_cjson.c:2473:21:JCreateFloatArray	40	static
n_cjson.c:2509:21:JCreateDoubleArray	40	static
n_cjson.c:2545:21:JCreateStringArray	32	static
n_cjson.c:2582:21:JDuplicate	40	static
n_cjson.c:2661:22:JMinify	24	static
n_cjson.c:2731:23:JIsInvalid	16	static
n_cjson.c:2741:23:JIsFalse	16	static
n_cjson.c:2751:23:JIsTrue	16	static
n_cjson.c:2762:23:JIsBool	16	static
n_cjson.c:2771:23:JIsNull	16	static
n_cjson.c:2781:23:JIsNumber	16	static
n_cjson.c:2791:23:JIsString	16	static
n_cjson.c:2801:23:JIsArray	16	static
n_cjson.c:2811:23:JIsObject	16	static
n_cjson.c:2821:23:JIsRaw	16	static
n_cjson.c:2831:23:JCompare	48	static
n_cjson.c:2956:24:Jmalloc	16	static
n_cjson.c:2961:22:Jfree	16	static
