n_helpers.c:47:6:NoteTimeValid	8	static
n_helpers.c:53:6:NoteTimeValidST	8	static
n_helpers.c:59:7:NoteTime	8	static
n_helpers.c:65:13:setTime	16	static
n_helpers.c:73:7:NoteTimeST	96	static
n_helpers.c:125:6:NoteRegion	24	static
n_helpers.c:149:6:NoteLocationValid	16	static
n_helpers.c:157:6:NoteLocationValidST	24	static
n_helpers.c:202:5:NoteGetEnvInt	88	static
n_helpers.c:209:6:NoteGetEnv	40	static
n_helpers.c:230:6:NoteGetEnvAll	32	static
n_helpers.c:247:6:NoteIsConnected	8	static
n_helpers.c:253:6:NoteIsConnectedST	16	static
n_helpers.c:266:6:NoteGetNetStatus	24	static
n_helpers.c:281:6:NoteGetVersion	24	static
n_helpers.c:296:6:NoteGetLocation	48	static
n_helpers.c:326:6:NoteSetLocation	40	static
n_helpers.c:339:6:NoteClearLocation	24	static
n_helpers.c:350:6:NoteGetLocationMode	24	static
n_helpers.c:364:6:NoteSetLocationMode	32	static
n_helpers.c:377:6:NoteGetServiceConfig	48	static
n_helpers.c:383:6:NoteGetServiceConfigST	32	static
n_helpers.c:416:6:NoteGetStatus	32	static
n_helpers.c:445:6:NoteGetStatusST	32	static
n_helpers.c:487:6:NoteSleep	48	static
n_helpers.c:519:6:NoteWake	40	static
n_helpers.c:578:6:NoteFactoryReset	32	static
n_helpers.c:606:6:NoteSetProductID	32	static
n_helpers.c:622:6:NoteSetSerialNumber	32	static
n_helpers.c:638:6:NoteSetUploadMode	40	static
n_helpers.c:656:6:NoteTemplate	24	static
n_helpers.c:668:6:NoteSend	32	static
n_helpers.c:692:6:NoteSendToRoute	72	static
n_helpers.c:737:6:NoteGetVoltage	32	static
n_helpers.c:750:6:NoteGetTemperature	32	static
n_helpers.c:763:6:NoteGetContact	32	static
n_helpers.c:795:6:NoteSetContact	32	static
n_helpers.c:813:13:timerExpiredSecs	32	static
