n_hooks.c:45:6:NoteSetFnDefault	24	static
n_hooks.c:56:6:NoteSetFn	24	static
n_hooks.c:62:6:NoteSetFnDebugOutput	16	static
n_hooks.c:65:6:NoteSetFnMutex	24	static
n_hooks.c:71:6:NoteSetFnSerial	24	static
n_hooks.c:83:6:NoteSetFnI2C	24	static
n_hooks.c:98:6:NoteFnDebugMsg	16	static
n_hooks.c:104:6:NoteFnDebug	8	static
n_hooks.c:116:19:NoteFnGetMs	8	static
n_hooks.c:121:6:NoteFnDelayMs	16	static
n_hooks.c:125:7:NoteFnMalloc	16	static
n_hooks.c:130:6:NoteFnFree	16	static
n_hooks.c:134:6:NoteFnLockI2C	8	static
n_hooks.c:138:6:NoteFnUnlockI2C	8	static
n_hooks.c:142:6:NoteFnLockNote	8	static
n_hooks.c:146:6:NoteFnUnlockNote	8	static
n_hooks.c:150:6:NoteFnSerialReset	8	static
n_hooks.c:154:6:NoteFnSerialTransmit	24	static
n_hooks.c:158:6:NoteFnSerialAvailable	8	static
n_hooks.c:163:6:NoteFnSerialReceive	8	static
n_hooks.c:168:6:NoteFnI2CReset	8	static
n_hooks.c:172:13:NoteFnI2CTransmit	24	static
n_hooks.c:177:13:NoteFnI2CReceive	32	static
n_hooks.c:182:10:NoteFnI2CAddress	8	static
n_hooks.c:187:10:NoteFnI2CMax	8	static
n_hooks.c:198:6:NoteFnNoteReset	8	static
n_hooks.c:203:13:NoteFnTransaction	16	static
