n_hooks.c:45:6:NoteSetFnDefault	24	static
n_hooks.c:56:6:NoteSetFn	24	static
n_hooks.c:62:6:NoteSetFnDebugOutput	16	static
n_hooks.c:65:6:NoteSetFnMutex	24	static
n_hooks.c:71:6:NoteSetFnSerial	24	static
n_hooks.c:83:6:NoteSetFnI2C	24	static
n_hooks.c:99:6:NoteFnDebug	280	static
n_hooks.c:109:19:NoteFnGetMs	8	static
n_hooks.c:114:6:NoteFnDelayMs	16	static
n_hooks.c:118:7:NoteFnMalloc	16	static
n_hooks.c:123:6:NoteFnFree	16	static
n_hooks.c:127:6:NoteFnLockI2C	8	static
n_hooks.c:131:6:NoteFnUnlockI2C	8	static
n_hooks.c:135:6:NoteFnLockNote	8	static
n_hooks.c:139:6:NoteFnUnlockNote	8	static
n_hooks.c:143:6:NoteFnSerialReset	8	static
n_hooks.c:147:6:NoteFnSerialTransmit	24	static
n_hooks.c:151:6:NoteFnSerialAvailable	8	static
n_hooks.c:156:6:NoteFnSerialReceive	8	static
n_hooks.c:161:6:NoteFnI2CReset	8	static
n_hooks.c:165:13:NoteFnI2CTransmit	24	static
n_hooks.c:170:13:NoteFnI2CReceive	32	static
n_hooks.c:175:10:NoteFnI2CAddress	8	static
n_hooks.c:180:10:NoteFnI2CMax	8	static
n_hooks.c:191:6:NoteFnNoteReset	8	static
n_hooks.c:196:13:NoteFnTransaction	16	static
