Archive member included to satisfy reference by file (symbol)

c:/st/stm32cubeide_1.0.2/stm32cubeide/plugins/com.st.stm32cube.ide.mcu.externaltools.gnu-tools-for-stm32.7-2018-q2-update.win32_1.0.0.201904181610/tools/bin/../lib/gcc/arm-none-eabi/7.3.1/../../../../arm-none-eabi/lib/thumb/v6-m\libc_nano.a(lib_a-atoi.o)
                              note-c/n_helpers.o (atoi)
c:/st/stm32cubeide_1.0.2/stm32cubeide/plugins/com.st.stm32cube.ide.mcu.externaltools.gnu-tools-for-stm32.7-2018-q2-update.win32_1.0.0.201904181610/tools/bin/../lib/gcc/arm-none-eabi/7.3.1/../../../../arm-none-eabi/lib/thumb/v6-m\libc_nano.a(lib_a-errno.o)
                              Src/syscalls.o (__errno)
c:/st/stm32cubeide_1.0.2/stm32cubeide/plugins/com.st.stm32cube.ide.mcu.externaltools.gnu-tools-for-stm32.7-2018-q2-update.win32_1.0.0.201904181610/tools/bin/../lib/gcc/arm-none-eabi/7.3.1/../../../../arm-none-eabi/lib/thumb/v6-m\libc_nano.a(lib_a-exit.o)
                              c:/st/stm32cubeide_1.0.2/stm32cubeide/plugins/com.st.stm32cube.ide.mcu.externaltools.gnu-tools-for-stm32.7-2018-q2-update.win32_1.0.0.201904181610/tools/bin/../lib/gcc/arm-none-eabi/7.3.1/../../../../arm-none-eabi/lib/thumb/v6-m/crt0.o (exit)
c:/st/stm32cubeide_1.0.2/stm32cubeide/plugins/com.st.stm32cube.ide.mcu.externaltools.gnu-tools-for-stm32.7-2018-q2-update.win32_1.0.0.201904181610/tools/bin/../lib/gcc/arm-none-eabi/7.3.1/../../../../arm-none-eabi/lib/thumb/v6-m\libc_nano.a(lib_a-impure.o)
                              c:/st/stm32cubeide_1.0.2/stm32cubeide/plugins/com.st.stm32cube.ide.mcu.externaltools.gnu-tools-for-stm32.7-2018-q2-update.win32_1.0.0.201904181610/tools/bin/../lib/gcc/arm-none-eabi/7.3.1/../../../../arm-none-eabi/lib/thumb/v6-m\libc_nano.a(lib_a-exit.o) (_global_impure_ptr)
c:/st/stm32cubeide_1.0.2/stm32cubeide/plugins/com.st.stm32cube.ide.mcu.externaltools.gnu-tools-for-stm32.7-2018-q2-update.win32_1.0.0.201904181610/tools/bin/../lib/gcc/arm-none-eabi/7.3.1/../../../../arm-none-eabi/lib/thumb/v6-m\libc_nano.a(lib_a-init.o)
                              c:/st/stm32cubeide_1.0.2/stm32cubeide/plugins/com.st.stm32cube.ide.mcu.externaltools.gnu-tools-for-stm32.7-2018-q2-update.win32_1.0.0.201904181610/tools/bin/../lib/gcc/arm-none-eabi/7.3.1/../../../../arm-none-eabi/lib/thumb/v6-m/crt0.o (__libc_init_array)
c:/st/stm32cubeide_1.0.2/stm32cubeide/plugins/com.st.stm32cube.ide.mcu.externaltools.gnu-tools-for-stm32.7-2018-q2-update.win32_1.0.0.201904181610/tools/bin/../lib/gcc/arm-none-eabi/7.3.1/../../../../arm-none-eabi/lib/thumb/v6-m\libc_nano.a(lib_a-locale.o)
                              note-c/n_cjson.o (__locale_ctype_ptr)
c:/st/stm32cubeide_1.0.2/stm32cubeide/plugins/com.st.stm32cube.ide.mcu.externaltools.gnu-tools-for-stm32.7-2018-q2-update.win32_1.0.0.201904181610/tools/bin/../lib/gcc/arm-none-eabi/7.3.1/../../../../arm-none-eabi/lib/thumb/v6-m\libc_nano.a(lib_a-malloc.o)
                              Src/main.o (malloc)
c:/st/stm32cubeide_1.0.2/stm32cubeide/plugins/com.st.stm32cube.ide.mcu.externaltools.gnu-tools-for-stm32.7-2018-q2-update.win32_1.0.0.201904181610/tools/bin/../lib/gcc/arm-none-eabi/7.3.1/../../../../arm-none-eabi/lib/thumb/v6-m\libc_nano.a(lib_a-mbtowc_r.o)
                              c:/st/stm32cubeide_1.0.2/stm32cubeide/plugins/com.st.stm32cube.ide.mcu.externaltools.gnu-tools-for-stm32.7-2018-q2-update.win32_1.0.0.201904181610/tools/bin/../lib/gcc/arm-none-eabi/7.3.1/../../../../arm-none-eabi/lib/thumb/v6-m\libc_nano.a(lib_a-locale.o) (__ascii_mbtowc)
c:/st/stm32cubeide_1.0.2/stm32cubeide/plugins/com.st.stm32cube.ide.mcu.externaltools.gnu-tools-for-stm32.7-2018-q2-update.win32_1.0.0.201904181610/tools/bin/../lib/gcc/arm-none-eabi/7.3.1/../../../../arm-none-eabi/lib/thumb/v6-m\libc_nano.a(lib_a-memcmp.o)
                              note-c/n_helpers.o (memcmp)
c:/st/stm32cubeide_1.0.2/stm32cubeide/plugins/com.st.stm32cube.ide.mcu.externaltools.gnu-tools-for-stm32.7-2018-q2-update.win32_1.0.0.201904181610/tools/bin/../lib/gcc/arm-none-eabi/7.3.1/../../../../arm-none-eabi/lib/thumb/v6-m\libc_nano.a(lib_a-memcpy-stub.o)
                              note-c/n_cjson.o (memcpy)
c:/st/stm32cubeide_1.0.2/stm32cubeide/plugins/com.st.stm32cube.ide.mcu.externaltools.gnu-tools-for-stm32.7-2018-q2-update.win32_1.0.0.201904181610/tools/bin/../lib/gcc/arm-none-eabi/7.3.1/../../../../arm-none-eabi/lib/thumb/v6-m\libc_nano.a(lib_a-memmove.o)
                              note-c/n_request.o (memmove)
c:/st/stm32cubeide_1.0.2/stm32cubeide/plugins/com.st.stm32cube.ide.mcu.externaltools.gnu-tools-for-stm32.7-2018-q2-update.win32_1.0.0.201904181610/tools/bin/../lib/gcc/arm-none-eabi/7.3.1/../../../../arm-none-eabi/lib/thumb/v6-m\libc_nano.a(lib_a-memset.o)
                              c:/st/stm32cubeide_1.0.2/stm32cubeide/plugins/com.st.stm32cube.ide.mcu.externaltools.gnu-tools-for-stm32.7-2018-q2-update.win32_1.0.0.201904181610/tools/bin/../lib/gcc/arm-none-eabi/7.3.1/../../../../arm-none-eabi/lib/thumb/v6-m/crt0.o (memset)
[...]
Memory Configuration

Name             Origin             Length             Attributes
RAM              0x0000000020000000 0x0000000000002000 xrw
FLASH            0x0000000008000000 0x0000000000010000 xr
*default*        0x0000000000000000 0xffffffffffffffff

Linker script and memory map

LOAD c:/st/stm32cubeide_1.0.2/stm32cubeide/plugins/com.st.stm32cube.ide.mcu.externaltools.gnu-tools-for-stm32.7-2018-q2-update.win32_1.0.0.201904181610/tools/bin/../lib/gcc/arm-none-eabi/7.3.1/thumb/v6-m/crti.o
LOAD c:/st/stm32cubeide_1.0.2/stm32cubeide/plugins/com.st.stm32cube.ide.mcu.externaltools.gnu-tools-for-stm32.7-2018-q2-update.win32_1.0.0.201904181610/tools/bin/../lib/gcc/arm-none-eabi/7.3.1/thumb/v6-m/crtbegin.o
LOAD c:/st/stm32cubeide_1.0.2/stm32cubeide/plugins/com.st.stm32cube.ide.mcu.externaltools.gnu-tools-for-stm32.7-2018-q2-update.win32_1.0.0.201904181610/tools/bin/../lib/gcc/arm-none-eabi/7.3.1/../../../../arm-none-eabi/lib/thumb/v6-m/crt0.o
LOAD Drivers/STM32G0xx_HAL_Driver/Src/stm32g0xx_hal.o
LOAD Drivers/STM32G0xx_HAL_Driver/Src/stm32g0xx_hal_cortex.o
LOAD Drivers/STM32G0xx_HAL_Driver/Src/stm32g0xx_hal_dma.o
LOAD Drivers/STM32G0xx_HAL_Driver/Src/stm32g0xx_hal_dma_ex.o
LOAD Drivers/STM32G0xx_HAL_Driver/Src/stm32g0xx_hal_exti.o
LOAD Drivers/STM32G0xx_HAL_Driver/Src/stm32g0xx_hal_flash.o
LOAD Drivers/STM32G0xx_HAL_Driver/Src/stm32g0xx_hal_flash_ex.o
LOAD Drivers/STM32G0xx_HAL_Driver/Src/stm32g0xx_hal_gpio.o
LOAD Drivers/STM32G0xx_HAL_Driver/Src/stm32g0xx_hal_i2c.o
LOAD Drivers/STM32G0xx_HAL_Driver/Src/stm32g0xx_hal_i2c_ex.o
LOAD Drivers/STM32G0xx_HAL_Driver/Src/stm32g0xx_hal_lptim.o
LOAD Drivers/STM32G0xx_HAL_Driver/Src/stm32g0xx_hal_pwr.o
LOAD Drivers/STM32G0xx_HAL_Driver/Src/stm32g0xx_hal_pwr_ex.o
LOAD Drivers/STM32G0xx_HAL_Driver/Src/stm32g0xx_hal_rcc.o
LOAD Drivers/STM32G0xx_HAL_Driver/Src/stm32g0xx_hal_rcc_ex.o
LOAD Drivers/STM32G0xx_HAL_Driver/Src/stm32g0xx_hal_tim.o
LOAD Drivers/STM32G0xx_HAL_Driver/Src/stm32g0xx_hal_tim_ex.o
LOAD Drivers/STM32G0xx_HAL_Driver/Src/stm32g0xx_hal_uart.o
LOAD Drivers/STM32G0xx_HAL_Driver/Src/stm32g0xx_hal_uart_ex.o
LOAD Drivers/STM32G0xx_HAL_Driver/Src/stm32g0xx_ll_rcc.o
LOAD Src/event.o
LOAD Src/example.o
LOAD Src/main.o
LOAD Src/stm32g0xx_hal_msp.o
LOAD Src/stm32g0xx_it.o
LOAD Src/syscalls.o
LOAD Src/sysmem.o
LOAD Src/system_stm32g0xx.o
LOAD Startup/startup_stm32g031k8tx.o
LOAD note-c/n_atof.o
LOAD note-c/n_b64.o
LOAD note-c/n_cjson.o
LOAD note-c/n_cjson_helpers.o
LOAD note-c/n_ftoa.o
LOAD note-c/n_helpers.o
LOAD note-c/n_hooks.o
LOAD note-c/n_i2c.o
LOAD note-c/n_request.o
LOAD note-c/n_serial.o
LOAD note-c/n_str.o
START GROUP
LOAD c:/st/stm32cubeide_1.0.2/stm32cubeide/plugins/com.st.stm32cube.ide.mcu.externaltools.gnu-tools-for-stm32.7-2018-q2-update.win32_1.0.0.201904181610/tools/bin/../lib/gcc/arm-none-eabi/7.3.1/../../../../arm-none-eabi/lib/thumb/v6-m\libc_nano.a
LOAD c:/st/stm32cubeide_1.0.2/stm32cubeide/plugins/com.st.stm32cube.ide.mcu.externaltools.gnu-tools-for-stm32.7-2018-q2-update.win32_1.0.0.201904181610/tools/bin/../lib/gcc/arm-none-eabi/7.3.1/../../../../arm-none-eabi/lib/thumb/v6-m\libm.a
END GROUP
START GROUP
LOAD c:/st/stm32cubeide_1.0.2/stm32cubeide/plugins/com.st.stm32cube.ide.mcu.externaltools.gnu-tools-for-stm32.7-2018-q2-update.win32_1.0.0.201904181610/tools/bin/../lib/gcc/arm-none-eabi/7.3.1/thumb/v6-m\libgcc.a
LOAD c:/st/stm32cubeide_1.0.2/stm32cubeide/plugins/com.st.stm32cube.ide.mcu.externaltools.gnu-tools-for-stm32.7-2018-q2-update.win32_1.0.0.201904181610/tools/bin/../lib/gcc/arm-none-eabi/7.3.1/../../../../arm-none-eabi/lib/thumb/v6-m\libc_nano.a
END GROUP
START GROUP
LOAD c:/st/stm32cubeide_1.0.2/stm32cubeide/plugins/com.st.stm32cube.ide.mcu.externaltools.gnu-tools-for-stm32.7-2018-q2-update.win32_1.0.0.201904181610/tools/bin/../lib/gcc/arm-none-eabi/7.3.1/thumb/v6-m\libgcc.a
LOAD c:/st/stm32cubeide_1.0.2/stm32cubeide/plugins/com.st.stm32cube.ide.mcu.externaltools.gnu-tools-for-stm32.7-2018-q2-update.win32_1.0.0.201904181610/tools/bin/../lib/gcc/arm-none-eabi/7.3.1/../../../../arm-none-eabi/lib/thumb/v6-m\libc_nano.a
LOAD c:/st/stm32cubeide_1.0.2/stm32cubeide/plugins/com.st.stm32cube.ide.mcu.externaltools.gnu-tools-for-stm32.7-2018-q2-update.win32_1.0.0.201904181610/tools/bin/../lib/gcc/arm-none-eabi/7.3.1/../../../../arm-none-eabi/lib/thumb/v6-m\libnosys.a
END GROUP
START GROUP
LOAD c:/st/stm32cubeide_1.0.2/stm32cubeide/plugins/com.st.stm32cube.ide.mcu.externaltools.gnu-tools-for-stm32.7-2018-q2-update.win32_1.0.0.201904181610/tools/bin/../lib/gcc/arm-none-eabi/7.3.1/thumb/v6-m\libgcc.a
LOAD c:/st/stm32cubeide_1.0.2/stm32cubeide/plugins/com.st.stm32cube.ide.mcu.externaltools.gnu-tools-for-stm32.7-2018-q2-update.win32_1.0.0.201904181610/tools/bin/../lib/gcc/arm-none-eabi/7.3.1/../../../../arm-none-eabi/lib/thumb/v6-m\libc_nano.a
LOAD c:/st/stm32cubeide_1.0.2/stm32cubeide/plugins/com.st.stm32cube.ide.mcu.externaltools.gnu-tools-for-stm32.7-2018-q2-update.win32_1.0.0.201904181610/tools/bin/../lib/gcc/arm-none-eabi/7.3.1/../../../../arm-none-eabi/lib/thumb/v6-m\libnosys.a
END GROUP
LOAD c:/st/stm32cubeide_1.0.2/stm32cubeide/plugins/com.st.stm32cube.ide.mcu.externaltools.gnu-tools-for-stm32.7-2018-q2-update.win32_1.0.0.201904181610/tools/bin/../lib/gcc/arm-none-eabi/7.3.1/thumb/v6-m/crtend.o
LOAD c:/st/stm32cubeide_1.0.2/stm32cubeide/plugins/com.st.stm32cube.ide.mcu.externaltools.gnu-tools-for-stm32.7-2018-q2-update.win32_1.0.0.201904181610/tools/bin/../lib/gcc/arm-none-eabi/7.3.1/thumb/v6-m/crtn.o
                0x0000000020002000                _estack = 0x20002000
                0x0000000000000200                _Min_Heap_Size = 0x200
                0x0000000000000400                _Min_Stack_Size = 0x400

.isr_vector     0x0000000008000000       0xbc
                0x0000000008000000                . = ALIGN (0x4)
 *(.isr_vector)
 .isr_vector    0x0000000008000000       0xbc Startup/startup_stm32g031k8tx.o
                0x0000000008000000                g_pfnVectors
                0x00000000080000bc                . = ALIGN (0x4)

.text           0x00000000080000bc     0x9aac
                0x00000000080000bc                . = ALIGN (0x4)
 *(.text)
 .text          0x00000000080000bc       0x48 c:/st/stm32cubeide_1.0.2/stm32cubeide/plugins/com.st.stm32cube.ide.mcu.externaltools.gnu-tools-for-stm32.7-2018-q2-update.win32_1.0.0.201904181610/tools/bin/../lib/gcc/arm-none-eabi/7.3.1/thumb/v6-m/crtbegin.o
 .text          0x0000000008000104       0x14 c:/st/stm32cubeide_1.0.2/stm32cubeide/plugins/com.st.stm32cube.ide.mcu.externaltools.gnu-tools-for-stm32.7-2018-q2-update.win32_1.0.0.201904181610/tools/bin/../lib/gcc/arm-none-eabi/7.3.1/../../../../arm-none-eabi/lib/thumb/v6-m\libc_nano.a(lib_a-strcmp.o)
                0x0000000008000104                strcmp
 .text          0x0000000008000118        0xe c:/st/stm32cubeide_1.0.2/stm32cubeide/plugins/com.st.stm32cube.ide.mcu.externaltools.gnu-tools-for-stm32.7-2018-q2-update.win32_1.0.0.201904181610/tools/bin/../lib/gcc/arm-none-eabi/7.3.1/../../../../arm-none-eabi/lib/thumb/v6-m\libc_nano.a(lib_a-strlen.o)
                0x0000000008000118                strlen
 *fill*         0x0000000008000126        0x2 
 .text          0x0000000008000128      0x114 c:/st/stm32cubeide_1.0.2/stm32cubeide/plugins/com.st.stm32cube.ide.mcu.externaltools.gnu-tools-for-stm32.7-2018-q2-update.win32_1.0.0.201904181610/tools/bin/../lib/gcc/arm-none-eabi/7.3.1/thumb/v6-m\libgcc.a(_udivsi3.o)
                0x0000000008000128                __aeabi_uidiv
                0x0000000008000128                __udivsi3
                0x0000000008000234                __aeabi_uidivmod
 .text          0x000000000800023c      0x1d4 c:/st/stm32cubeide_1.0.2/stm32cubeide/plugins/com.st.stm32cube.ide.mcu.externaltools.gnu-tools-for-stm32.7-2018-q2-update.win32_1.0.0.201904181610/tools/bin/../lib/gcc/arm-none-eabi/7.3.1/thumb/v6-m\libgcc.a(_divsi3.o)
                0x000000000800023c                __divsi3
                0x000000000800023c                __aeabi_idiv
                0x0000000008000408                __aeabi_idivmod
 .text          0x0000000008000410        0x4 c:/st/stm32cubeide_1.0.2/stm32cubeide/plugins/com.st.stm32cube.ide.mcu.externaltools.gnu-tools-for-stm32.7-2018-q2-update.win32_1.0.0.201904181610/tools/bin/../lib/gcc/arm-none-eabi/7.3.1/thumb/v6-m\libgcc.a(_dvmd_tls.o)
                0x0000000008000410                __aeabi_idiv0
                0x0000000008000410                __aeabi_ldiv0
 .text          0x0000000008000414       0x74 c:/st/stm32cubeide_1.0.2/stm32cubeide/plugins/com.st.stm32cube.ide.mcu.externaltools.gnu-tools-for-stm32.7-2018-q2-update.win32_1.0.0.201904181610/tools/bin/../lib/gcc/arm-none-eabi/7.3.1/thumb/v6-m\libgcc.a(_arm_cmpsf2.o)
                0x0000000008000414                __aeabi_cfrcmple
                0x000000000800041c                __aeabi_cfcmpeq
                0x000000000800041c                __aeabi_cfcmple
                0x000000000800042c                __aeabi_fcmpeq
                0x0000000008000438                __aeabi_fcmplt
                0x000000000800044c                __aeabi_fcmple
                0x0000000008000460                __aeabi_fcmpgt
                0x0000000008000474                __aeabi_fcmpge
 .text          0x0000000008000488       0x40 c:/st/stm32cubeide_1.0.2/stm32cubeide/plugins/com.st.stm32cube.ide.mcu.externaltools.gnu-tools-for-stm32.7-2018-q2-update.win32_1.0.0.201904181610/tools/bin/../lib/gcc/arm-none-eabi/7.3.1/thumb/v6-m\libgcc.a(_aeabi_uldivmod.o)
                0x0000000008000488                __aeabi_uldivmod
 .text          0x00000000080004c8       0x30 c:/st/stm32cubeide_1.0.2/stm32cubeide/plugins/com.st.stm32cube.ide.mcu.externaltools.gnu-tools-for-stm32.7-2018-q2-update.win32_1.0.0.201904181610/tools/bin/../lib/gcc/arm-none-eabi/7.3.1/thumb/v6-m\libgcc.a(_fixunssfsi.o)
                0x00000000080004c8                __fixunssfsi
                0x00000000080004c8                __aeabi_f2uiz
 .text          0x00000000080004f8      0x184 c:/st/stm32cubeide_1.0.2/stm32cubeide/plugins/com.st.stm32cube.ide.mcu.externaltools.gnu-tools-for-stm32.7-2018-q2-update.win32_1.0.0.201904181610/tools/bin/../lib/gcc/arm-none-eabi/7.3.1/thumb/v6-m\libgcc.a(_udivmoddi4.o)
                0x00000000080004f8                __udivmoddi4
 .text          0x000000000800067c      0x334 c:/st/stm32cubeide_1.0.2/stm32cubeide/plugins/com.st.stm32cube.ide.mcu.externaltools.gnu-tools-for-stm32.7-2018-q2-update.win32_1.0.0.201904181610/tools/bin/../lib/gcc/arm-none-eabi/7.3.1/thumb/v6-m\libgcc.a(addsf3.o)
                0x000000000800067c                __aeabi_fadd
 .text          0x00000000080009b0      0x224 c:/st/stm32cubeide_1.0.2/stm32cubeide/plugins/com.st.stm32cube.ide.mcu.externaltools.gnu-tools-for-stm32.7-2018-q2-update.win32_1.0.0.201904181610/tools/bin/../lib/gcc/arm-none-eabi/7.3.1/thumb/v6-m\libgcc.a(divsf3.o)
                0x00000000080009b0                __aeabi_fdiv
 .text          0x0000000008000bd4       0x50 c:/st/stm32cubeide_1.0.2/stm32cubeide/plugins/com.st.stm32cube.ide.mcu.externaltools.gnu-tools-for-stm32.7-2018-q2-update.win32_1.0.0.201904181610/tools/bin/../lib/gcc/arm-none-eabi/7.3.1/thumb/v6-m\libgcc.a(eqsf2.o)
                0x0000000008000bd4                __eqsf2
                0x0000000008000bd4                __nesf2
 .text          0x0000000008000c24       0x9c c:/st/stm32cubeide_1.0.2/stm32cubeide/plugins/com.st.stm32cube.ide.mcu.externaltools.gnu-tools-for-stm32.7-2018-q2-update.win32_1.0.0.201904181610/tools/bin/../lib/gcc/arm-none-eabi/7.3.1/thumb/v6-m\libgcc.a(gesf2.o)
                0x0000000008000c24                __gesf2
                0x0000000008000c24                __gtsf2
 .text          0x0000000008000cc0       0xa0 c:/st/stm32cubeide_1.0.2/stm32cubeide/plugins/com.st.stm32cube.ide.mcu.externaltools.gnu-tools-for-stm32.7-2018-q2-update.win32_1.0.0.201904181610/tools/bin/../lib/gcc/arm-none-eabi/7.3.1/thumb/v6-m\libgcc.a(lesf2.o)
                0x0000000008000cc0                __ltsf2
                0x0000000008000cc0                __lesf2
 .text          0x0000000008000d60      0x264 c:/st/stm32cubeide_1.0.2/stm32cubeide/plugins/com.st.stm32cube.ide.mcu.externaltools.gnu-tools-for-stm32.7-2018-q2-update.win32_1.0.0.201904181610/tools/bin/../lib/gcc/arm-none-eabi/7.3.1/thumb/v6-m\libgcc.a(mulsf3.o)
                0x0000000008000d60                __aeabi_fmul
 .text          0x0000000008000fc4      0x388 c:/st/stm32cubeide_1.0.2/stm32cubeide/plugins/com.st.stm32cube.ide.mcu.externaltools.gnu-tools-for-stm32.7-2018-q2-update.win32_1.0.0.201904181610/tools/bin/../lib/gcc/arm-none-eabi/7.3.1/thumb/v6-m\libgcc.a(subsf3.o)
                0x0000000008000fc4                __aeabi_fsub
 .text          0x000000000800134c       0x40 c:/st/stm32cubeide_1.0.2/stm32cubeide/plugins/com.st.stm32cube.ide.mcu.externaltools.gnu-tools-for-stm32.7-2018-q2-update.win32_1.0.0.201904181610/tools/bin/../lib/gcc/arm-none-eabi/7.3.1/thumb/v6-m\libgcc.a(fixsfsi.o)
                0x000000000800134c                __aeabi_f2iz
 .text          0x000000000800138c       0x94 c:/st/stm32cubeide_1.0.2/stm32cubeide/plugins/com.st.stm32cube.ide.mcu.externaltools.gnu-tools-for-stm32.7-2018-q2-update.win32_1.0.0.201904181610/tools/bin/../lib/gcc/arm-none-eabi/7.3.1/thumb/v6-m\libgcc.a(floatsisf.o)
                0x000000000800138c                __aeabi_i2f
 .text          0x0000000008001420       0x80 c:/st/stm32cubeide_1.0.2/stm32cubeide/plugins/com.st.stm32cube.ide.mcu.externaltools.gnu-tools-for-stm32.7-2018-q2-update.win32_1.0.0.201904181610/tools/bin/../lib/gcc/arm-none-eabi/7.3.1/thumb/v6-m\libgcc.a(floatunsisf.o)
                0x0000000008001420                __aeabi_ui2f
 .text          0x00000000080014a0      0x638 c:/st/stm32cubeide_1.0.2/stm32cubeide/plugins/com.st.stm32cube.ide.mcu.externaltools.gnu-tools-for-stm32.7-2018-q2-update.win32_1.0.0.201904181610/tools/bin/../lib/gcc/arm-none-eabi/7.3.1/thumb/v6-m\libgcc.a(adddf3.o)
                0x00000000080014a0                __aeabi_dadd
 .text          0x0000000008001ad8      0x4e4 c:/st/stm32cubeide_1.0.2/stm32cubeide/plugins/com.st.stm32cube.ide.mcu.externaltools.gnu-tools-for-stm32.7-2018-q2-update.win32_1.0.0.201904181610/tools/bin/../lib/gcc/arm-none-eabi/7.3.1/thumb/v6-m\libgcc.a(muldf3.o)
                0x0000000008001ad8                __aeabi_dmul
 .text          0x0000000008001fbc       0x74 c:/st/stm32cubeide_1.0.2/stm32cubeide/plugins/com.st.stm32cube.ide.mcu.externaltools.gnu-tools-for-stm32.7-2018-q2-update.win32_1.0.0.201904181610/tools/bin/../lib/gcc/arm-none-eabi/7.3.1/thumb/v6-m\libgcc.a(floatsidf.o)
                0x0000000008001fbc                __aeabi_i2d
 .text          0x0000000008002030      0x108 c:/st/stm32cubeide_1.0.2/stm32cubeide/plugins/com.st.stm32cube.ide.mcu.externaltools.gnu-tools-for-stm32.7-2018-q2-update.win32_1.0.0.201904181610/tools/bin/../lib/gcc/arm-none-eabi/7.3.1/thumb/v6-m\libgcc.a(truncdfsf2.o)
                0x0000000008002030                __aeabi_d2f
 .text          0x0000000008002138       0x3c c:/st/stm32cubeide_1.0.2/stm32cubeide/plugins/com.st.stm32cube.ide.mcu.externaltools.gnu-tools-for-stm32.7-2018-q2-update.win32_1.0.0.201904181610/tools/bin/../lib/gcc/arm-none-eabi/7.3.1/thumb/v6-m\libgcc.a(_clzsi2.o)
                0x0000000008002138                __clzsi2
 .text          0x0000000008002174       0x18 c:/st/stm32cubeide_1.0.2/stm32cubeide/plugins/com.st.stm32cube.ide.mcu.externaltools.gnu-tools-for-stm32.7-2018-q2-update.win32_1.0.0.201904181610/tools/bin/../lib/gcc/arm-none-eabi/7.3.1/thumb/v6-m\libgcc.a(_clzdi2.o)
                0x0000000008002174                __clzdi2
 *(.text*)
 .text.HAL_Init
                0x000000000800218c       0x40 Drivers/STM32G0xx_HAL_Driver/Src/stm32g0xx_hal.o
                0x000000000800218c                HAL_Init
 .text.HAL_InitTick
                0x00000000080021cc       0x94 Drivers/STM32G0xx_HAL_Driver/Src/stm32g0xx_hal.o
                0x00000000080021cc                HAL_InitTick
 .text.HAL_IncTick
                0x0000000008002260       0x20 Drivers/STM32G0xx_HAL_Driver/Src/stm32g0xx_hal.o
                0x0000000008002260                HAL_IncTick
 .text.HAL_GetTick
                0x0000000008002280       0x14 Drivers/STM32G0xx_HAL_Driver/Src/stm32g0xx_hal.o
                0x0000000008002280                HAL_GetTick
 .text.HAL_Delay
                0x0000000008002294       0x44 Drivers/STM32G0xx_HAL_Driver/Src/stm32g0xx_hal.o
                0x0000000008002294                HAL_Delay
 .text.__NVIC_EnableIRQ
                0x00000000080022d8       0x34 Drivers/STM32G0xx_HAL_Driver/Src/stm32g0xx_hal_cortex.o
 .text.__NVIC_DisableIRQ
                0x000000000800230c       0x40 Drivers/STM32G0xx_HAL_Driver/Src/stm32g0xx_hal_cortex.o
 .text.__NVIC_SetPriority
                0x000000000800234c       0xdc Drivers/STM32G0xx_HAL_Driver/Src/stm32g0xx_hal_cortex.o
 .text.SysTick_Config
                0x0000000008002428       0x48 Drivers/STM32G0xx_HAL_Driver/Src/stm32g0xx_hal_cortex.o
 .text.HAL_NVIC_SetPriority
                0x0000000008002470       0x2a Drivers/STM32G0xx_HAL_Driver/Src/stm32g0xx_hal_cortex.o
                0x0000000008002470                HAL_NVIC_SetPriority
 .text.HAL_NVIC_EnableIRQ
                0x000000000800249a       0x20 Drivers/STM32G0xx_HAL_Driver/Src/stm32g0xx_hal_cortex.o
                0x000000000800249a                HAL_NVIC_EnableIRQ
 .text.HAL_NVIC_DisableIRQ
                0x00000000080024ba       0x20 Drivers/STM32G0xx_HAL_Driver/Src/stm32g0xx_hal_cortex.o
                0x00000000080024ba                HAL_NVIC_DisableIRQ
 .text.HAL_SYSTICK_Config
                0x00000000080024da       0x1a Drivers/STM32G0xx_HAL_Driver/Src/stm32g0xx_hal_cortex.o
                0x00000000080024da                HAL_SYSTICK_Config
 .text.HAL_DMA_Abort_IT
                0x00000000080024f4       0xf4 Drivers/STM32G0xx_HAL_Driver/Src/stm32g0xx_hal_dma.o
                0x00000000080024f4                HAL_DMA_Abort_IT
 .text.HAL_GPIO_Init
                0x00000000080025e8      0x2c8 Drivers/STM32G0xx_HAL_Driver/Src/stm32g0xx_hal_gpio.o
                0x00000000080025e8                HAL_GPIO_Init
 .text.HAL_GPIO_DeInit
                0x00000000080028b0      0x1a0 Drivers/STM32G0xx_HAL_Driver/Src/stm32g0xx_hal_gpio.o
                0x00000000080028b0                HAL_GPIO_DeInit
 .text.HAL_GPIO_WritePin
                0x0000000008002a50       0x3a Drivers/STM32G0xx_HAL_Driver/Src/stm32g0xx_hal_gpio.o
                0x0000000008002a50                HAL_GPIO_WritePin
 *fill*         0x0000000008002a8a        0x2 
 .text.HAL_LPTIM_Init
                0x0000000008002a8c      0x12c Drivers/STM32G0xx_HAL_Driver/Src/stm32g0xx_hal_lptim.o
                0x0000000008002a8c                HAL_LPTIM_Init
 .text.HAL_LPTIM_TimeOut_Start_IT
                0x0000000008002bb8       0x78 Drivers/STM32G0xx_HAL_Driver/Src/stm32g0xx_hal_lptim.o
                0x0000000008002bb8                HAL_LPTIM_TimeOut_Start_IT
 .text.HAL_LPTIM_IRQHandler
                0x0000000008002c30      0x144 Drivers/STM32G0xx_HAL_Driver/Src/stm32g0xx_hal_lptim.o
                0x0000000008002c30                HAL_LPTIM_IRQHandler
 .text.HAL_LPTIM_AutoReloadMatchCallback
                0x0000000008002d74       0x10 Drivers/STM32G0xx_HAL_Driver/Src/stm32g0xx_hal_lptim.o
                0x0000000008002d74                HAL_LPTIM_AutoReloadMatchCallback
 .text.HAL_LPTIM_TriggerCallback
                0x0000000008002d84       0x10 Drivers/STM32G0xx_HAL_Driver/Src/stm32g0xx_hal_lptim.o
                0x0000000008002d84                HAL_LPTIM_TriggerCallback
 .text.HAL_LPTIM_CompareWriteCallback
                0x0000000008002d94       0x10 Drivers/STM32G0xx_HAL_Driver/Src/stm32g0xx_hal_lptim.o
                0x0000000008002d94                HAL_LPTIM_CompareWriteCallback
 .text.HAL_LPTIM_AutoReloadWriteCallback
                0x0000000008002da4       0x10 Drivers/STM32G0xx_HAL_Driver/Src/stm32g0xx_hal_lptim.o
                0x0000000008002da4                HAL_LPTIM_AutoReloadWriteCallback
 .text.HAL_LPTIM_DirectionUpCallback
                0x0000000008002db4       0x10 Drivers/STM32G0xx_HAL_Driver/Src/stm32g0xx_hal_lptim.o
                0x0000000008002db4                HAL_LPTIM_DirectionUpCallback
 .text.HAL_LPTIM_DirectionDownCallback
                0x0000000008002dc4       0x10 Drivers/STM32G0xx_HAL_Driver/Src/stm32g0xx_hal_lptim.o
                0x0000000008002dc4                HAL_LPTIM_DirectionDownCallback
 .text.HAL_PWREx_ControlVoltageScaling
                0x0000000008002dd4       0x80 Drivers/STM32G0xx_HAL_Driver/Src/stm32g0xx_hal_pwr_ex.o
                0x0000000008002dd4                HAL_PWREx_ControlVoltageScaling
 .text.LL_RCC_GetAPB1Prescaler
                0x0000000008002e54       0x18 Drivers/STM32G0xx_HAL_Driver/Src/stm32g0xx_hal_rcc.o
 .text.HAL_RCC_OscConfig
                0x0000000008002e6c      0x640 Drivers/STM32G0xx_HAL_Driver/Src/stm32g0xx_hal_rcc.o
                0x0000000008002e6c                HAL_RCC_OscConfig
 .text.HAL_RCC_ClockConfig
                0x00000000080034ac      0x210 Drivers/STM32G0xx_HAL_Driver/Src/stm32g0xx_hal_rcc.o
                0x00000000080034ac                HAL_RCC_ClockConfig
 .text.HAL_RCC_GetSysClockFreq
                0x00000000080036bc      0x104 Drivers/STM32G0xx_HAL_Driver/Src/stm32g0xx_hal_rcc.o
                0x00000000080036bc                HAL_RCC_GetSysClockFreq
 .text.HAL_RCC_GetHCLKFreq
                0x00000000080037c0       0x14 Drivers/STM32G0xx_HAL_Driver/Src/stm32g0xx_hal_rcc.o
                0x00000000080037c0                HAL_RCC_GetHCLKFreq
 .text.HAL_RCC_GetPCLK1Freq
                0x00000000080037d4       0x2c Drivers/STM32G0xx_HAL_Driver/Src/stm32g0xx_hal_rcc.o
                0x00000000080037d4                HAL_RCC_GetPCLK1Freq
 .text.HAL_RCCEx_PeriphCLKConfig
                0x0000000008003800      0x2f4 Drivers/STM32G0xx_HAL_Driver/Src/stm32g0xx_hal_rcc_ex.o
                0x0000000008003800                HAL_RCCEx_PeriphCLKConfig
 .text.HAL_UART_Init
                0x0000000008003af4       0xac Drivers/STM32G0xx_HAL_Driver/Src/stm32g0xx_hal_uart.o
                0x0000000008003af4                HAL_UART_Init
 .text.HAL_UART_DeInit
                0x0000000008003ba0       0x74 Drivers/STM32G0xx_HAL_Driver/Src/stm32g0xx_hal_uart.o
                0x0000000008003ba0                HAL_UART_DeInit
 .text.HAL_UART_Transmit
                0x0000000008003c14      0x156 Drivers/STM32G0xx_HAL_Driver/Src/stm32g0xx_hal_uart.o
                0x0000000008003c14                HAL_UART_Transmit
 *fill*         0x0000000008003d6a        0x2 
 .text.HAL_UART_Receive_IT
                0x0000000008003d6c      0x1e8 Drivers/STM32G0xx_HAL_Driver/Src/stm32g0xx_hal_uart.o
                0x0000000008003d6c                HAL_UART_Receive_IT
 .text.HAL_UART_IRQHandler
                0x0000000008003f54      0x2bc Drivers/STM32G0xx_HAL_Driver/Src/stm32g0xx_hal_uart.o
                0x0000000008003f54                HAL_UART_IRQHandler
 .text.HAL_UART_TxCpltCallback
                0x0000000008004210       0x10 Drivers/STM32G0xx_HAL_Driver/Src/stm32g0xx_hal_uart.o
                0x0000000008004210                HAL_UART_TxCpltCallback
 .text.HAL_UART_RxCpltCallback
                0x0000000008004220       0x10 Drivers/STM32G0xx_HAL_Driver/Src/stm32g0xx_hal_uart.o
                0x0000000008004220                HAL_UART_RxCpltCallback
 .text.HAL_UART_ErrorCallback
                0x0000000008004230       0x10 Drivers/STM32G0xx_HAL_Driver/Src/stm32g0xx_hal_uart.o
                0x0000000008004230                HAL_UART_ErrorCallback
 .text.UART_SetConfig
                0x0000000008004240     0x115c Drivers/STM32G0xx_HAL_Driver/Src/stm32g0xx_hal_uart.o
                0x0000000008004240                UART_SetConfig
 .text.UART_AdvFeatureConfig
                0x000000000800539c      0x168 Drivers/STM32G0xx_HAL_Driver/Src/stm32g0xx_hal_uart.o
                0x000000000800539c                UART_AdvFeatureConfig
 .text.UART_CheckIdleState
                0x0000000008005504       0x94 Drivers/STM32G0xx_HAL_Driver/Src/stm32g0xx_hal_uart.o
                0x0000000008005504                UART_CheckIdleState
 .text.UART_WaitOnFlagUntilTimeout
                0x0000000008005598       0x98 Drivers/STM32G0xx_HAL_Driver/Src/stm32g0xx_hal_uart.o
                0x0000000008005598                UART_WaitOnFlagUntilTimeout
 .text.UART_EndRxTransfer
                0x0000000008005630       0x48 Drivers/STM32G0xx_HAL_Driver/Src/stm32g0xx_hal_uart.o
 .text.UART_DMAAbortOnError
                0x0000000008005678       0x2e Drivers/STM32G0xx_HAL_Driver/Src/stm32g0xx_hal_uart.o
 .text.UART_EndTransmit_IT
                0x00000000080056a6       0x36 Drivers/STM32G0xx_HAL_Driver/Src/stm32g0xx_hal_uart.o
 .text.UART_RxISR_8BIT
                0x00000000080056dc       0xc0 Drivers/STM32G0xx_HAL_Driver/Src/stm32g0xx_hal_uart.o
 .text.UART_RxISR_16BIT
                0x000000000800579c       0xc0 Drivers/STM32G0xx_HAL_Driver/Src/stm32g0xx_hal_uart.o
 .text.UART_RxISR_8BIT_FIFOEN
                0x000000000800585c      0x13c Drivers/STM32G0xx_HAL_Driver/Src/stm32g0xx_hal_uart.o
 .text.UART_RxISR_16BIT_FIFOEN
                0x0000000008005998      0x13c Drivers/STM32G0xx_HAL_Driver/Src/stm32g0xx_hal_uart.o
 .text.HAL_UARTEx_WakeupCallback
                0x0000000008005ad4       0x10 Drivers/STM32G0xx_HAL_Driver/Src/stm32g0xx_hal_uart_ex.o
                0x0000000008005ad4                HAL_UARTEx_WakeupCallback
 .text.HAL_UARTEx_RxFifoFullCallback
                0x0000000008005ae4       0x10 Drivers/STM32G0xx_HAL_Driver/Src/stm32g0xx_hal_uart_ex.o
                0x0000000008005ae4                HAL_UARTEx_RxFifoFullCallback
 .text.HAL_UARTEx_TxFifoEmptyCallback
                0x0000000008005af4       0x10 Drivers/STM32G0xx_HAL_Driver/Src/stm32g0xx_hal_uart_ex.o
                0x0000000008005af4                HAL_UARTEx_TxFifoEmptyCallback
 .text.HAL_UARTEx_DisableFifoMode
                0x0000000008005b04       0x74 Drivers/STM32G0xx_HAL_Driver/Src/stm32g0xx_hal_uart_ex.o
                0x0000000008005b04                HAL_UARTEx_DisableFifoMode
 .text.HAL_UARTEx_SetTxFifoThreshold
                0x0000000008005b78       0x7e Drivers/STM32G0xx_HAL_Driver/Src/stm32g0xx_hal_uart_ex.o
                0x0000000008005b78                HAL_UARTEx_SetTxFifoThreshold
 *fill*         0x0000000008005bf6        0x2 
 .text.HAL_UARTEx_SetRxFifoThreshold
                0x0000000008005bf8       0x84 Drivers/STM32G0xx_HAL_Driver/Src/stm32g0xx_hal_uart_ex.o
                0x0000000008005bf8                HAL_UARTEx_SetRxFifoThreshold
 .text.UARTEx_SetNbDataToProcess
                0x0000000008005c7c       0xd4 Drivers/STM32G0xx_HAL_Driver/Src/stm32g0xx_hal_uart_ex.o
 .text.LL_PWR_EnableFlashPowerDownInStop
                0x0000000008005d50       0x1c Src/event.o
 .text.LL_PWR_SetPowerMode
                0x0000000008005d6c       0x28 Src/event.o
 .text.LL_PWR_EnableSRAMRetention
                0x0000000008005d94       0x1c Src/event.o
 .text.LL_LPM_EnableSleep
                0x0000000008005db0       0x1c Src/event.o
 .text.LL_LPM_EnableDeepSleep
                0x0000000008005dcc       0x1c Src/event.o
 .text.LL_LPM_DisableSleepOnExit
                0x0000000008005de8       0x1c Src/event.o
 .text.LL_LPM_EnableEventOnPend
                0x0000000008005e04       0x1c Src/event.o
 .text.eventWait
                0x0000000008005e20       0x5c Src/event.o
                0x0000000008005e20                eventWait
 .text.eventPollTimer
                0x0000000008005e7c       0x30 Src/event.o
                0x0000000008005e7c                eventPollTimer
 .text.event    0x0000000008005eac       0x20 Src/event.o
                0x0000000008005eac                event
 .text.eventOccurred
                0x0000000008005ecc       0x14 Src/event.o
                0x0000000008005ecc                eventOccurred
 .text.eventClear
                0x0000000008005ee0       0x24 Src/event.o
                0x0000000008005ee0                eventClear
 .text.eventSleep
                0x0000000008005f04       0xa4 Src/event.o
                0x0000000008005f04                eventSleep
 .text.setup    0x0000000008005fa8       0x50 Src/example.o
                0x0000000008005fa8                setup
 .text.loop     0x0000000008005ff8      0x160 Src/example.o
                0x0000000008005ff8                loop
 .text.main     0x0000000008006158       0x58 Src/main.o
                0x0000000008006158                main
 .text.SystemClock_Config
                0x00000000080061b0       0xe6 Src/main.o
                0x00000000080061b0                SystemClock_Config
 *fill*         0x0000000008006296        0x2 
 .text.MX_USART1_UART_Init
                0x0000000008006298       0xdc Src/main.o
                0x0000000008006298                MX_USART1_UART_Init
 .text.MY_UART_IRQHandler
                0x0000000008006374       0xa0 Src/main.o
                0x0000000008006374                MY_UART_IRQHandler
 .text.MX_USART1_UART_DeInit
                0x0000000008006414       0x30 Src/main.o
                0x0000000008006414                MX_USART1_UART_DeInit
 .text.MX_LPTIM1_Init
                0x0000000008006444       0x74 Src/main.o
                0x0000000008006444                MX_LPTIM1_Init
 .text.HAL_LPTIM_CompareMatchCallback
                0x00000000080064b8       0x28 Src/main.o
                0x00000000080064b8                HAL_LPTIM_CompareMatchCallback
 .text.MY_TimerMs
                0x00000000080064e0       0x14 Src/main.o
                0x00000000080064e0                MY_TimerMs
 .text.MX_GPIO_Init
                0x00000000080064f4      0x174 Src/main.o
                0x00000000080064f4                MX_GPIO_Init
 .text.HAL_GPIO_EXTI_Rising_Callback
                0x0000000008006668       0x24 Src/main.o
                0x0000000008006668                HAL_GPIO_EXTI_Rising_Callback
 .text.Error_Handler
                0x000000000800668c        0xa Src/main.o
                0x000000000800668c                Error_Handler
 .text.delay    0x0000000008006696       0x18 Src/main.o
                0x0000000008006696                delay
 .text.millis   0x00000000080066ae       0x10 Src/main.o
                0x00000000080066ae                millis
 .text.MY_Debug
                0x00000000080066be        0xc Src/main.o
                0x00000000080066be                MY_Debug
 .text.MY_Sleep_DeInit
                0x00000000080066ca       0x12 Src/main.o
                0x00000000080066ca                MY_Sleep_DeInit
 .text.noteSerialReset
                0x00000000080066dc       0x12 Src/main.o
                0x00000000080066dc                noteSerialReset
 *fill*         0x00000000080066ee        0x2 
 .text.noteSerialTransmit
                0x00000000080066f0       0x2c Src/main.o
                0x00000000080066f0                noteSerialTransmit
 .text.noteSerialAvailable
                0x000000000800671c       0x24 Src/main.o
                0x000000000800671c                noteSerialAvailable
 .text.noteSerialReceive
                0x0000000008006740       0x60 Src/main.o
                0x0000000008006740                noteSerialReceive
 .text.HAL_MspInit
                0x00000000080067a0       0x48 Src/stm32g0xx_hal_msp.o
                0x00000000080067a0                HAL_MspInit
 .text.HAL_UART_MspInit
                0x00000000080067e8       0xa8 Src/stm32g0xx_hal_msp.o
                0x00000000080067e8                HAL_UART_MspInit
 .text.HAL_UART_MspDeInit
                0x0000000008006890       0x48 Src/stm32g0xx_hal_msp.o
                0x0000000008006890                HAL_UART_MspDeInit
 .text.HAL_LPTIM_MspInit
                0x00000000080068d8       0x4c Src/stm32g0xx_hal_msp.o
                0x00000000080068d8                HAL_LPTIM_MspInit
 .text.NMI_Handler
                0x0000000008006924        0xa Src/stm32g0xx_it.o
                0x0000000008006924                NMI_Handler
 .text.HardFault_Handler
                0x000000000800692e        0x6 Src/stm32g0xx_it.o
                0x000000000800692e                HardFault_Handler
 .text.SVC_Handler
                0x0000000008006934        0xa Src/stm32g0xx_it.o
                0x0000000008006934                SVC_Handler
 .text.PendSV_Handler
                0x000000000800693e        0xa Src/stm32g0xx_it.o
                0x000000000800693e                PendSV_Handler
 .text.SysTick_Handler
                0x0000000008006948        0xe Src/stm32g0xx_it.o
                0x0000000008006948                SysTick_Handler
 *fill*         0x0000000008006956        0x2 
 .text.USART1_IRQHandler
                0x0000000008006958       0x20 Src/stm32g0xx_it.o
                0x0000000008006958                USART1_IRQHandler
 .text.MY_GPIO_EXTI_IRQHandler
                0x0000000008006978       0x68 Src/stm32g0xx_it.o
                0x0000000008006978                MY_GPIO_EXTI_IRQHandler
 .text.EXTI0_1_IRQHandler
                0x00000000080069e0       0x10 Src/stm32g0xx_it.o
                0x00000000080069e0                EXTI0_1_IRQHandler
 .text.EXTI2_3_IRQHandler
                0x00000000080069f0       0x10 Src/stm32g0xx_it.o
                0x00000000080069f0                EXTI2_3_IRQHandler
 .text.EXTI4_15_IRQHandler
                0x0000000008006a00       0x18 Src/stm32g0xx_it.o
                0x0000000008006a00                EXTI4_15_IRQHandler
 .text.LPTIM1_IRQHandler
                0x0000000008006a18       0x18 Src/stm32g0xx_it.o
                0x0000000008006a18                LPTIM1_IRQHandler
 .text._sbrk    0x0000000008006a30       0x58 Src/sysmem.o
                0x0000000008006a30                _sbrk
 .text.SystemInit
                0x0000000008006a88       0x18 Src/system_stm32g0xx.o
                0x0000000008006a88                SystemInit
 .text.SystemCoreClockUpdate
                0x0000000008006aa0      0x108 Src/system_stm32g0xx.o
                0x0000000008006aa0                SystemCoreClockUpdate
 .text.Reset_Handler
                0x0000000008006ba8       0x50 Startup/startup_stm32g031k8tx.o
                0x0000000008006ba8                Reset_Handler
 .text.Default_Handler
                0x0000000008006bf8        0x2 Startup/startup_stm32g031k8tx.o
                0x0000000008006bf8                TIM1_CC_IRQHandler
                0x0000000008006bf8                PVD_IRQHandler
                0x0000000008006bf8                I2C1_IRQHandler
                0x0000000008006bf8                LPTIM2_IRQHandler
                0x0000000008006bf8                RTC_TAMP_IRQHandler
                0x0000000008006bf8                SPI1_IRQHandler
                0x0000000008006bf8                DMA1_Ch4_5_DMAMUX1_OVR_IRQHandler
                0x0000000008006bf8                ADC1_IRQHandler
                0x0000000008006bf8                I2C2_IRQHandler
                0x0000000008006bf8                TIM17_IRQHandler
                0x0000000008006bf8                TIM16_IRQHandler
                0x0000000008006bf8                TIM3_IRQHandler
                0x0000000008006bf8                RCC_IRQHandler
                0x0000000008006bf8                DMA1_Channel1_IRQHandler
                0x0000000008006bf8                Default_Handler
                0x0000000008006bf8                TIM14_IRQHandler
                0x0000000008006bf8                SPI2_IRQHandler
                0x0000000008006bf8                WWDG_IRQHandler
                0x0000000008006bf8                LPUART1_IRQHandler
                0x0000000008006bf8                TIM2_IRQHandler
                0x0000000008006bf8                DMA1_Channel2_3_IRQHandler
                0x0000000008006bf8                USART2_IRQHandler
                0x0000000008006bf8                FLASH_IRQHandler
                0x0000000008006bf8                TIM1_BRK_UP_TRG_COM_IRQHandler
 *fill*         0x0000000008006bfa        0x2 
 .text.JAtoN    0x0000000008006bfc      0x274 note-c/n_atof.o
                0x0000000008006bfc                JAtoN
 .text.case_insensitive_strcmp
                0x0000000008006e70      0x120 note-c/n_cjson.o
 .text.Jstrdup  0x0000000008006f90       0x54 note-c/n_cjson.o
 .text.JFree    0x0000000008006fe4       0x18 note-c/n_cjson.o
                0x0000000008006fe4                JFree
 .text.JNew_Item
                0x0000000008006ffc       0x2c note-c/n_cjson.o
 .text.JDelete  0x0000000008007028       0x88 note-c/n_cjson.o
                0x0000000008007028                JDelete
 .text.get_decimal_point
                0x00000000080070b0        0xc note-c/n_cjson.o
 .text.parse_number
                0x00000000080070bc      0x150 note-c/n_cjson.o
 .text.ensure   0x000000000800720c      0x104 note-c/n_cjson.o
 .text.update_offset
                0x0000000008007310       0x44 note-c/n_cjson.o
 .text.print_number
                0x0000000008007354      0x124 note-c/n_cjson.o
 .text.parse_hex4
                0x0000000008007478       0xc0 note-c/n_cjson.o
 .text.utf16_literal_to_utf8
                0x0000000008007538      0x218 note-c/n_cjson.o
 .text.parse_string
                0x0000000008007750      0x220 note-c/n_cjson.o
 .text.htoa16   0x0000000008007970       0x76 note-c/n_cjson.o
                0x0000000008007970                htoa16
 *fill*         0x00000000080079e6        0x2 
 .text.print_string_ptr
                0x00000000080079e8      0x1fc note-c/n_cjson.o
 .text.print_string
                0x0000000008007be4       0x22 note-c/n_cjson.o
 .text.buffer_skip_whitespace
                0x0000000008007c06       0x66 note-c/n_cjson.o
 .text.skip_utf8_bom
                0x0000000008007c6c       0x68 note-c/n_cjson.o
 .text.JParseWithOpts
                0x0000000008007cd4      0x160 note-c/n_cjson.o
                0x0000000008007cd4                JParseWithOpts
 .text.JParse   0x0000000008007e34       0x1e note-c/n_cjson.o
                0x0000000008007e34                JParse
 *fill*         0x0000000008007e52        0x2 
 .text.print    0x0000000008007e54       0xec note-c/n_cjson.o
 .text.JPrintUnformatted
                0x0000000008007f40       0x1c note-c/n_cjson.o
                0x0000000008007f40                JPrintUnformatted
 .text.parse_value
                0x0000000008007f5c      0x1e0 note-c/n_cjson.o
 .text.print_value
                0x000000000800813c      0x17c note-c/n_cjson.o
 .text.parse_array
                0x00000000080082b8      0x188 note-c/n_cjson.o
 .text.print_array
                0x0000000008008440      0x11c note-c/n_cjson.o
 .text.parse_object
                0x000000000800855c      0x1fc note-c/n_cjson.o
 .text.print_object
                0x0000000008008758      0x252 note-c/n_cjson.o
 .text.get_object_item
                0x00000000080089aa       0x76 note-c/n_cjson.o
 .text.JGetObjectItem
                0x0000000008008a20       0x20 note-c/n_cjson.o
                0x0000000008008a20                JGetObjectItem
 .text.suffix_object
                0x0000000008008a40       0x1e note-c/n_cjson.o
 .text.add_item_to_array
                0x0000000008008a5e       0x56 note-c/n_cjson.o
 .text.cast_away_const
                0x0000000008008ab4       0x12 note-c/n_cjson.o
 *fill*         0x0000000008008ac6        0x2 
 .text.add_item_to_object
                0x0000000008008ac8       0xb0 note-c/n_cjson.o
 .text.JAddItemToObject
                0x0000000008008b78       0x20 note-c/n_cjson.o
                0x0000000008008b78                JAddItemToObject
 .text.JAddBoolToObject
                0x0000000008008b98       0x3e note-c/n_cjson.o
                0x0000000008008b98                JAddBoolToObject
 .text.JAddNumberToObject
                0x0000000008008bd6       0x3e note-c/n_cjson.o
                0x0000000008008bd6                JAddNumberToObject
 .text.JAddStringToObject
                0x0000000008008c14       0x3e note-c/n_cjson.o
                0x0000000008008c14                JAddStringToObject
 .text.JCreateBool
                0x0000000008008c52       0x30 note-c/n_cjson.o
                0x0000000008008c52                JCreateBool
 *fill*         0x0000000008008c82        0x2 
 .text.JCreateNumber
                0x0000000008008c84       0x6c note-c/n_cjson.o
                0x0000000008008c84                JCreateNumber
 .text.JCreateString
                0x0000000008008cf0       0x48 note-c/n_cjson.o
                0x0000000008008cf0                JCreateString
 .text.JCreateObject
                0x0000000008008d38       0x24 note-c/n_cjson.o
                0x0000000008008d38                JCreateObject
 .text.JIsNumber
                0x0000000008008d5c       0x2a note-c/n_cjson.o
                0x0000000008008d5c                JIsNumber
 .text.JIsString
                0x0000000008008d86       0x2a note-c/n_cjson.o
                0x0000000008008d86                JIsString
 .text.JGetNumber
                0x0000000008008db0       0x4a note-c/n_cjson_helpers.o
                0x0000000008008db0                JGetNumber
 .text.JIsNullString
                0x0000000008008dfa       0x62 note-c/n_cjson_helpers.o
                0x0000000008008dfa                JIsNullString
 .text.JNtoA    0x0000000008008e5c      0x2b8 note-c/n_ftoa.o
                0x0000000008008e5c                JNtoA
 .text.NoteSetFn
                0x0000000008009114       0x40 note-c/n_hooks.o
                0x0000000008009114                NoteSetFn
 .text.NoteSetFnSerial
                0x0000000008009154       0x64 note-c/n_hooks.o
                0x0000000008009154                NoteSetFnSerial
 .text.NoteFnGetMs
                0x00000000080091b8       0x24 note-c/n_hooks.o
                0x00000000080091b8                NoteFnGetMs
 .text.NoteFnDelayMs
                0x00000000080091dc       0x28 note-c/n_hooks.o
                0x00000000080091dc                NoteFnDelayMs
 .text.NoteFnMalloc
                0x0000000008009204       0x2c note-c/n_hooks.o
                0x0000000008009204                NoteFnMalloc
 .text.NoteFnFree
                0x0000000008009230       0x28 note-c/n_hooks.o
                0x0000000008009230                NoteFnFree
 .text.NoteFnLockNote
                0x0000000008009258       0x1c note-c/n_hooks.o
                0x0000000008009258                NoteFnLockNote
 .text.NoteFnUnlockNote
                0x0000000008009274       0x1c note-c/n_hooks.o
                0x0000000008009274                NoteFnUnlockNote
 .text.NoteFnSerialReset
                0x0000000008009290       0x28 note-c/n_hooks.o
                0x0000000008009290                NoteFnSerialReset
 .text.NoteFnSerialTransmit
                0x00000000080092b8       0x3c note-c/n_hooks.o
                0x00000000080092b8                NoteFnSerialTransmit
 .text.NoteFnSerialAvailable
                0x00000000080092f4       0x30 note-c/n_hooks.o
                0x00000000080092f4                NoteFnSerialAvailable
 .text.NoteFnSerialReceive
                0x0000000008009324       0x30 note-c/n_hooks.o
                0x0000000008009324                NoteFnSerialReceive
 .text.NoteFnNoteReset
                0x0000000008009354       0x24 note-c/n_hooks.o
                0x0000000008009354                NoteFnNoteReset
 .text.NoteFnTransaction
                0x0000000008009378       0x34 note-c/n_hooks.o
                0x0000000008009378                NoteFnTransaction
 .text.errDoc   0x00000000080093ac       0x30 note-c/n_request.o
 .text.NoteNewRequest
                0x00000000080093dc       0x30 note-c/n_request.o
                0x00000000080093dc                NoteNewRequest
 .text.NoteRequest
                0x000000000800940c       0x64 note-c/n_request.o
                0x000000000800940c                NoteRequest
 .text.NoteRequestResponse
                0x0000000008009470       0x42 note-c/n_request.o
                0x0000000008009470                NoteRequestResponse
 *fill*         0x00000000080094b2        0x2 
 .text.NoteTransaction
                0x00000000080094b4       0xd8 note-c/n_request.o
                0x00000000080094b4                NoteTransaction
 .text.NoteResetRequired
                0x000000000800958c       0x14 note-c/n_request.o
                0x000000000800958c                NoteResetRequired
 .text.NoteReset
                0x00000000080095a0       0x4c note-c/n_request.o
                0x00000000080095a0                NoteReset
 .text.serialNoteTransaction
                0x00000000080095ec      0x1e8 note-c/n_serial.o
                0x00000000080095ec                serialNoteTransaction
 .text.serialNoteReset
                0x00000000080097d4       0xcc note-c/n_serial.o
                0x00000000080097d4                serialNoteReset
 .text.__errno  0x00000000080098a0        0xc c:/st/stm32cubeide_1.0.2/stm32cubeide/plugins/com.st.stm32cube.ide.mcu.externaltools.gnu-tools-for-stm32.7-2018-q2-update.win32_1.0.0.201904181610/tools/bin/../lib/gcc/arm-none-eabi/7.3.1/../../../../arm-none-eabi/lib/thumb/v6-m\libc_nano.a(lib_a-errno.o)
                0x00000000080098a0                __errno
 .text.__libc_init_array
                0x00000000080098ac       0x48 c:/st/stm32cubeide_1.0.2/stm32cubeide/plugins/com.st.stm32cube.ide.mcu.externaltools.gnu-tools-for-stm32.7-2018-q2-update.win32_1.0.0.201904181610/tools/bin/../lib/gcc/arm-none-eabi/7.3.1/../../../../arm-none-eabi/lib/thumb/v6-m\libc_nano.a(lib_a-init.o)
                0x00000000080098ac                __libc_init_array
 .text.__locale_ctype_ptr
                0x00000000080098f4       0x1c c:/st/stm32cubeide_1.0.2/stm32cubeide/plugins/com.st.stm32cube.ide.mcu.externaltools.gnu-tools-for-stm32.7-2018-q2-update.win32_1.0.0.201904181610/tools/bin/../lib/gcc/arm-none-eabi/7.3.1/../../../../arm-none-eabi/lib/thumb/v6-m\libc_nano.a(lib_a-locale.o)
                0x00000000080098f4                __locale_ctype_ptr
 .text.malloc   0x0000000008009910       0x14 c:/st/stm32cubeide_1.0.2/stm32cubeide/plugins/com.st.stm32cube.ide.mcu.externaltools.gnu-tools-for-stm32.7-2018-q2-update.win32_1.0.0.201904181610/tools/bin/../lib/gcc/arm-none-eabi/7.3.1/../../../../arm-none-eabi/lib/thumb/v6-m\libc_nano.a(lib_a-malloc.o)
                0x0000000008009910                malloc
 .text.free     0x0000000008009924       0x14 c:/st/stm32cubeide_1.0.2/stm32cubeide/plugins/com.st.stm32cube.ide.mcu.externaltools.gnu-tools-for-stm32.7-2018-q2-update.win32_1.0.0.201904181610/tools/bin/../lib/gcc/arm-none-eabi/7.3.1/../../../../arm-none-eabi/lib/thumb/v6-m\libc_nano.a(lib_a-malloc.o)
                0x0000000008009924                free
 .text.__ascii_mbtowc
                0x0000000008009938       0x24 c:/st/stm32cubeide_1.0.2/stm32cubeide/plugins/com.st.stm32cube.ide.mcu.externaltools.gnu-tools-for-stm32.7-2018-q2-update.win32_1.0.0.201904181610/tools/bin/../lib/gcc/arm-none-eabi/7.3.1/../../../../arm-none-eabi/lib/thumb/v6-m\libc_nano.a(lib_a-mbtowc_r.o)
                0x0000000008009938                __ascii_mbtowc
 .text.memcpy   0x000000000800995c       0x12 c:/st/stm32cubeide_1.0.2/stm32cubeide/plugins/com.st.stm32cube.ide.mcu.externaltools.gnu-tools-for-stm32.7-2018-q2-update.win32_1.0.0.201904181610/tools/bin/../lib/gcc/arm-none-eabi/7.3.1/../../../../arm-none-eabi/lib/thumb/v6-m\libc_nano.a(lib_a-memcpy-stub.o)
                0x000000000800995c                memcpy
 .text.memset   0x000000000800996e       0x10 c:/st/stm32cubeide_1.0.2/stm32cubeide/plugins/com.st.stm32cube.ide.mcu.externaltools.gnu-tools-for-stm32.7-2018-q2-update.win32_1.0.0.201904181610/tools/bin/../lib/gcc/arm-none-eabi/7.3.1/../../../../arm-none-eabi/lib/thumb/v6-m\libc_nano.a(lib_a-memset.o)
                0x000000000800996e                memset
 *fill*         0x000000000800997e        0x2 
 .text._free_r  0x0000000008009980       0x94 c:/st/stm32cubeide_1.0.2/stm32cubeide/plugins/com.st.stm32cube.ide.mcu.externaltools.gnu-tools-for-stm32.7-2018-q2-update.win32_1.0.0.201904181610/tools/bin/../lib/gcc/arm-none-eabi/7.3.1/../../../../arm-none-eabi/lib/thumb/v6-m\libc_nano.a(lib_a-nano-freer.o)
                0x0000000008009980                _free_r
 .text._malloc_r
                0x0000000008009a14       0xbc c:/st/stm32cubeide_1.0.2/stm32cubeide/plugins/com.st.stm32cube.ide.mcu.externaltools.gnu-tools-for-stm32.7-2018-q2-update.win32_1.0.0.201904181610/tools/bin/../lib/gcc/arm-none-eabi/7.3.1/../../../../arm-none-eabi/lib/thumb/v6-m\libc_nano.a(lib_a-nano-mallocr.o)
                0x0000000008009a14                _malloc_r
 .text._sbrk_r  0x0000000008009ad0       0x24 c:/st/stm32cubeide_1.0.2/stm32cubeide/plugins/com.st.stm32cube.ide.mcu.externaltools.gnu-tools-for-stm32.7-2018-q2-update.win32_1.0.0.201904181610/tools/bin/../lib/gcc/arm-none-eabi/7.3.1/../../../../arm-none-eabi/lib/thumb/v6-m\libc_nano.a(lib_a-sbrkr.o)
                0x0000000008009ad0                _sbrk_r
 .text.strchr   0x0000000008009af4       0x1c c:/st/stm32cubeide_1.0.2/stm32cubeide/plugins/com.st.stm32cube.ide.mcu.externaltools.gnu-tools-for-stm32.7-2018-q2-update.win32_1.0.0.201904181610/tools/bin/../lib/gcc/arm-none-eabi/7.3.1/../../../../arm-none-eabi/lib/thumb/v6-m\libc_nano.a(lib_a-strchr.o)
                0x0000000008009af4                strchr
 .text.strncmp  0x0000000008009b10       0x22 c:/st/stm32cubeide_1.0.2/stm32cubeide/plugins/com.st.stm32cube.ide.mcu.externaltools.gnu-tools-for-stm32.7-2018-q2-update.win32_1.0.0.201904181610/tools/bin/../lib/gcc/arm-none-eabi/7.3.1/../../../../arm-none-eabi/lib/thumb/v6-m\libc_nano.a(lib_a-strncmp.o)
                0x0000000008009b10                strncmp
 .text.__ascii_wctomb
                0x0000000008009b32       0x18 c:/st/stm32cubeide_1.0.2/stm32cubeide/plugins/com.st.stm32cube.ide.mcu.externaltools.gnu-tools-for-stm32.7-2018-q2-update.win32_1.0.0.201904181610/tools/bin/../lib/gcc/arm-none-eabi/7.3.1/../../../../arm-none-eabi/lib/thumb/v6-m\libc_nano.a(lib_a-wctomb_r.o)
                0x0000000008009b32                __ascii_wctomb
 .text.__malloc_lock
                0x0000000008009b4a        0x2 c:/st/stm32cubeide_1.0.2/stm32cubeide/plugins/com.st.stm32cube.ide.mcu.externaltools.gnu-tools-for-stm32.7-2018-q2-update.win32_1.0.0.201904181610/tools/bin/../lib/gcc/arm-none-eabi/7.3.1/../../../../arm-none-eabi/lib/thumb/v6-m\libc_nano.a(lib_a-mlock.o)
                0x0000000008009b4a                __malloc_lock
 .text.__malloc_unlock
                0x0000000008009b4c        0x2 c:/st/stm32cubeide_1.0.2/stm32cubeide/plugins/com.st.stm32cube.ide.mcu.externaltools.gnu-tools-for-stm32.7-2018-q2-update.win32_1.0.0.201904181610/tools/bin/../lib/gcc/arm-none-eabi/7.3.1/../../../../arm-none-eabi/lib/thumb/v6-m\libc_nano.a(lib_a-mlock.o)
                0x0000000008009b4c                __malloc_unlock
 *(.glue_7)
 .glue_7        0x0000000008009b4e        0x0 linker stubs
 *(.glue_7t)
 .glue_7t       0x0000000008009b4e        0x0 linker stubs
 *(.eh_frame)
 *fill*         0x0000000008009b4e        0x2 
 .eh_frame      0x0000000008009b50        0x0 c:/st/stm32cubeide_1.0.2/stm32cubeide/plugins/com.st.stm32cube.ide.mcu.externaltools.gnu-tools-for-stm32.7-2018-q2-update.win32_1.0.0.201904181610/tools/bin/../lib/gcc/arm-none-eabi/7.3.1/thumb/v6-m/crtbegin.o
 *(.init)
 .init          0x0000000008009b50        0x4 c:/st/stm32cubeide_1.0.2/stm32cubeide/plugins/com.st.stm32cube.ide.mcu.externaltools.gnu-tools-for-stm32.7-2018-q2-update.win32_1.0.0.201904181610/tools/bin/../lib/gcc/arm-none-eabi/7.3.1/thumb/v6-m/crti.o
                0x0000000008009b50                _init
 .init          0x0000000008009b54        0x8 c:/st/stm32cubeide_1.0.2/stm32cubeide/plugins/com.st.stm32cube.ide.mcu.externaltools.gnu-tools-for-stm32.7-2018-q2-update.win32_1.0.0.201904181610/tools/bin/../lib/gcc/arm-none-eabi/7.3.1/thumb/v6-m/crtn.o
 *(.fini)
 .fini          0x0000000008009b5c        0x4 c:/st/stm32cubeide_1.0.2/stm32cubeide/plugins/com.st.stm32cube.ide.mcu.externaltools.gnu-tools-for-stm32.7-2018-q2-update.win32_1.0.0.201904181610/tools/bin/../lib/gcc/arm-none-eabi/7.3.1/thumb/v6-m/crti.o
                0x0000000008009b5c                _fini
 .fini          0x0000000008009b60        0x8 c:/st/stm32cubeide_1.0.2/stm32cubeide/plugins/com.st.stm32cube.ide.mcu.externaltools.gnu-tools-for-stm32.7-2018-q2-update.win32_1.0.0.201904181610/tools/bin/../lib/gcc/arm-none-eabi/7.3.1/thumb/v6-m/crtn.o
                0x0000000008009b68                . = ALIGN (0x4)
                0x0000000008009b68                _etext = .

.vfp11_veneer   0x0000000008009b68        0x0
 .vfp11_veneer  0x0000000008009b68        0x0 linker stubs

.v4_bx          0x0000000008009b68        0x0
 .v4_bx         0x0000000008009b68        0x0 linker stubs

.iplt           0x0000000008009b68        0x0
 .iplt          0x0000000008009b68        0x0 c:/st/stm32cubeide_1.0.2/stm32cubeide/plugins/com.st.stm32cube.ide.mcu.externaltools.gnu-tools-for-stm32.7-2018-q2-update.win32_1.0.0.201904181610/tools/bin/../lib/gcc/arm-none-eabi/7.3.1/thumb/v6-m/crtbegin.o

.rodata         0x0000000008009b68      0x6a4
                0x0000000008009b68                . = ALIGN (0x4)
 *(.rodata)
 .rodata        0x0000000008009b68       0x10 Drivers/STM32G0xx_HAL_Driver/Src/stm32g0xx_hal_uart_ex.o
 .rodata        0x0000000008009b78       0xc1 Src/example.o
 *fill*         0x0000000008009c39        0x3 
 .rodata        0x0000000008009c3c       0x25 note-c/n_cjson.o
 *fill*         0x0000000008009c61        0x3 
 .rodata        0x0000000008009c64       0x29 note-c/n_hooks.o
 *fill*         0x0000000008009c8d        0x3 
 .rodata        0x0000000008009c90       0x40 note-c/n_request.o
 .rodata        0x0000000008009cd0       0x63 note-c/n_serial.o
 *fill*         0x0000000008009d33        0x1 
 .rodata        0x0000000008009d34       0x80 c:/st/stm32cubeide_1.0.2/stm32cubeide/plugins/com.st.stm32cube.ide.mcu.externaltools.gnu-tools-for-stm32.7-2018-q2-update.win32_1.0.0.201904181610/tools/bin/../lib/gcc/arm-none-eabi/7.3.1/thumb/v6-m\libgcc.a(divsf3.o)
 .rodata        0x0000000008009db4       0x40 c:/st/stm32cubeide_1.0.2/stm32cubeide/plugins/com.st.stm32cube.ide.mcu.externaltools.gnu-tools-for-stm32.7-2018-q2-update.win32_1.0.0.201904181610/tools/bin/../lib/gcc/arm-none-eabi/7.3.1/thumb/v6-m\libgcc.a(mulsf3.o)
 .rodata        0x0000000008009df4       0x40 c:/st/stm32cubeide_1.0.2/stm32cubeide/plugins/com.st.stm32cube.ide.mcu.externaltools.gnu-tools-for-stm32.7-2018-q2-update.win32_1.0.0.201904181610/tools/bin/../lib/gcc/arm-none-eabi/7.3.1/thumb/v6-m\libgcc.a(muldf3.o)
 *(.rodata*)
 .rodata.AHBPrescTable
                0x0000000008009e34       0x40 Src/system_stm32g0xx.o
                0x0000000008009e34                AHBPrescTable
 .rodata.APBPrescTable
                0x0000000008009e74       0x20 Src/system_stm32g0xx.o
                0x0000000008009e74                APBPrescTable
 .rodata.parse_number
                0x0000000008009e94       0xec note-c/n_cjson.o
 .rodata.parse_string
                0x0000000008009f80      0x150 note-c/n_cjson.o
 .rodata.default_buffer_size.7186
                0x000000000800a0d0        0x4 note-c/n_cjson.o
 .rodata.rounders
                0x000000000800a0d4       0x2c note-c/n_ftoa.o
 .rodata._setlocale_r.str1.1
                0x000000000800a100        0x8 c:/st/stm32cubeide_1.0.2/stm32cubeide/plugins/com.st.stm32cube.ide.mcu.externaltools.gnu-tools-for-stm32.7-2018-q2-update.win32_1.0.0.201904181610/tools/bin/../lib/gcc/arm-none-eabi/7.3.1/../../../../arm-none-eabi/lib/thumb/v6-m\libc_nano.a(lib_a-locale.o)
                                          0x9 (size before relaxing)
 .rodata.str1.1
                0x000000000800a108        0x2 c:/st/stm32cubeide_1.0.2/stm32cubeide/plugins/com.st.stm32cube.ide.mcu.externaltools.gnu-tools-for-stm32.7-2018-q2-update.win32_1.0.0.201904181610/tools/bin/../lib/gcc/arm-none-eabi/7.3.1/../../../../arm-none-eabi/lib/thumb/v6-m\libc_nano.a(lib_a-locale.o)
 .rodata._ctype_
                0x000000000800a10a      0x101 c:/st/stm32cubeide_1.0.2/stm32cubeide/plugins/com.st.stm32cube.ide.mcu.externaltools.gnu-tools-for-stm32.7-2018-q2-update.win32_1.0.0.201904181610/tools/bin/../lib/gcc/arm-none-eabi/7.3.1/../../../../arm-none-eabi/lib/thumb/v6-m\libc_nano.a(lib_a-ctype_.o)
                0x000000000800a10a                _ctype_
                0x000000000800a20c                . = ALIGN (0x4)
 *fill*         0x000000000800a20b        0x1 

.ARM.extab      0x000000000800a20c        0x0
                0x000000000800a20c                . = ALIGN (0x4)
 *(.ARM.extab* .gnu.linkonce.armextab.*)
                0x000000000800a20c                . = ALIGN (0x4)

.ARM            0x000000000800a20c        0x8
                0x000000000800a20c                . = ALIGN (0x4)
                0x000000000800a20c                __exidx_start = .
 *(.ARM.exidx*)
 .ARM.exidx     0x000000000800a20c        0x8 c:/st/stm32cubeide_1.0.2/stm32cubeide/plugins/com.st.stm32cube.ide.mcu.externaltools.gnu-tools-for-stm32.7-2018-q2-update.win32_1.0.0.201904181610/tools/bin/../lib/gcc/arm-none-eabi/7.3.1/thumb/v6-m\libgcc.a(_udivmoddi4.o)
                0x000000000800a214                __exidx_end = .
                0x000000000800a214                . = ALIGN (0x4)

.rel.dyn        0x000000000800a214        0x0
 .rel.iplt      0x000000000800a214        0x0 c:/st/stm32cubeide_1.0.2/stm32cubeide/plugins/com.st.stm32cube.ide.mcu.externaltools.gnu-tools-for-stm32.7-2018-q2-update.win32_1.0.0.201904181610/tools/bin/../lib/gcc/arm-none-eabi/7.3.1/thumb/v6-m/crtbegin.o

.preinit_array  0x000000000800a214        0x0
                0x000000000800a214                . = ALIGN (0x4)
                0x000000000800a214                PROVIDE (__preinit_array_start = .)
 *(.preinit_array*)
                0x000000000800a214                PROVIDE (__preinit_array_end = .)
                0x000000000800a214                . = ALIGN (0x4)

.init_array     0x000000000800a214        0x4
                0x000000000800a214                . = ALIGN (0x4)
                0x000000000800a214                PROVIDE (__init_array_start = .)
 *(SORT_BY_NAME(.init_array.*))
 *(.init_array*)
 .init_array    0x000000000800a214        0x4 c:/st/stm32cubeide_1.0.2/stm32cubeide/plugins/com.st.stm32cube.ide.mcu.externaltools.gnu-tools-for-stm32.7-2018-q2-update.win32_1.0.0.201904181610/tools/bin/../lib/gcc/arm-none-eabi/7.3.1/thumb/v6-m/crtbegin.o
                0x000000000800a218                PROVIDE (__init_array_end = .)
                0x000000000800a218                . = ALIGN (0x4)

.fini_array     0x000000000800a218        0x4
                0x000000000800a218                . = ALIGN (0x4)
                [!provide]                        PROVIDE (__fini_array_start = .)
 *(SORT_BY_NAME(.fini_array.*))
 *(.fini_array*)
 .fini_array    0x000000000800a218        0x4 c:/st/stm32cubeide_1.0.2/stm32cubeide/plugins/com.st.stm32cube.ide.mcu.externaltools.gnu-tools-for-stm32.7-2018-q2-update.win32_1.0.0.201904181610/tools/bin/../lib/gcc/arm-none-eabi/7.3.1/thumb/v6-m/crtbegin.o
                [!provide]                        PROVIDE (__fini_array_end = .)
                0x000000000800a21c                . = ALIGN (0x4)
                0x000000000800a21c                _sidata = LOADADDR (.data)

.data           0x0000000020000000      0x200 load address 0x000000000800a21c
                0x0000000020000000                . = ALIGN (0x4)
                0x0000000020000000                _sdata = .
 *(.data)
 *(.data*)
 .data.uwTickPrio
                0x0000000020000000        0x4 Drivers/STM32G0xx_HAL_Driver/Src/stm32g0xx_hal.o
                0x0000000020000000                uwTickPrio
 .data.uwTickFreq
                0x0000000020000004        0x4 Drivers/STM32G0xx_HAL_Driver/Src/stm32g0xx_hal.o
                0x0000000020000004                uwTickFreq
 .data.SystemCoreClock
                0x0000000020000008        0x4 Src/system_stm32g0xx.o
                0x0000000020000008                SystemCoreClock
 .data.maxExponent
                0x000000002000000c        0x4 note-c/n_atof.o
 .data.powersOf10
                0x0000000020000010       0x1c note-c/n_atof.o
 .data.resetRequired
                0x000000002000002c        0x1 note-c/n_request.o
 *fill*         0x000000002000002d        0x3 
 .data._impure_ptr
                0x0000000020000030        0x4 c:/st/stm32cubeide_1.0.2/stm32cubeide/plugins/com.st.stm32cube.ide.mcu.externaltools.gnu-tools-for-stm32.7-2018-q2-update.win32_1.0.0.201904181610/tools/bin/../lib/gcc/arm-none-eabi/7.3.1/../../../../arm-none-eabi/lib/thumb/v6-m\libc_nano.a(lib_a-impure.o)
                0x0000000020000030                _impure_ptr
 .data.impure_data
                0x0000000020000034       0x60 c:/st/stm32cubeide_1.0.2/stm32cubeide/plugins/com.st.stm32cube.ide.mcu.externaltools.gnu-tools-for-stm32.7-2018-q2-update.win32_1.0.0.201904181610/tools/bin/../lib/gcc/arm-none-eabi/7.3.1/../../../../arm-none-eabi/lib/thumb/v6-m\libc_nano.a(lib_a-impure.o)
 .data.__global_locale
                0x0000000020000094      0x16c c:/st/stm32cubeide_1.0.2/stm32cubeide/plugins/com.st.stm32cube.ide.mcu.externaltools.gnu-tools-for-stm32.7-2018-q2-update.win32_1.0.0.201904181610/tools/bin/../lib/gcc/arm-none-eabi/7.3.1/../../../../arm-none-eabi/lib/thumb/v6-m\libc_nano.a(lib_a-locale.o)
                0x0000000020000094                __global_locale
                0x0000000020000200                . = ALIGN (0x4)
                0x0000000020000200                _edata = .

.igot.plt       0x0000000020000200        0x0 load address 0x000000000800a41c
 .igot.plt      0x0000000020000200        0x0 c:/st/stm32cubeide_1.0.2/stm32cubeide/plugins/com.st.stm32cube.ide.mcu.externaltools.gnu-tools-for-stm32.7-2018-q2-update.win32_1.0.0.201904181610/tools/bin/../lib/gcc/arm-none-eabi/7.3.1/thumb/v6-m/crtbegin.o
                0x0000000020000200                . = ALIGN (0x4)

.bss            0x0000000020000200      0x354 load address 0x000000000800a41c
                0x0000000020000200                _sbss = .
                0x0000000020000200                __bss_start__ = _sbss
 *(.bss)
 .bss           0x0000000020000200       0x1c c:/st/stm32cubeide_1.0.2/stm32cubeide/plugins/com.st.stm32cube.ide.mcu.externaltools.gnu-tools-for-stm32.7-2018-q2-update.win32_1.0.0.201904181610/tools/bin/../lib/gcc/arm-none-eabi/7.3.1/thumb/v6-m/crtbegin.o
 *(.bss*)
 .bss.eventsThatHappened
                0x000000002000021c        0x4 Src/event.o
 .bss.eventTimerExpiresMs
                0x0000000020000220        0x4 Src/event.o
 .bss.eventCounter.6876
                0x0000000020000224        0x4 Src/example.o
 .bss.uart1Initialized
                0x0000000020000228        0x1 Src/main.o
                0x0000000020000228                uart1Initialized
 *fill*         0x0000000020000229        0x3 
 .bss.totalTimerMs
                0x000000002000022c        0x4 Src/main.o
                0x000000002000022c                totalTimerMs
 .bss.serialFillIndex
                0x0000000020000230        0x4 Src/main.o
                0x0000000020000230                serialFillIndex
 .bss.serialDrainIndex
                0x0000000020000234        0x4 Src/main.o
                0x0000000020000234                serialDrainIndex
 .bss.serialOverruns
                0x0000000020000238        0x4 Src/main.o
                0x0000000020000238                serialOverruns
 .bss.heap_end.5149
                0x000000002000023c        0x4 Src/sysmem.o
 .bss.global_error
                0x0000000020000240        0x8 note-c/n_cjson.o
 .bss.hookLockNote
                0x0000000020000248        0x4 note-c/n_hooks.o
                0x0000000020000248                hookLockNote
 .bss.hookUnlockNote
                0x000000002000024c        0x4 note-c/n_hooks.o
                0x000000002000024c                hookUnlockNote
 .bss.hookMalloc
                0x0000000020000250        0x4 note-c/n_hooks.o
                0x0000000020000250                hookMalloc
 .bss.hookFree  0x0000000020000254        0x4 note-c/n_hooks.o
                0x0000000020000254                hookFree
 .bss.hookDelayMs
                0x0000000020000258        0x4 note-c/n_hooks.o
                0x0000000020000258                hookDelayMs
 .bss.hookGetMs
                0x000000002000025c        0x4 note-c/n_hooks.o
                0x000000002000025c                hookGetMs
 .bss.hookActiveInterface
                0x0000000020000260        0x4 note-c/n_hooks.o
                0x0000000020000260                hookActiveInterface
 .bss.hookSerialReset
                0x0000000020000264        0x4 note-c/n_hooks.o
                0x0000000020000264                hookSerialReset
 .bss.hookSerialTransmit
                0x0000000020000268        0x4 note-c/n_hooks.o
                0x0000000020000268                hookSerialTransmit
 .bss.hookSerialAvailable
                0x000000002000026c        0x4 note-c/n_hooks.o
                0x000000002000026c                hookSerialAvailable
 .bss.hookSerialReceive
                0x0000000020000270        0x4 note-c/n_hooks.o
                0x0000000020000270                hookSerialReceive
 .bss.notecardReset
                0x0000000020000274        0x4 note-c/n_hooks.o
 .bss.notecardTransaction
                0x0000000020000278        0x4 note-c/n_hooks.o
 .bss.__malloc_free_list
                0x000000002000027c        0x4 c:/st/stm32cubeide_1.0.2/stm32cubeide/plugins/com.st.stm32cube.ide.mcu.externaltools.gnu-tools-for-stm32.7-2018-q2-update.win32_1.0.0.201904181610/tools/bin/../lib/gcc/arm-none-eabi/7.3.1/../../../../arm-none-eabi/lib/thumb/v6-m\libc_nano.a(lib_a-nano-mallocr.o)
                0x000000002000027c                __malloc_free_list
 .bss.__malloc_sbrk_start
                0x0000000020000280        0x4 c:/st/stm32cubeide_1.0.2/stm32cubeide/plugins/com.st.stm32cube.ide.mcu.externaltools.gnu-tools-for-stm32.7-2018-q2-update.win32_1.0.0.201904181610/tools/bin/../lib/gcc/arm-none-eabi/7.3.1/../../../../arm-none-eabi/lib/thumb/v6-m\libc_nano.a(lib_a-nano-mallocr.o)
                0x0000000020000280                __malloc_sbrk_start
 *(COMMON)
 COMMON         0x0000000020000284        0x4 Drivers/STM32G0xx_HAL_Driver/Src/stm32g0xx_hal.o
                0x0000000020000284                uwTick
 COMMON         0x0000000020000288      0x2c5 Src/main.o
                0x0000000020000288                huart1
                0x0000000020000314                hlptim1
                0x000000002000034c                serialBuffer
                0x000000002000054c                serialInterruptBuffer
 *fill*         0x000000002000054d        0x3 
 COMMON         0x0000000020000550        0x4 c:/st/stm32cubeide_1.0.2/stm32cubeide/plugins/com.st.stm32cube.ide.mcu.externaltools.gnu-tools-for-stm32.7-2018-q2-update.win32_1.0.0.201904181610/tools/bin/../lib/gcc/arm-none-eabi/7.3.1/../../../../arm-none-eabi/lib/thumb/v6-m\libc_nano.a(lib_a-reent.o)
                0x0000000020000550                errno
                0x0000000020000554                . = ALIGN (0x4)
                0x0000000020000554                _ebss = .
                0x0000000020000554                __bss_end__ = _ebss

._user_heap_stack
                0x0000000020000554      0x604 load address 0x000000000800a41c
                0x0000000020000558                . = ALIGN (0x8)
 *fill*         0x0000000020000554        0x4 
                0x0000000020000558                PROVIDE (end = .)
                [!provide]                        PROVIDE (_end = .)
                0x0000000020000758                . = (. + _Min_Heap_Size)
 *fill*         0x0000000020000558      0x200 
                0x0000000020000b58                . = (. + _Min_Stack_Size)
 *fill*         0x0000000020000758      0x400 
                0x0000000020000b58                . = ALIGN (0x8)

/DISCARD/
 libc.a(*)
 libm.a(*)
 libgcc.a(*)

.ARM.attributes
                0x0000000000000000       0x28
 *(.ARM.attributes)
 .ARM.attributes
                0x0000000000000000       0x1e c:/st/stm32cubeide_1.0.2/stm32cubeide/plugins/com.st.stm32cube.ide.mcu.externaltools.gnu-tools-for-stm32.7-2018-q2-update.win32_1.0.0.201904181610/tools/bin/../lib/gcc/arm-none-eabi/7.3.1/thumb/v6-m/crti.o
 .ARM.attributes
                0x000000000000001e       0x2c c:/st/stm32cubeide_1.0.2/stm32cubeide/plugins/com.st.stm32cube.ide.mcu.externaltools.gnu-tools-for-stm32.7-2018-q2-update.win32_1.0.0.201904181610/tools/bin/../lib/gcc/arm-none-eabi/7.3.1/thumb/v6-m/crtbegin.o
 .ARM.attributes
                0x000000000000004a       0x32 Drivers/STM32G0xx_HAL_Driver/Src/stm32g0xx_hal.o
 .ARM.attributes
                0x000000000000007c       0x32 Drivers/STM32G0xx_HAL_Driver/Src/stm32g0xx_hal_cortex.o
 .ARM.attributes
                0x00000000000000ae       0x32 Drivers/STM32G0xx_HAL_Driver/Src/stm32g0xx_hal_dma.o
 .ARM.attributes
                0x00000000000000e0       0x32 Drivers/STM32G0xx_HAL_Driver/Src/stm32g0xx_hal_gpio.o
 .ARM.attributes
                0x0000000000000112       0x32 Drivers/STM32G0xx_HAL_Driver/Src/stm32g0xx_hal_lptim.o
 .ARM.attributes
                0x0000000000000144       0x32 Drivers/STM32G0xx_HAL_Driver/Src/stm32g0xx_hal_pwr_ex.o
 .ARM.attributes
                0x0000000000000176       0x32 Drivers/STM32G0xx_HAL_Driver/Src/stm32g0xx_hal_rcc.o
 .ARM.attributes
                0x00000000000001a8       0x32 Drivers/STM32G0xx_HAL_Driver/Src/stm32g0xx_hal_rcc_ex.o
 .ARM.attributes
                0x00000000000001da       0x32 Drivers/STM32G0xx_HAL_Driver/Src/stm32g0xx_hal_uart.o
 .ARM.attributes
                0x000000000000020c       0x32 Drivers/STM32G0xx_HAL_Driver/Src/stm32g0xx_hal_uart_ex.o
 .ARM.attributes
                0x000000000000023e       0x32 Src/event.o
 .ARM.attributes
                0x0000000000000270       0x32 Src/example.o
 .ARM.attributes
                0x00000000000002a2       0x32 Src/main.o
 .ARM.attributes
                0x00000000000002d4       0x32 Src/stm32g0xx_hal_msp.o
 .ARM.attributes
                0x0000000000000306       0x32 Src/stm32g0xx_it.o
 .ARM.attributes
                0x0000000000000338       0x32 Src/sysmem.o
 .ARM.attributes
                0x000000000000036a       0x32 Src/system_stm32g0xx.o
 .ARM.attributes
                0x000000000000039c       0x21 Startup/startup_stm32g031k8tx.o
 .ARM.attributes
                0x00000000000003bd       0x32 note-c/n_atof.o
 .ARM.attributes
                0x00000000000003ef       0x32 note-c/n_cjson.o
 .ARM.attributes
                0x0000000000000421       0x32 note-c/n_cjson_helpers.o
 .ARM.attributes
                0x0000000000000453       0x32 note-c/n_ftoa.o
 .ARM.attributes
                0x0000000000000485       0x32 note-c/n_hooks.o
 .ARM.attributes
                0x00000000000004b7       0x32 note-c/n_request.o
 .ARM.attributes
                0x00000000000004e9       0x32 note-c/n_serial.o
 .ARM.attributes
                0x000000000000051b       0x2c c:/st/stm32cubeide_1.0.2/stm32cubeide/plugins/com.st.stm32cube.ide.mcu.externaltools.gnu-tools-for-stm32.7-2018-q2-update.win32_1.0.0.201904181610/tools/bin/../lib/gcc/arm-none-eabi/7.3.1/../../../../arm-none-eabi/lib/thumb/v6-m\libc_nano.a(lib_a-errno.o)
 .ARM.attributes
                0x0000000000000547       0x2c c:/st/stm32cubeide_1.0.2/stm32cubeide/plugins/com.st.stm32cube.ide.mcu.externaltools.gnu-tools-for-stm32.7-2018-q2-update.win32_1.0.0.201904181610/tools/bin/../lib/gcc/arm-none-eabi/7.3.1/../../../../arm-none-eabi/lib/thumb/v6-m\libc_nano.a(lib_a-impure.o)
 .ARM.attributes
                0x0000000000000573       0x2c c:/st/stm32cubeide_1.0.2/stm32cubeide/plugins/com.st.stm32cube.ide.mcu.externaltools.gnu-tools-for-stm32.7-2018-q2-update.win32_1.0.0.201904181610/tools/bin/../lib/gcc/arm-none-eabi/7.3.1/../../../../arm-none-eabi/lib/thumb/v6-m\libc_nano.a(lib_a-init.o)
 .ARM.attributes
                0x000000000000059f       0x2c c:/st/stm32cubeide_1.0.2/stm32cubeide/plugins/com.st.stm32cube.ide.mcu.externaltools.gnu-tools-for-stm32.7-2018-q2-update.win32_1.0.0.201904181610/tools/bin/../lib/gcc/arm-none-eabi/7.3.1/../../../../arm-none-eabi/lib/thumb/v6-m\libc_nano.a(lib_a-locale.o)
 .ARM.attributes
                0x00000000000005cb       0x2c c:/st/stm32cubeide_1.0.2/stm32cubeide/plugins/com.st.stm32cube.ide.mcu.externaltools.gnu-tools-for-stm32.7-2018-q2-update.win32_1.0.0.201904181610/tools/bin/../lib/gcc/arm-none-eabi/7.3.1/../../../../arm-none-eabi/lib/thumb/v6-m\libc_nano.a(lib_a-malloc.o)
 .ARM.attributes
                0x00000000000005f7       0x2c c:/st/stm32cubeide_1.0.2/stm32cubeide/plugins/com.st.stm32cube.ide.mcu.externaltools.gnu-tools-for-stm32.7-2018-q2-update.win32_1.0.0.201904181610/tools/bin/../lib/gcc/arm-none-eabi/7.3.1/../../../../arm-none-eabi/lib/thumb/v6-m\libc_nano.a(lib_a-mbtowc_r.o)
 .ARM.attributes
                0x0000000000000623       0x2c c:/st/stm32cubeide_1.0.2/stm32cubeide/plugins/com.st.stm32cube.ide.mcu.externaltools.gnu-tools-for-stm32.7-2018-q2-update.win32_1.0.0.201904181610/tools/bin/../lib/gcc/arm-none-eabi/7.3.1/../../../../arm-none-eabi/lib/thumb/v6-m\libc_nano.a(lib_a-memcpy-stub.o)
 .ARM.attributes
                0x000000000000064f       0x2c c:/st/stm32cubeide_1.0.2/stm32cubeide/plugins/com.st.stm32cube.ide.mcu.externaltools.gnu-tools-for-stm32.7-2018-q2-update.win32_1.0.0.201904181610/tools/bin/../lib/gcc/arm-none-eabi/7.3.1/../../../../arm-none-eabi/lib/thumb/v6-m\libc_nano.a(lib_a-memset.o)
 .ARM.attributes
                0x000000000000067b       0x2c c:/st/stm32cubeide_1.0.2/stm32cubeide/plugins/com.st.stm32cube.ide.mcu.externaltools.gnu-tools-for-stm32.7-2018-q2-update.win32_1.0.0.201904181610/tools/bin/../lib/gcc/arm-none-eabi/7.3.1/../../../../arm-none-eabi/lib/thumb/v6-m\libc_nano.a(lib_a-nano-freer.o)
 .ARM.attributes
                0x00000000000006a7       0x2c c:/st/stm32cubeide_1.0.2/stm32cubeide/plugins/com.st.stm32cube.ide.mcu.externaltools.gnu-tools-for-stm32.7-2018-q2-update.win32_1.0.0.201904181610/tools/bin/../lib/gcc/arm-none-eabi/7.3.1/../../../../arm-none-eabi/lib/thumb/v6-m\libc_nano.a(lib_a-nano-mallocr.o)
 .ARM.attributes
                0x00000000000006d3       0x2c c:/st/stm32cubeide_1.0.2/stm32cubeide/plugins/com.st.stm32cube.ide.mcu.externaltools.gnu-tools-for-stm32.7-2018-q2-update.win32_1.0.0.201904181610/tools/bin/../lib/gcc/arm-none-eabi/7.3.1/../../../../arm-none-eabi/lib/thumb/v6-m\libc_nano.a(lib_a-sbrkr.o)
 .ARM.attributes
                0x00000000000006ff       0x2c c:/st/stm32cubeide_1.0.2/stm32cubeide/plugins/com.st.stm32cube.ide.mcu.externaltools.gnu-tools-for-stm32.7-2018-q2-update.win32_1.0.0.201904181610/tools/bin/../lib/gcc/arm-none-eabi/7.3.1/../../../../arm-none-eabi/lib/thumb/v6-m\libc_nano.a(lib_a-strchr.o)
 .ARM.attributes
                0x000000000000072b       0x1c c:/st/stm32cubeide_1.0.2/stm32cubeide/plugins/com.st.stm32cube.ide.mcu.externaltools.gnu-tools-for-stm32.7-2018-q2-update.win32_1.0.0.201904181610/tools/bin/../lib/gcc/arm-none-eabi/7.3.1/../../../../arm-none-eabi/lib/thumb/v6-m\libc_nano.a(lib_a-strcmp.o)
 .ARM.attributes
                0x0000000000000747       0x1c c:/st/stm32cubeide_1.0.2/stm32cubeide/plugins/com.st.stm32cube.ide.mcu.externaltools.gnu-tools-for-stm32.7-2018-q2-update.win32_1.0.0.201904181610/tools/bin/../lib/gcc/arm-none-eabi/7.3.1/../../../../arm-none-eabi/lib/thumb/v6-m\libc_nano.a(lib_a-strlen.o)
 .ARM.attributes
                0x0000000000000763       0x2c c:/st/stm32cubeide_1.0.2/stm32cubeide/plugins/com.st.stm32cube.ide.mcu.externaltools.gnu-tools-for-stm32.7-2018-q2-update.win32_1.0.0.201904181610/tools/bin/../lib/gcc/arm-none-eabi/7.3.1/../../../../arm-none-eabi/lib/thumb/v6-m\libc_nano.a(lib_a-strncmp.o)
 .ARM.attributes
                0x000000000000078f       0x2c c:/st/stm32cubeide_1.0.2/stm32cubeide/plugins/com.st.stm32cube.ide.mcu.externaltools.gnu-tools-for-stm32.7-2018-q2-update.win32_1.0.0.201904181610/tools/bin/../lib/gcc/arm-none-eabi/7.3.1/../../../../arm-none-eabi/lib/thumb/v6-m\libc_nano.a(lib_a-wctomb_r.o)
 .ARM.attributes
                0x00000000000007bb       0x2c c:/st/stm32cubeide_1.0.2/stm32cubeide/plugins/com.st.stm32cube.ide.mcu.externaltools.gnu-tools-for-stm32.7-2018-q2-update.win32_1.0.0.201904181610/tools/bin/../lib/gcc/arm-none-eabi/7.3.1/../../../../arm-none-eabi/lib/thumb/v6-m\libc_nano.a(lib_a-ctype_.o)
 .ARM.attributes
                0x00000000000007e7       0x2c c:/st/stm32cubeide_1.0.2/stm32cubeide/plugins/com.st.stm32cube.ide.mcu.externaltools.gnu-tools-for-stm32.7-2018-q2-update.win32_1.0.0.201904181610/tools/bin/../lib/gcc/arm-none-eabi/7.3.1/../../../../arm-none-eabi/lib/thumb/v6-m\libc_nano.a(lib_a-mlock.o)
 .ARM.attributes
                0x0000000000000813       0x2c c:/st/stm32cubeide_1.0.2/stm32cubeide/plugins/com.st.stm32cube.ide.mcu.externaltools.gnu-tools-for-stm32.7-2018-q2-update.win32_1.0.0.201904181610/tools/bin/../lib/gcc/arm-none-eabi/7.3.1/../../../../arm-none-eabi/lib/thumb/v6-m\libc_nano.a(lib_a-reent.o)
 .ARM.attributes
                0x000000000000083f       0x1e c:/st/stm32cubeide_1.0.2/stm32cubeide/plugins/com.st.stm32cube.ide.mcu.externaltools.gnu-tools-for-stm32.7-2018-q2-update.win32_1.0.0.201904181610/tools/bin/../lib/gcc/arm-none-eabi/7.3.1/thumb/v6-m\libgcc.a(_udivsi3.o)
 .ARM.attributes
                0x000000000000085d       0x1e c:/st/stm32cubeide_1.0.2/stm32cubeide/plugins/com.st.stm32cube.ide.mcu.externaltools.gnu-tools-for-stm32.7-2018-q2-update.win32_1.0.0.201904181610/tools/bin/../lib/gcc/arm-none-eabi/7.3.1/thumb/v6-m\libgcc.a(_divsi3.o)
 .ARM.attributes
                0x000000000000087b       0x1e c:/st/stm32cubeide_1.0.2/stm32cubeide/plugins/com.st.stm32cube.ide.mcu.externaltools.gnu-tools-for-stm32.7-2018-q2-update.win32_1.0.0.201904181610/tools/bin/../lib/gcc/arm-none-eabi/7.3.1/thumb/v6-m\libgcc.a(_dvmd_tls.o)
 .ARM.attributes
                0x0000000000000899       0x1e c:/st/stm32cubeide_1.0.2/stm32cubeide/plugins/com.st.stm32cube.ide.mcu.externaltools.gnu-tools-for-stm32.7-2018-q2-update.win32_1.0.0.201904181610/tools/bin/../lib/gcc/arm-none-eabi/7.3.1/thumb/v6-m\libgcc.a(_arm_cmpsf2.o)
 .ARM.attributes
                0x00000000000008b7       0x1e c:/st/stm32cubeide_1.0.2/stm32cubeide/plugins/com.st.stm32cube.ide.mcu.externaltools.gnu-tools-for-stm32.7-2018-q2-update.win32_1.0.0.201904181610/tools/bin/../lib/gcc/arm-none-eabi/7.3.1/thumb/v6-m\libgcc.a(_aeabi_uldivmod.o)
 .ARM.attributes
                0x00000000000008d5       0x2c c:/st/stm32cubeide_1.0.2/stm32cubeide/plugins/com.st.stm32cube.ide.mcu.externaltools.gnu-tools-for-stm32.7-2018-q2-update.win32_1.0.0.201904181610/tools/bin/../lib/gcc/arm-none-eabi/7.3.1/thumb/v6-m\libgcc.a(_fixunssfsi.o)
 .ARM.attributes
                0x0000000000000901       0x2c c:/st/stm32cubeide_1.0.2/stm32cubeide/plugins/com.st.stm32cube.ide.mcu.externaltools.gnu-tools-for-stm32.7-2018-q2-update.win32_1.0.0.201904181610/tools/bin/../lib/gcc/arm-none-eabi/7.3.1/thumb/v6-m\libgcc.a(_udivmoddi4.o)
 .ARM.attributes
                0x000000000000092d       0x2c c:/st/stm32cubeide_1.0.2/stm32cubeide/plugins/com.st.stm32cube.ide.mcu.externaltools.gnu-tools-for-stm32.7-2018-q2-update.win32_1.0.0.201904181610/tools/bin/../lib/gcc/arm-none-eabi/7.3.1/thumb/v6-m\libgcc.a(addsf3.o)
 .ARM.attributes
                0x0000000000000959       0x2c c:/st/stm32cubeide_1.0.2/stm32cubeide/plugins/com.st.stm32cube.ide.mcu.externaltools.gnu-tools-for-stm32.7-2018-q2-update.win32_1.0.0.201904181610/tools/bin/../lib/gcc/arm-none-eabi/7.3.1/thumb/v6-m\libgcc.a(divsf3.o)
 .ARM.attributes
                0x0000000000000985       0x2c c:/st/stm32cubeide_1.0.2/stm32cubeide/plugins/com.st.stm32cube.ide.mcu.externaltools.gnu-tools-for-stm32.7-2018-q2-update.win32_1.0.0.201904181610/tools/bin/../lib/gcc/arm-none-eabi/7.3.1/thumb/v6-m\libgcc.a(eqsf2.o)
 .ARM.attributes
                0x00000000000009b1       0x2c c:/st/stm32cubeide_1.0.2/stm32cubeide/plugins/com.st.stm32cube.ide.mcu.externaltools.gnu-tools-for-stm32.7-2018-q2-update.win32_1.0.0.201904181610/tools/bin/../lib/gcc/arm-none-eabi/7.3.1/thumb/v6-m\libgcc.a(gesf2.o)
 .ARM.attributes
                0x00000000000009dd       0x2c c:/st/stm32cubeide_1.0.2/stm32cubeide/plugins/com.st.stm32cube.ide.mcu.externaltools.gnu-tools-for-stm32.7-2018-q2-update.win32_1.0.0.201904181610/tools/bin/../lib/gcc/arm-none-eabi/7.3.1/thumb/v6-m\libgcc.a(lesf2.o)
 .ARM.attributes
                0x0000000000000a09       0x2c c:/st/stm32cubeide_1.0.2/stm32cubeide/plugins/com.st.stm32cube.ide.mcu.externaltools.gnu-tools-for-stm32.7-2018-q2-update.win32_1.0.0.201904181610/tools/bin/../lib/gcc/arm-none-eabi/7.3.1/thumb/v6-m\libgcc.a(mulsf3.o)
 .ARM.attributes
                0x0000000000000a35       0x2c c:/st/stm32cubeide_1.0.2/stm32cubeide/plugins/com.st.stm32cube.ide.mcu.externaltools.gnu-tools-for-stm32.7-2018-q2-update.win32_1.0.0.201904181610/tools/bin/../lib/gcc/arm-none-eabi/7.3.1/thumb/v6-m\libgcc.a(subsf3.o)
 .ARM.attributes
                0x0000000000000a61       0x2c c:/st/stm32cubeide_1.0.2/stm32cubeide/plugins/com.st.stm32cube.ide.mcu.externaltools.gnu-tools-for-stm32.7-2018-q2-update.win32_1.0.0.201904181610/tools/bin/../lib/gcc/arm-none-eabi/7.3.1/thumb/v6-m\libgcc.a(fixsfsi.o)
 .ARM.attributes
                0x0000000000000a8d       0x2c c:/st/stm32cubeide_1.0.2/stm32cubeide/plugins/com.st.stm32cube.ide.mcu.externaltools.gnu-tools-for-stm32.7-2018-q2-update.win32_1.0.0.201904181610/tools/bin/../lib/gcc/arm-none-eabi/7.3.1/thumb/v6-m\libgcc.a(floatsisf.o)
 .ARM.attributes
                0x0000000000000ab9       0x2c c:/st/stm32cubeide_1.0.2/stm32cubeide/plugins/com.st.stm32cube.ide.mcu.externaltools.gnu-tools-for-stm32.7-2018-q2-update.win32_1.0.0.201904181610/tools/bin/../lib/gcc/arm-none-eabi/7.3.1/thumb/v6-m\libgcc.a(floatunsisf.o)
 .ARM.attributes
                0x0000000000000ae5       0x2c c:/st/stm32cubeide_1.0.2/stm32cubeide/plugins/com.st.stm32cube.ide.mcu.externaltools.gnu-tools-for-stm32.7-2018-q2-update.win32_1.0.0.201904181610/tools/bin/../lib/gcc/arm-none-eabi/7.3.1/thumb/v6-m\libgcc.a(adddf3.o)
 .ARM.attributes
                0x0000000000000b11       0x2c c:/st/stm32cubeide_1.0.2/stm32cubeide/plugins/com.st.stm32cube.ide.mcu.externaltools.gnu-tools-for-stm32.7-2018-q2-update.win32_1.0.0.201904181610/tools/bin/../lib/gcc/arm-none-eabi/7.3.1/thumb/v6-m\libgcc.a(muldf3.o)
 .ARM.attributes
                0x0000000000000b3d       0x2c c:/st/stm32cubeide_1.0.2/stm32cubeide/plugins/com.st.stm32cube.ide.mcu.externaltools.gnu-tools-for-stm32.7-2018-q2-update.win32_1.0.0.201904181610/tools/bin/../lib/gcc/arm-none-eabi/7.3.1/thumb/v6-m\libgcc.a(floatsidf.o)
 .ARM.attributes
                0x0000000000000b69       0x2c c:/st/stm32cubeide_1.0.2/stm32cubeide/plugins/com.st.stm32cube.ide.mcu.externaltools.gnu-tools-for-stm32.7-2018-q2-update.win32_1.0.0.201904181610/tools/bin/../lib/gcc/arm-none-eabi/7.3.1/thumb/v6-m\libgcc.a(truncdfsf2.o)
 .ARM.attributes
                0x0000000000000b95       0x1e c:/st/stm32cubeide_1.0.2/stm32cubeide/plugins/com.st.stm32cube.ide.mcu.externaltools.gnu-tools-for-stm32.7-2018-q2-update.win32_1.0.0.201904181610/tools/bin/../lib/gcc/arm-none-eabi/7.3.1/thumb/v6-m\libgcc.a(_clzsi2.o)
 .ARM.attributes
                0x0000000000000bb3       0x1e c:/st/stm32cubeide_1.0.2/stm32cubeide/plugins/com.st.stm32cube.ide.mcu.externaltools.gnu-tools-for-stm32.7-2018-q2-update.win32_1.0.0.201904181610/tools/bin/../lib/gcc/arm-none-eabi/7.3.1/thumb/v6-m\libgcc.a(_clzdi2.o)
 .ARM.attributes
                0x0000000000000bd1       0x1e c:/st/stm32cubeide_1.0.2/stm32cubeide/plugins/com.st.stm32cube.ide.mcu.externaltools.gnu-tools-for-stm32.7-2018-q2-update.win32_1.0.0.201904181610/tools/bin/../lib/gcc/arm-none-eabi/7.3.1/thumb/v6-m/crtn.o
OUTPUT(note-stm32g0.elf elf32-littlearm)

.debug_info     0x0000000000000000    0x12b7d
 .debug_info    0x0000000000000000      0xa1a Drivers/STM32G0xx_HAL_Driver/Src/stm32g0xx_hal.o
 .debug_info    0x0000000000000a1a      0x95f Drivers/STM32G0xx_HAL_Driver/Src/stm32g0xx_hal_cortex.o
 .debug_info    0x0000000000001379      0x8d9 Drivers/STM32G0xx_HAL_Driver/Src/stm32g0xx_hal_dma.o
 .debug_info    0x0000000000001c52      0x63a Drivers/STM32G0xx_HAL_Driver/Src/stm32g0xx_hal_gpio.o
 .debug_info    0x000000000000228c      0xbcb Drivers/STM32G0xx_HAL_Driver/Src/stm32g0xx_hal_lptim.o
 .debug_info    0x0000000000002e57      0x64f Drivers/STM32G0xx_HAL_Driver/Src/stm32g0xx_hal_pwr_ex.o
 .debug_info    0x00000000000034a6      0xaa5 Drivers/STM32G0xx_HAL_Driver/Src/stm32g0xx_hal_rcc.o
 .debug_info    0x0000000000003f4b      0x7f1 Drivers/STM32G0xx_HAL_Driver/Src/stm32g0xx_hal_rcc_ex.o
 .debug_info    0x000000000000473c     0x1805 Drivers/STM32G0xx_HAL_Driver/Src/stm32g0xx_hal_uart.o
 .debug_info    0x0000000000005f41      0xb73 Drivers/STM32G0xx_HAL_Driver/Src/stm32g0xx_hal_uart_ex.o
 .debug_info    0x0000000000006ab4      0xdf8 Src/event.o
 .debug_info    0x00000000000078ac      0x2c5 Src/example.o
 .debug_info    0x0000000000007b71     0x1abf Src/main.o
 .debug_info    0x0000000000009630      0xe40 Src/stm32g0xx_hal_msp.o
 .debug_info    0x000000000000a470      0xc22 Src/stm32g0xx_it.o
 .debug_info    0x000000000000b092      0x91c Src/sysmem.o
 .debug_info    0x000000000000b9ae      0x434 Src/system_stm32g0xx.o
 .debug_info    0x000000000000bde2       0x22 Startup/startup_stm32g031k8tx.o
 .debug_info    0x000000000000be04      0x9fa note-c/n_atof.o
 .debug_info    0x000000000000c7fe     0x2865 note-c/n_cjson.o
 .debug_info    0x000000000000f063      0xbb6 note-c/n_cjson_helpers.o
 .debug_info    0x000000000000fc19      0x99e note-c/n_ftoa.o
 .debug_info    0x00000000000105b7     0x1049 note-c/n_hooks.o
 .debug_info    0x0000000000011600      0xb78 note-c/n_request.o
 .debug_info    0x0000000000012178      0xa05 note-c/n_serial.o

.debug_abbrev   0x0000000000000000     0x303e
 .debug_abbrev  0x0000000000000000      0x242 Drivers/STM32G0xx_HAL_Driver/Src/stm32g0xx_hal.o
 .debug_abbrev  0x0000000000000242      0x27c Drivers/STM32G0xx_HAL_Driver/Src/stm32g0xx_hal_cortex.o
 .debug_abbrev  0x00000000000004be      0x1d5 Drivers/STM32G0xx_HAL_Driver/Src/stm32g0xx_hal_dma.o
 .debug_abbrev  0x0000000000000693      0x1b7 Drivers/STM32G0xx_HAL_Driver/Src/stm32g0xx_hal_gpio.o
 .debug_abbrev  0x000000000000084a      0x1be Drivers/STM32G0xx_HAL_Driver/Src/stm32g0xx_hal_lptim.o
 .debug_abbrev  0x0000000000000a08      0x1f6 Drivers/STM32G0xx_HAL_Driver/Src/stm32g0xx_hal_pwr_ex.o
 .debug_abbrev  0x0000000000000bfe      0x211 Drivers/STM32G0xx_HAL_Driver/Src/stm32g0xx_hal_rcc.o
 .debug_abbrev  0x0000000000000e0f      0x1d4 Drivers/STM32G0xx_HAL_Driver/Src/stm32g0xx_hal_rcc_ex.o
 .debug_abbrev  0x0000000000000fe3      0x214 Drivers/STM32G0xx_HAL_Driver/Src/stm32g0xx_hal_uart.o
 .debug_abbrev  0x00000000000011f7      0x209 Drivers/STM32G0xx_HAL_Driver/Src/stm32g0xx_hal_uart_ex.o
 .debug_abbrev  0x0000000000001400      0x285 Src/event.o
 .debug_abbrev  0x0000000000001685      0x130 Src/example.o
 .debug_abbrev  0x00000000000017b5      0x2f2 Src/main.o
 .debug_abbrev  0x0000000000001aa7      0x195 Src/stm32g0xx_hal_msp.o
 .debug_abbrev  0x0000000000001c3c      0x1a2 Src/stm32g0xx_it.o
 .debug_abbrev  0x0000000000001dde      0x1bb Src/sysmem.o
 .debug_abbrev  0x0000000000001f99      0x147 Src/system_stm32g0xx.o
 .debug_abbrev  0x00000000000020e0       0x12 Startup/startup_stm32g031k8tx.o
 .debug_abbrev  0x00000000000020f2      0x1c0 note-c/n_atof.o
 .debug_abbrev  0x00000000000022b2      0x3c7 note-c/n_cjson.o
 .debug_abbrev  0x0000000000002679      0x1db note-c/n_cjson_helpers.o
 .debug_abbrev  0x0000000000002854      0x1aa note-c/n_ftoa.o
 .debug_abbrev  0x00000000000029fe      0x25c note-c/n_hooks.o
 .debug_abbrev  0x0000000000002c5a      0x23e note-c/n_request.o
 .debug_abbrev  0x0000000000002e98      0x1a6 note-c/n_serial.o

.debug_aranges  0x0000000000000000     0x1088
 .debug_aranges
                0x0000000000000000      0x128 Drivers/STM32G0xx_HAL_Driver/Src/stm32g0xx_hal.o
 .debug_aranges
                0x0000000000000128       0xd8 Drivers/STM32G0xx_HAL_Driver/Src/stm32g0xx_hal_cortex.o
 .debug_aranges
                0x0000000000000200       0x90 Drivers/STM32G0xx_HAL_Driver/Src/stm32g0xx_hal_dma.o
 .debug_aranges
                0x0000000000000290       0x60 Drivers/STM32G0xx_HAL_Driver/Src/stm32g0xx_hal_gpio.o
 .debug_aranges
                0x00000000000002f0      0x158 Drivers/STM32G0xx_HAL_Driver/Src/stm32g0xx_hal_lptim.o
 .debug_aranges
                0x0000000000000448       0xc0 Drivers/STM32G0xx_HAL_Driver/Src/stm32g0xx_hal_pwr_ex.o
 .debug_aranges
                0x0000000000000508       0x98 Drivers/STM32G0xx_HAL_Driver/Src/stm32g0xx_hal_rcc.o
 .debug_aranges
                0x00000000000005a0       0x40 Drivers/STM32G0xx_HAL_Driver/Src/stm32g0xx_hal_rcc_ex.o
 .debug_aranges
                0x00000000000005e0      0x218 Drivers/STM32G0xx_HAL_Driver/Src/stm32g0xx_hal_uart.o
 .debug_aranges
                0x00000000000007f8       0x88 Drivers/STM32G0xx_HAL_Driver/Src/stm32g0xx_hal_uart_ex.o
 .debug_aranges
                0x0000000000000880       0x80 Src/event.o
 .debug_aranges
                0x0000000000000900       0x28 Src/example.o
 .debug_aranges
                0x0000000000000928       0xb8 Src/main.o
 .debug_aranges
                0x00000000000009e0       0x40 Src/stm32g0xx_hal_msp.o
 .debug_aranges
                0x0000000000000a20       0x90 Src/stm32g0xx_it.o
 .debug_aranges
                0x0000000000000ab0       0x20 Src/sysmem.o
 .debug_aranges
                0x0000000000000ad0       0x28 Src/system_stm32g0xx.o
 .debug_aranges
                0x0000000000000af8       0x28 Startup/startup_stm32g031k8tx.o
 .debug_aranges
                0x0000000000000b20       0x20 note-c/n_atof.o
 .debug_aranges
                0x0000000000000b40      0x350 note-c/n_cjson.o
 .debug_aranges
                0x0000000000000e90       0x60 note-c/n_cjson_helpers.o
 .debug_aranges
                0x0000000000000ef0       0x20 note-c/n_ftoa.o
 .debug_aranges
                0x0000000000000f10       0xf0 note-c/n_hooks.o
 .debug_aranges
                0x0000000000001000       0x60 note-c/n_request.o
 .debug_aranges
                0x0000000000001060       0x28 note-c/n_serial.o

.debug_ranges   0x0000000000000000      0xfb0
 .debug_ranges  0x0000000000000000      0x118 Drivers/STM32G0xx_HAL_Driver/Src/stm32g0xx_hal.o
 .debug_ranges  0x0000000000000118       0xc8 Drivers/STM32G0xx_HAL_Driver/Src/stm32g0xx_hal_cortex.o
 .debug_ranges  0x00000000000001e0       0x80 Drivers/STM32G0xx_HAL_Driver/Src/stm32g0xx_hal_dma.o
 .debug_ranges  0x0000000000000260       0x50 Drivers/STM32G0xx_HAL_Driver/Src/stm32g0xx_hal_gpio.o
 .debug_ranges  0x00000000000002b0      0x148 Drivers/STM32G0xx_HAL_Driver/Src/stm32g0xx_hal_lptim.o
 .debug_ranges  0x00000000000003f8       0xb0 Drivers/STM32G0xx_HAL_Driver/Src/stm32g0xx_hal_pwr_ex.o
 .debug_ranges  0x00000000000004a8       0x88 Drivers/STM32G0xx_HAL_Driver/Src/stm32g0xx_hal_rcc.o
 .debug_ranges  0x0000000000000530       0x30 Drivers/STM32G0xx_HAL_Driver/Src/stm32g0xx_hal_rcc_ex.o
 .debug_ranges  0x0000000000000560      0x208 Drivers/STM32G0xx_HAL_Driver/Src/stm32g0xx_hal_uart.o
 .debug_ranges  0x0000000000000768       0x78 Drivers/STM32G0xx_HAL_Driver/Src/stm32g0xx_hal_uart_ex.o
 .debug_ranges  0x00000000000007e0       0x70 Src/event.o
 .debug_ranges  0x0000000000000850       0x18 Src/example.o
 .debug_ranges  0x0000000000000868       0xa8 Src/main.o
 .debug_ranges  0x0000000000000910       0x30 Src/stm32g0xx_hal_msp.o
 .debug_ranges  0x0000000000000940       0x80 Src/stm32g0xx_it.o
 .debug_ranges  0x00000000000009c0       0x10 Src/sysmem.o
 .debug_ranges  0x00000000000009d0       0x18 Src/system_stm32g0xx.o
 .debug_ranges  0x00000000000009e8       0x20 Startup/startup_stm32g031k8tx.o
 .debug_ranges  0x0000000000000a08       0x10 note-c/n_atof.o
 .debug_ranges  0x0000000000000a18      0x3c0 note-c/n_cjson.o
 .debug_ranges  0x0000000000000dd8       0x50 note-c/n_cjson_helpers.o
 .debug_ranges  0x0000000000000e28       0x10 note-c/n_ftoa.o
 .debug_ranges  0x0000000000000e38       0xe0 note-c/n_hooks.o
 .debug_ranges  0x0000000000000f18       0x68 note-c/n_request.o
 .debug_ranges  0x0000000000000f80       0x30 note-c/n_serial.o

.debug_macro    0x0000000000000000    0x1787c
 .debug_macro   0x0000000000000000      0x1f4 Drivers/STM32G0xx_HAL_Driver/Src/stm32g0xx_hal.o
 .debug_macro   0x00000000000001f4      0xa54 Drivers/STM32G0xx_HAL_Driver/Src/stm32g0xx_hal.o
 .debug_macro   0x0000000000000c48      0x10f Drivers/STM32G0xx_HAL_Driver/Src/stm32g0xx_hal.o
 .debug_macro   0x0000000000000d57       0x2e Drivers/STM32G0xx_HAL_Driver/Src/stm32g0xx_hal.o
 .debug_macro   0x0000000000000d85       0x28 Drivers/STM32G0xx_HAL_Driver/Src/stm32g0xx_hal.o
 .debug_macro   0x0000000000000dad       0x22 Drivers/STM32G0xx_HAL_Driver/Src/stm32g0xx_hal.o
 .debug_macro   0x0000000000000dcf       0x8e Drivers/STM32G0xx_HAL_Driver/Src/stm32g0xx_hal.o
 .debug_macro   0x0000000000000e5d       0x51 Drivers/STM32G0xx_HAL_Driver/Src/stm32g0xx_hal.o
 .debug_macro   0x0000000000000eae       0xef Drivers/STM32G0xx_HAL_Driver/Src/stm32g0xx_hal.o
 .debug_macro   0x0000000000000f9d       0x6a Drivers/STM32G0xx_HAL_Driver/Src/stm32g0xx_hal.o
 .debug_macro   0x0000000000001007      0x1df Drivers/STM32G0xx_HAL_Driver/Src/stm32g0xx_hal.o
 .debug_macro   0x00000000000011e6       0x1c Drivers/STM32G0xx_HAL_Driver/Src/stm32g0xx_hal.o
 .debug_macro   0x0000000000001202       0x22 Drivers/STM32G0xx_HAL_Driver/Src/stm32g0xx_hal.o
 .debug_macro   0x0000000000001224       0xb5 Drivers/STM32G0xx_HAL_Driver/Src/stm32g0xx_hal.o
 .debug_macro   0x00000000000012d9      0x4da Drivers/STM32G0xx_HAL_Driver/Src/stm32g0xx_hal.o
 .debug_macro   0x00000000000017b3      0x11f Drivers/STM32G0xx_HAL_Driver/Src/stm32g0xx_hal.o
 .debug_macro   0x00000000000018d2     0xaa73 Drivers/STM32G0xx_HAL_Driver/Src/stm32g0xx_hal.o
 .debug_macro   0x000000000000c345       0x3c Drivers/STM32G0xx_HAL_Driver/Src/stm32g0xx_hal.o
 .debug_macro   0x000000000000c381     0x3468 Drivers/STM32G0xx_HAL_Driver/Src/stm32g0xx_hal.o
 .debug_macro   0x000000000000f7e9      0x174 Drivers/STM32G0xx_HAL_Driver/Src/stm32g0xx_hal.o
 .debug_macro   0x000000000000f95d       0x5a Drivers/STM32G0xx_HAL_Driver/Src/stm32g0xx_hal.o
 .debug_macro   0x000000000000f9b7      0x53b Drivers/STM32G0xx_HAL_Driver/Src/stm32g0xx_hal.o