Archive member included to satisfy reference by file (symbol)

c:/st/stm32cubeide_1.0.2/stm32cubeide/plugins/com.st.stm32cube.ide.mcu.externaltools.gnu-tools-for-stm32.7-2018-q2-update.win32_1.0.0.201904181610/tools/bin/../lib/gcc/arm-none-eabi/7.3.1/../../../../arm-none-eabi/lib/thumb/v6-m\libc_nano.a(lib_a-atoi.o)
                              note-c/n_helpers.o (atoi)
c:/st/stm32cubeide_1.0.2/stm32cubeide/plugins/com.st.stm32cube.ide.mcu.externaltools.gnu-tools-for-stm32.7-2018-q2-update.win32_1.0.0.201904181610/tools/bin/../lib/gcc/arm-none-eabi/7.3.1/../../../../arm-none-eabi/lib/thumb/v6-m\libc_nano.a(lib_a-errno.o)
                              Src/syscalls.o (__errno)
c:/st/stm32cubeide_1.0.2/stm32cubeide/plugins/com.st.stm32cube.ide.mcu.externaltools.gnu-tools-for-stm32.7-2018-q2-update.win32_1.0.0.201904181610/tools/bin/../lib/gcc/arm-none-eabi/7.3.1/../../../../arm-none-eabi/lib/thumb/v6-m\libc_nano.a(lib_a-exit.o)
                              c:/st/stm32cubeide_1.0.2/stm32cubeide/plugins/com.st.stm32cube.ide.mcu.externaltools.gnu-tools-for-stm32.7-2018-q2-update.win32_1.0.0.201904181610/tools/bin/../lib/gcc/arm-none-eabi/7.3.1/../../../../arm-none-eabi/lib/thumb/v6-m/crt0.o (exit)
c:/st/stm32cubeide_1.0.2/stm32cubeide/plugins/com.st.stm32cube.ide.mcu.externaltools.gnu-tools-for-stm32.7-2018-q2-update.win32_1.0.0.201904181610/tools/bin/../lib/gcc/arm-none-eabi/7.3.1/../../../../arm-none-eabi/lib/thumb/v6-m\libc_nano.a(lib_a-impure.o)
                              c:/st/stm32cubeide_1.0.2/stm32cubeide/plugins/com.st.stm32cube.ide.mcu.externaltools.gnu-tools-for-stm32.7-2018-q2-update.win32_1.0.0.201904181610/tools/bin/../lib/gcc/arm-none-eabi/7.3.1/../../../../arm-none-eabi/lib/thumb/v6-m\libc_nano.a(lib_a-exit.o) (_global_impure_ptr)
c:/st/stm32cubeide_1.0.2/stm32cubeide/plugins/com.st.stm32cube.ide.mcu.externaltools.gnu-tools-for-stm32.7-2018-q2-update.win32_1.0.0.201904181610/tools/bin/../lib/gcc/arm-none-eabi/7.3.1/../../../../arm-none-eabi/lib/thumb/v6-m\libc_nano.a(lib_a-init.o)
                              c:/st/stm32cubeide_1.0.2/stm32cubeide/plugins/com.st.stm32cube.ide.mcu.externaltools.gnu-tools-for-stm32.7-2018-q2-update.win32_1.0.0.201904181610/tools/bin/../lib/gcc/arm-none-eabi/7.3.1/../../../../arm-none-eabi/lib/thumb/v6-m/crt0.o (__libc_init_array)
c:/st/stm32cubeide_1.0.2/stm32cubeide/plugins/com.st.stm32cube.ide.mcu.externaltools.gnu-tools-for-stm32.7-2018-q2-update.win32_1.0.0.201904181610/tools/bin/../lib/gcc/arm-none-eabi/7.3.1/../../../../arm-none-eabi/lib/thumb/v6-m\libc_nano.a(lib_a-locale.o)
                              note-c/n_cjson.o (__locale_ctype_ptr)
c:/st/stm32cubeide_1.0.2/stm32cubeide/plugins/com.st.stm32cube.ide.mcu.externaltools.gnu-tools-for-stm32.7-2018-q2-update.win32_1.0.0.201904181610/tools/bin/../lib/gcc/arm-none-eabi/7.3.1/../../../../arm-none-eabi/lib/thumb/v6-m\libc_nano.a(lib_a-malloc.o)
                              Src/main.o (malloc)
c:/st/stm32cubeide_1.0.2/stm32cubeide/plugins/com.st.stm32cube.ide.mcu.externaltools.gnu-tools-for-stm32.7-2018-q2-update.win32_1.0.0.201904181610/tools/bin/../lib/gcc/arm-none-eabi/7.3.1/../../../../arm-none-eabi/lib/thumb/v6-m\libc_nano.a(lib_a-mbtowc_r.o)
                              c:/st/stm32cubeide_1.0.2/stm32cubeide/plugins/com.st.stm32cube.ide.mcu.externaltools.gnu-tools-for-stm32.7-2018-q2-update.win32_1.0.0.201904181610/tools/bin/../lib/gcc/arm-none-eabi/7.3.1/../../../../arm-none-eabi/lib/thumb/v6-m\libc_nano.a(lib_a-locale.o) (__ascii_mbtowc)
c:/st/stm32cubeide_1.0.2/stm32cubeide/plugins/com.st.stm32cube.ide.mcu.externaltools.gnu-tools-for-stm32.7-2018-q2-update.win32_1.0.0.201904181610/tools/bin/../lib/gcc/arm-none-eabi/7.3.1/../../../../arm-none-eabi/lib/thumb/v6-m\libc_nano.a(lib_a-memcmp.o)
                              note-c/n_helpers.o (memcmp)
c:/st/stm32cubeide_1.0.2/stm32cubeide/plugins/com.st.stm32cube.ide.mcu.externaltools.gnu-tools-for-stm32.7-2018-q2-update.win32_1.0.0.201904181610/tools/bin/../lib/gcc/arm-none-eabi/7.3.1/../../../../arm-none-eabi/lib/thumb/v6-m\libc_nano.a(lib_a-memcpy-stub.o)
                              Src/main.o (memcpy)
c:/st/stm32cubeide_1.0.2/stm32cubeide/plugins/com.st.stm32cube.ide.mcu.externaltools.gnu-tools-for-stm32.7-2018-q2-update.win32_1.0.0.201904181610/tools/bin/../lib/gcc/arm-none-eabi/7.3.1/../../../../arm-none-eabi/lib/thumb/v6-m\libc_nano.a(lib_a-memmove.o)
                              note-c/n_request.o (memmove)
c:/st/stm32cubeide_1.0.2/stm32cubeide/plugins/com.st.stm32cube.ide.mcu.externaltools.gnu-tools-for-stm32.7-2018-q2-update.win32_1.0.0.201904181610/tools/bin/../lib/gcc/arm-none-eabi/7.3.1/../../../../arm-none-eabi/lib/thumb/v6-m\libc_nano.a(lib_a-memset.o)
                              c:/st/stm32cubeide_1.0.2/stm32cubeide/plugins/com.st.stm32cube.ide.mcu.externaltools.gnu-tools-for-stm32.7-2018-q2-update.win32_1.0.0.201904181610/tools/bin/../lib/gcc/arm-none-eabi/7.3.1/../../../../arm-none-eabi/lib/thumb/v6-m/crt0.o (memset)
[...]
Memory Configuration

Name             Origin             Length             Attributes
RAM              0x0000000020000000 0x0000000000002000 xrw
FLASH            0x0000000008000000 0x0000000000010000 xr
*default*        0x0000000000000000 0xffffffffffffffff

Linker script and memory map

LOAD c:/st/stm32cubeide_1.0.2/stm32cubeide/plugins/com.st.stm32cube.ide.mcu.externaltools.gnu-tools-for-stm32.7-2018-q2-update.win32_1.0.0.201904181610/tools/bin/../lib/gcc/arm-none-eabi/7.3.1/thumb/v6-m/crti.o
LOAD c:/st/stm32cubeide_1.0.2/stm32cubeide/plugins/com.st.stm32cube.ide.mcu.externaltools.gnu-tools-for-stm32.7-2018-q2-update.win32_1.0.0.201904181610/tools/bin/../lib/gcc/arm-none-eabi/7.3.1/thumb/v6-m/crtbegin.o
LOAD c:/st/stm32cubeide_1.0.2/stm32cubeide/plugins/com.st.stm32cube.ide.mcu.externaltools.gnu-tools-for-stm32.7-2018-q2-update.win32_1.0.0.201904181610/tools/bin/../lib/gcc/arm-none-eabi/7.3.1/../../../../arm-none-eabi/lib/thumb/v6-m/crt0.o
LOAD Drivers/STM32G0xx_HAL_Driver/Src/stm32g0xx_hal.o
LOAD Drivers/STM32G0xx_HAL_Driver/Src/stm32g0xx_hal_cortex.o
LOAD Drivers/STM32G0xx_HAL_Driver/Src/stm32g0xx_hal_dma.o
LOAD Drivers/STM32G0xx_HAL_Driver/Src/stm32g0xx_hal_dma_ex.o
LOAD Drivers/STM32G0xx_HAL_Driver/Src/stm32g0xx_hal_exti.o
LOAD Drivers/STM32G0xx_HAL_Driver/Src/stm32g0xx_hal_flash.o
LOAD Drivers/STM32G0xx_HAL_Driver/Src/stm32g0xx_hal_flash_ex.o
LOAD Drivers/STM32G0xx_HAL_Driver/Src/stm32g0xx_hal_gpio.o
LOAD Drivers/STM32G0xx_HAL_Driver/Src/stm32g0xx_hal_i2c.o
LOAD Drivers/STM32G0xx_HAL_Driver/Src/stm32g0xx_hal_i2c_ex.o
LOAD Drivers/STM32G0xx_HAL_Driver/Src/stm32g0xx_hal_lptim.o
LOAD Drivers/STM32G0xx_HAL_Driver/Src/stm32g0xx_hal_pwr.o
LOAD Drivers/STM32G0xx_HAL_Driver/Src/stm32g0xx_hal_pwr_ex.o
LOAD Drivers/STM32G0xx_HAL_Driver/Src/stm32g0xx_hal_rcc.o
LOAD Drivers/STM32G0xx_HAL_Driver/Src/stm32g0xx_hal_rcc_ex.o
LOAD Drivers/STM32G0xx_HAL_Driver/Src/stm32g0xx_hal_tim.o
LOAD Drivers/STM32G0xx_HAL_Driver/Src/stm32g0xx_hal_tim_ex.o
LOAD Drivers/STM32G0xx_HAL_Driver/Src/stm32g0xx_hal_uart.o
LOAD Drivers/STM32G0xx_HAL_Driver/Src/stm32g0xx_hal_uart_ex.o
LOAD Drivers/STM32G0xx_HAL_Driver/Src/stm32g0xx_ll_rcc.o
LOAD Src/event.o
LOAD Src/example.o
LOAD Src/main.o
LOAD Src/stm32g0xx_hal_msp.o
LOAD Src/stm32g0xx_it.o
LOAD Src/syscalls.o
LOAD Src/sysmem.o
LOAD Src/system_stm32g0xx.o
LOAD Startup/startup_stm32g031k8tx.o
LOAD note-c/n_atof.o
LOAD note-c/n_b64.o
LOAD note-c/n_cjson.o
LOAD note-c/n_cjson_helpers.o
LOAD note-c/n_ftoa.o
LOAD note-c/n_helpers.o
LOAD note-c/n_hooks.o
LOAD note-c/n_i2c.o
LOAD note-c/n_request.o
LOAD note-c/n_serial.o
LOAD note-c/n_str.o
START GROUP
LOAD c:/st/stm32cubeide_1.0.2/stm32cubeide/plugins/com.st.stm32cube.ide.mcu.externaltools.gnu-tools-for-stm32.7-2018-q2-update.win32_1.0.0.201904181610/tools/bin/../lib/gcc/arm-none-eabi/7.3.1/../../../../arm-none-eabi/lib/thumb/v6-m\libc_nano.a
LOAD c:/st/stm32cubeide_1.0.2/stm32cubeide/plugins/com.st.stm32cube.ide.mcu.externaltools.gnu-tools-for-stm32.7-2018-q2-update.win32_1.0.0.201904181610/tools/bin/../lib/gcc/arm-none-eabi/7.3.1/../../../../arm-none-eabi/lib/thumb/v6-m\libm.a
END GROUP
START GROUP
LOAD c:/st/stm32cubeide_1.0.2/stm32cubeide/plugins/com.st.stm32cube.ide.mcu.externaltools.gnu-tools-for-stm32.7-2018-q2-update.win32_1.0.0.201904181610/tools/bin/../lib/gcc/arm-none-eabi/7.3.1/thumb/v6-m\libgcc.a
LOAD c:/st/stm32cubeide_1.0.2/stm32cubeide/plugins/com.st.stm32cube.ide.mcu.externaltools.gnu-tools-for-stm32.7-2018-q2-update.win32_1.0.0.201904181610/tools/bin/../lib/gcc/arm-none-eabi/7.3.1/../../../../arm-none-eabi/lib/thumb/v6-m\libc_nano.a
END GROUP
START GROUP
LOAD c:/st/stm32cubeide_1.0.2/stm32cubeide/plugins/com.st.stm32cube.ide.mcu.externaltools.gnu-tools-for-stm32.7-2018-q2-update.win32_1.0.0.201904181610/tools/bin/../lib/gcc/arm-none-eabi/7.3.1/thumb/v6-m\libgcc.a
LOAD c:/st/stm32cubeide_1.0.2/stm32cubeide/plugins/com.st.stm32cube.ide.mcu.externaltools.gnu-tools-for-stm32.7-2018-q2-update.win32_1.0.0.201904181610/tools/bin/../lib/gcc/arm-none-eabi/7.3.1/../../../../arm-none-eabi/lib/thumb/v6-m\libc_nano.a
LOAD c:/st/stm32cubeide_1.0.2/stm32cubeide/plugins/com.st.stm32cube.ide.mcu.externaltools.gnu-tools-for-stm32.7-2018-q2-update.win32_1.0.0.201904181610/tools/bin/../lib/gcc/arm-none-eabi/7.3.1/../../../../arm-none-eabi/lib/thumb/v6-m\libnosys.a
END GROUP
START GROUP
LOAD c:/st/stm32cubeide_1.0.2/stm32cubeide/plugins/com.st.stm32cube.ide.mcu.externaltools.gnu-tools-for-stm32.7-2018-q2-update.win32_1.0.0.201904181610/tools/bin/../lib/gcc/arm-none-eabi/7.3.1/thumb/v6-m\libgcc.a
LOAD c:/st/stm32cubeide_1.0.2/stm32cubeide/plugins/com.st.stm32cube.ide.mcu.externaltools.gnu-tools-for-stm32.7-2018-q2-update.win32_1.0.0.201904181610/tools/bin/../lib/gcc/arm-none-eabi/7.3.1/../../../../arm-none-eabi/lib/thumb/v6-m\libc_nano.a
LOAD c:/st/stm32cubeide_1.0.2/stm32cubeide/plugins/com.st.stm32cube.ide.mcu.externaltools.gnu-tools-for-stm32.7-2018-q2-update.win32_1.0.0.201904181610/tools/bin/../lib/gcc/arm-none-eabi/7.3.1/../../../../arm-none-eabi/lib/thumb/v6-m\libnosys.a
END GROUP
LOAD c:/st/stm32cubeide_1.0.2/stm32cubeide/plugins/com.st.stm32cube.ide.mcu.externaltools.gnu-tools-for-stm32.7-2018-q2-update.win32_1.0.0.201904181610/tools/bin/../lib/gcc/arm-none-eabi/7.3.1/thumb/v6-m/crtend.o
LOAD c:/st/stm32cubeide_1.0.2/stm32cubeide/plugins/com.st.stm32cube.ide.mcu.externaltools.gnu-tools-for-stm32.7-2018-q2-update.win32_1.0.0.201904181610/tools/bin/../lib/gcc/arm-none-eabi/7.3.1/thumb/v6-m/crtn.o
                0x0000000020002000                _estack = 0x20002000
                0x0000000000000200                _Min_Heap_Size = 0x200
                0x0000000000000400                _Min_Stack_Size = 0x400

.isr_vector     0x0000000008000000       0xbc
                0x0000000008000000                . = ALIGN (0x4)
 *(.isr_vector)
 .isr_vector    0x0000000008000000       0xbc Startup/startup_stm32g031k8tx.o
                0x0000000008000000                g_pfnVectors
                0x00000000080000bc                . = ALIGN (0x4)

.text           0x00000000080000bc     0xb164
                0x00000000080000bc                . = ALIGN (0x4)
 *(.text)
 .text          0x00000000080000bc       0x48 c:/st/stm32cubeide_1.0.2/stm32cubeide/plugins/com.st.stm32cube.ide.mcu.externaltools.gnu-tools-for-stm32.7-2018-q2-update.win32_1.0.0.201904181610/tools/bin/../lib/gcc/arm-none-eabi/7.3.1/thumb/v6-m/crtbegin.o
 .text          0x0000000008000104       0x14 c:/st/stm32cubeide_1.0.2/stm32cubeide/plugins/com.st.stm32cube.ide.mcu.externaltools.gnu-tools-for-stm32.7-2018-q2-update.win32_1.0.0.201904181610/tools/bin/../lib/gcc/arm-none-eabi/7.3.1/../../../../arm-none-eabi/lib/thumb/v6-m\libc_nano.a(lib_a-strcmp.o)
                0x0000000008000104                strcmp
 .text          0x0000000008000118        0xe c:/st/stm32cubeide_1.0.2/stm32cubeide/plugins/com.st.stm32cube.ide.mcu.externaltools.gnu-tools-for-stm32.7-2018-q2-update.win32_1.0.0.201904181610/tools/bin/../lib/gcc/arm-none-eabi/7.3.1/../../../../arm-none-eabi/lib/thumb/v6-m\libc_nano.a(lib_a-strlen.o)
                0x0000000008000118                strlen
 *fill*         0x0000000008000126        0x2 
 .text          0x0000000008000128      0x114 c:/st/stm32cubeide_1.0.2/stm32cubeide/plugins/com.st.stm32cube.ide.mcu.externaltools.gnu-tools-for-stm32.7-2018-q2-update.win32_1.0.0.201904181610/tools/bin/../lib/gcc/arm-none-eabi/7.3.1/thumb/v6-m\libgcc.a(_udivsi3.o)
                0x0000000008000128                __aeabi_uidiv
                0x0000000008000128                __udivsi3
                0x0000000008000234                __aeabi_uidivmod
 .text          0x000000000800023c      0x1d4 c:/st/stm32cubeide_1.0.2/stm32cubeide/plugins/com.st.stm32cube.ide.mcu.externaltools.gnu-tools-for-stm32.7-2018-q2-update.win32_1.0.0.201904181610/tools/bin/../lib/gcc/arm-none-eabi/7.3.1/thumb/v6-m\libgcc.a(_divsi3.o)
                0x000000000800023c                __divsi3
                0x000000000800023c                __aeabi_idiv
                0x0000000008000408                __aeabi_idivmod
 .text          0x0000000008000410        0x4 c:/st/stm32cubeide_1.0.2/stm32cubeide/plugins/com.st.stm32cube.ide.mcu.externaltools.gnu-tools-for-stm32.7-2018-q2-update.win32_1.0.0.201904181610/tools/bin/../lib/gcc/arm-none-eabi/7.3.1/thumb/v6-m\libgcc.a(_dvmd_tls.o)
                0x0000000008000410                __aeabi_idiv0
                0x0000000008000410                __aeabi_ldiv0
 .text          0x0000000008000414       0x7c c:/st/stm32cubeide_1.0.2/stm32cubeide/plugins/com.st.stm32cube.ide.mcu.externaltools.gnu-tools-for-stm32.7-2018-q2-update.win32_1.0.0.201904181610/tools/bin/../lib/gcc/arm-none-eabi/7.3.1/thumb/v6-m\libgcc.a(_arm_cmpdf2.o)
                0x0000000008000414                __aeabi_cdrcmple
                0x0000000008000424                __aeabi_cdcmple
                0x0000000008000424                __aeabi_cdcmpeq
                0x0000000008000434                __aeabi_dcmpeq
                0x0000000008000440                __aeabi_dcmplt
                0x0000000008000454                __aeabi_dcmple
                0x0000000008000468                __aeabi_dcmpgt
                0x000000000800047c                __aeabi_dcmpge
 .text          0x0000000008000490       0x40 c:/st/stm32cubeide_1.0.2/stm32cubeide/plugins/com.st.stm32cube.ide.mcu.externaltools.gnu-tools-for-stm32.7-2018-q2-update.win32_1.0.0.201904181610/tools/bin/../lib/gcc/arm-none-eabi/7.3.1/thumb/v6-m\libgcc.a(_aeabi_uldivmod.o)
                0x0000000008000490                __aeabi_uldivmod
 .text          0x00000000080004d0       0x3c c:/st/stm32cubeide_1.0.2/stm32cubeide/plugins/com.st.stm32cube.ide.mcu.externaltools.gnu-tools-for-stm32.7-2018-q2-update.win32_1.0.0.201904181610/tools/bin/../lib/gcc/arm-none-eabi/7.3.1/thumb/v6-m\libgcc.a(_fixunsdfsi.o)
                0x00000000080004d0                __aeabi_d2uiz
                0x00000000080004d0                __fixunsdfsi
 .text          0x000000000800050c      0x184 c:/st/stm32cubeide_1.0.2/stm32cubeide/plugins/com.st.stm32cube.ide.mcu.externaltools.gnu-tools-for-stm32.7-2018-q2-update.win32_1.0.0.201904181610/tools/bin/../lib/gcc/arm-none-eabi/7.3.1/thumb/v6-m\libgcc.a(_udivmoddi4.o)
                0x000000000800050c                __udivmoddi4
 .text          0x0000000008000690      0x638 c:/st/stm32cubeide_1.0.2/stm32cubeide/plugins/com.st.stm32cube.ide.mcu.externaltools.gnu-tools-for-stm32.7-2018-q2-update.win32_1.0.0.201904181610/tools/bin/../lib/gcc/arm-none-eabi/7.3.1/thumb/v6-m\libgcc.a(adddf3.o)
                0x0000000008000690                __aeabi_dadd
 .text          0x0000000008000cc8      0x604 c:/st/stm32cubeide_1.0.2/stm32cubeide/plugins/com.st.stm32cube.ide.mcu.externaltools.gnu-tools-for-stm32.7-2018-q2-update.win32_1.0.0.201904181610/tools/bin/../lib/gcc/arm-none-eabi/7.3.1/thumb/v6-m\libgcc.a(divdf3.o)
                0x0000000008000cc8                __aeabi_ddiv
 .text          0x00000000080012cc       0x78 c:/st/stm32cubeide_1.0.2/stm32cubeide/plugins/com.st.stm32cube.ide.mcu.externaltools.gnu-tools-for-stm32.7-2018-q2-update.win32_1.0.0.201904181610/tools/bin/../lib/gcc/arm-none-eabi/7.3.1/thumb/v6-m\libgcc.a(eqdf2.o)
                0x00000000080012cc                __nedf2
                0x00000000080012cc                __eqdf2
 .text          0x0000000008001344       0xc8 c:/st/stm32cubeide_1.0.2/stm32cubeide/plugins/com.st.stm32cube.ide.mcu.externaltools.gnu-tools-for-stm32.7-2018-q2-update.win32_1.0.0.201904181610/tools/bin/../lib/gcc/arm-none-eabi/7.3.1/thumb/v6-m\libgcc.a(gedf2.o)
                0x0000000008001344                __gedf2
                0x0000000008001344                __gtdf2
 .text          0x000000000800140c       0xd0 c:/st/stm32cubeide_1.0.2/stm32cubeide/plugins/com.st.stm32cube.ide.mcu.externaltools.gnu-tools-for-stm32.7-2018-q2-update.win32_1.0.0.201904181610/tools/bin/../lib/gcc/arm-none-eabi/7.3.1/thumb/v6-m\libgcc.a(ledf2.o)
                0x000000000800140c                __ledf2
                0x000000000800140c                __ltdf2
 .text          0x00000000080014dc      0x4e4 c:/st/stm32cubeide_1.0.2/stm32cubeide/plugins/com.st.stm32cube.ide.mcu.externaltools.gnu-tools-for-stm32.7-2018-q2-update.win32_1.0.0.201904181610/tools/bin/../lib/gcc/arm-none-eabi/7.3.1/thumb/v6-m\libgcc.a(muldf3.o)
                0x00000000080014dc                __aeabi_dmul
 .text          0x00000000080019c0      0x690 c:/st/stm32cubeide_1.0.2/stm32cubeide/plugins/com.st.stm32cube.ide.mcu.externaltools.gnu-tools-for-stm32.7-2018-q2-update.win32_1.0.0.201904181610/tools/bin/../lib/gcc/arm-none-eabi/7.3.1/thumb/v6-m\libgcc.a(subdf3.o)
                0x00000000080019c0                __aeabi_dsub
 .text          0x0000000008002050       0x6c c:/st/stm32cubeide_1.0.2/stm32cubeide/plugins/com.st.stm32cube.ide.mcu.externaltools.gnu-tools-for-stm32.7-2018-q2-update.win32_1.0.0.201904181610/tools/bin/../lib/gcc/arm-none-eabi/7.3.1/thumb/v6-m\libgcc.a(fixdfsi.o)
                0x0000000008002050                __aeabi_d2iz
 .text          0x00000000080020bc       0x74 c:/st/stm32cubeide_1.0.2/stm32cubeide/plugins/com.st.stm32cube.ide.mcu.externaltools.gnu-tools-for-stm32.7-2018-q2-update.win32_1.0.0.201904181610/tools/bin/../lib/gcc/arm-none-eabi/7.3.1/thumb/v6-m\libgcc.a(floatsidf.o)
                0x00000000080020bc                __aeabi_i2d
 .text          0x0000000008002130       0x64 c:/st/stm32cubeide_1.0.2/stm32cubeide/plugins/com.st.stm32cube.ide.mcu.externaltools.gnu-tools-for-stm32.7-2018-q2-update.win32_1.0.0.201904181610/tools/bin/../lib/gcc/arm-none-eabi/7.3.1/thumb/v6-m\libgcc.a(floatunsidf.o)
                0x0000000008002130                __aeabi_ui2d
 .text          0x0000000008002194       0x3c c:/st/stm32cubeide_1.0.2/stm32cubeide/plugins/com.st.stm32cube.ide.mcu.externaltools.gnu-tools-for-stm32.7-2018-q2-update.win32_1.0.0.201904181610/tools/bin/../lib/gcc/arm-none-eabi/7.3.1/thumb/v6-m\libgcc.a(_clzsi2.o)
                0x0000000008002194                __clzsi2
 .text          0x00000000080021d0       0x18 c:/st/stm32cubeide_1.0.2/stm32cubeide/plugins/com.st.stm32cube.ide.mcu.externaltools.gnu-tools-for-stm32.7-2018-q2-update.win32_1.0.0.201904181610/tools/bin/../lib/gcc/arm-none-eabi/7.3.1/thumb/v6-m\libgcc.a(_clzdi2.o)
                0x00000000080021d0                __clzdi2
 *(.text*)
 .text.HAL_Init
                0x00000000080021e8       0x40 Drivers/STM32G0xx_HAL_Driver/Src/stm32g0xx_hal.o
                0x00000000080021e8                HAL_Init
 .text.HAL_InitTick
                0x0000000008002228       0x94 Drivers/STM32G0xx_HAL_Driver/Src/stm32g0xx_hal.o
                0x0000000008002228                HAL_InitTick
 .text.HAL_IncTick
                0x00000000080022bc       0x20 Drivers/STM32G0xx_HAL_Driver/Src/stm32g0xx_hal.o
                0x00000000080022bc                HAL_IncTick
 .text.HAL_GetTick
                0x00000000080022dc       0x14 Drivers/STM32G0xx_HAL_Driver/Src/stm32g0xx_hal.o
                0x00000000080022dc                HAL_GetTick
 .text.HAL_Delay
                0x00000000080022f0       0x44 Drivers/STM32G0xx_HAL_Driver/Src/stm32g0xx_hal.o
                0x00000000080022f0                HAL_Delay
 .text.__NVIC_EnableIRQ
                0x0000000008002334       0x34 Drivers/STM32G0xx_HAL_Driver/Src/stm32g0xx_hal_cortex.o
 .text.__NVIC_DisableIRQ
                0x0000000008002368       0x40 Drivers/STM32G0xx_HAL_Driver/Src/stm32g0xx_hal_cortex.o
 .text.__NVIC_SetPriority
                0x00000000080023a8       0xdc Drivers/STM32G0xx_HAL_Driver/Src/stm32g0xx_hal_cortex.o
 .text.SysTick_Config
                0x0000000008002484       0x48 Drivers/STM32G0xx_HAL_Driver/Src/stm32g0xx_hal_cortex.o
 .text.HAL_NVIC_SetPriority
                0x00000000080024cc       0x2a Drivers/STM32G0xx_HAL_Driver/Src/stm32g0xx_hal_cortex.o
                0x00000000080024cc                HAL_NVIC_SetPriority
 .text.HAL_NVIC_EnableIRQ
                0x00000000080024f6       0x20 Drivers/STM32G0xx_HAL_Driver/Src/stm32g0xx_hal_cortex.o
                0x00000000080024f6                HAL_NVIC_EnableIRQ
 .text.HAL_NVIC_DisableIRQ
                0x0000000008002516       0x20 Drivers/STM32G0xx_HAL_Driver/Src/stm32g0xx_hal_cortex.o
                0x0000000008002516                HAL_NVIC_DisableIRQ
 .text.HAL_SYSTICK_Config
                0x0000000008002536       0x1a Drivers/STM32G0xx_HAL_Driver/Src/stm32g0xx_hal_cortex.o
                0x0000000008002536                HAL_SYSTICK_Config
 .text.HAL_DMA_Abort_IT
                0x0000000008002550       0xf4 Drivers/STM32G0xx_HAL_Driver/Src/stm32g0xx_hal_dma.o
                0x0000000008002550                HAL_DMA_Abort_IT
 .text.HAL_GPIO_Init
                0x0000000008002644      0x2c8 Drivers/STM32G0xx_HAL_Driver/Src/stm32g0xx_hal_gpio.o
                0x0000000008002644                HAL_GPIO_Init
 .text.HAL_GPIO_DeInit
                0x000000000800290c      0x1a0 Drivers/STM32G0xx_HAL_Driver/Src/stm32g0xx_hal_gpio.o
                0x000000000800290c                HAL_GPIO_DeInit
 .text.HAL_GPIO_WritePin
                0x0000000008002aac       0x3a Drivers/STM32G0xx_HAL_Driver/Src/stm32g0xx_hal_gpio.o
                0x0000000008002aac                HAL_GPIO_WritePin
 .text.HAL_I2C_DeInit
                0x0000000008002ae6       0x60 Drivers/STM32G0xx_HAL_Driver/Src/stm32g0xx_hal_i2c.o
                0x0000000008002ae6                HAL_I2C_DeInit
 .text.HAL_I2C_EV_IRQHandler
                0x0000000008002b46       0x34 Drivers/STM32G0xx_HAL_Driver/Src/stm32g0xx_hal_i2c.o
                0x0000000008002b46                HAL_I2C_EV_IRQHandler
 .text.HAL_I2C_ER_IRQHandler
                0x0000000008002b7a       0xc4 Drivers/STM32G0xx_HAL_Driver/Src/stm32g0xx_hal_i2c.o
                0x0000000008002b7a                HAL_I2C_ER_IRQHandler
 .text.HAL_I2C_SlaveTxCpltCallback
                0x0000000008002c3e       0x10 Drivers/STM32G0xx_HAL_Driver/Src/stm32g0xx_hal_i2c.o
                0x0000000008002c3e                HAL_I2C_SlaveTxCpltCallback
 .text.HAL_I2C_SlaveRxCpltCallback
                0x0000000008002c4e       0x10 Drivers/STM32G0xx_HAL_Driver/Src/stm32g0xx_hal_i2c.o
                0x0000000008002c4e                HAL_I2C_SlaveRxCpltCallback
 .text.HAL_I2C_AddrCallback
                0x0000000008002c5e       0x20 Drivers/STM32G0xx_HAL_Driver/Src/stm32g0xx_hal_i2c.o
                0x0000000008002c5e                HAL_I2C_AddrCallback
 .text.HAL_I2C_ListenCpltCallback
                0x0000000008002c7e       0x10 Drivers/STM32G0xx_HAL_Driver/Src/stm32g0xx_hal_i2c.o
                0x0000000008002c7e                HAL_I2C_ListenCpltCallback
 .text.HAL_I2C_ErrorCallback
                0x0000000008002c8e       0x10 Drivers/STM32G0xx_HAL_Driver/Src/stm32g0xx_hal_i2c.o
                0x0000000008002c8e                HAL_I2C_ErrorCallback
 .text.HAL_I2C_AbortCpltCallback
                0x0000000008002c9e       0x10 Drivers/STM32G0xx_HAL_Driver/Src/stm32g0xx_hal_i2c.o
                0x0000000008002c9e                HAL_I2C_AbortCpltCallback
 *fill*         0x0000000008002cae        0x2 
 .text.I2C_Slave_ISR_IT
                0x0000000008002cb0      0x230 Drivers/STM32G0xx_HAL_Driver/Src/stm32g0xx_hal_i2c.o
 .text.I2C_ITAddrCplt
                0x0000000008002ee0      0x14a Drivers/STM32G0xx_HAL_Driver/Src/stm32g0xx_hal_i2c.o
 .text.I2C_ITSlaveSeqCplt
                0x000000000800302a       0x82 Drivers/STM32G0xx_HAL_Driver/Src/stm32g0xx_hal_i2c.o
 .text.I2C_ITSlaveCplt
                0x00000000080030ac      0x1c0 Drivers/STM32G0xx_HAL_Driver/Src/stm32g0xx_hal_i2c.o
 .text.I2C_ITListenCplt
                0x000000000800326c       0xac Drivers/STM32G0xx_HAL_Driver/Src/stm32g0xx_hal_i2c.o
 .text.I2C_ITError
                0x0000000008003318      0x1a4 Drivers/STM32G0xx_HAL_Driver/Src/stm32g0xx_hal_i2c.o
 .text.I2C_Flush_TXDR
                0x00000000080034bc       0x44 Drivers/STM32G0xx_HAL_Driver/Src/stm32g0xx_hal_i2c.o
 .text.I2C_DMAAbort
                0x0000000008003500       0x4c Drivers/STM32G0xx_HAL_Driver/Src/stm32g0xx_hal_i2c.o
 .text.I2C_Disable_IRQ
                0x000000000800354c       0xd2 Drivers/STM32G0xx_HAL_Driver/Src/stm32g0xx_hal_i2c.o
 *fill*         0x000000000800361e        0x2 
 .text.HAL_I2CEx_ConfigAnalogFilter
                0x0000000008003620       0x98 Drivers/STM32G0xx_HAL_Driver/Src/stm32g0xx_hal_i2c_ex.o
                0x0000000008003620                HAL_I2CEx_ConfigAnalogFilter
 .text.HAL_LPTIM_Init
                0x00000000080036b8      0x12c Drivers/STM32G0xx_HAL_Driver/Src/stm32g0xx_hal_lptim.o
                0x00000000080036b8                HAL_LPTIM_Init
 .text.HAL_LPTIM_TimeOut_Start_IT
                0x00000000080037e4       0x78 Drivers/STM32G0xx_HAL_Driver/Src/stm32g0xx_hal_lptim.o
                0x00000000080037e4                HAL_LPTIM_TimeOut_Start_IT
 .text.HAL_LPTIM_IRQHandler
                0x000000000800385c      0x144 Drivers/STM32G0xx_HAL_Driver/Src/stm32g0xx_hal_lptim.o
                0x000000000800385c                HAL_LPTIM_IRQHandler
 .text.HAL_LPTIM_AutoReloadMatchCallback
                0x00000000080039a0       0x10 Drivers/STM32G0xx_HAL_Driver/Src/stm32g0xx_hal_lptim.o
                0x00000000080039a0                HAL_LPTIM_AutoReloadMatchCallback
 .text.HAL_LPTIM_TriggerCallback
                0x00000000080039b0       0x10 Drivers/STM32G0xx_HAL_Driver/Src/stm32g0xx_hal_lptim.o
                0x00000000080039b0                HAL_LPTIM_TriggerCallback
 .text.HAL_LPTIM_CompareWriteCallback
                0x00000000080039c0       0x10 Drivers/STM32G0xx_HAL_Driver/Src/stm32g0xx_hal_lptim.o
                0x00000000080039c0                HAL_LPTIM_CompareWriteCallback
 .text.HAL_LPTIM_AutoReloadWriteCallback
                0x00000000080039d0       0x10 Drivers/STM32G0xx_HAL_Driver/Src/stm32g0xx_hal_lptim.o
                0x00000000080039d0                HAL_LPTIM_AutoReloadWriteCallback
 .text.HAL_LPTIM_DirectionUpCallback
                0x00000000080039e0       0x10 Drivers/STM32G0xx_HAL_Driver/Src/stm32g0xx_hal_lptim.o
                0x00000000080039e0                HAL_LPTIM_DirectionUpCallback
 .text.HAL_LPTIM_DirectionDownCallback
                0x00000000080039f0       0x10 Drivers/STM32G0xx_HAL_Driver/Src/stm32g0xx_hal_lptim.o
                0x00000000080039f0                HAL_LPTIM_DirectionDownCallback
 .text.HAL_PWREx_ControlVoltageScaling
                0x0000000008003a00       0x80 Drivers/STM32G0xx_HAL_Driver/Src/stm32g0xx_hal_pwr_ex.o
                0x0000000008003a00                HAL_PWREx_ControlVoltageScaling
 .text.LL_RCC_GetAPB1Prescaler
                0x0000000008003a80       0x18 Drivers/STM32G0xx_HAL_Driver/Src/stm32g0xx_hal_rcc.o
 .text.HAL_RCC_OscConfig
                0x0000000008003a98      0x640 Drivers/STM32G0xx_HAL_Driver/Src/stm32g0xx_hal_rcc.o
                0x0000000008003a98                HAL_RCC_OscConfig
 .text.HAL_RCC_ClockConfig
                0x00000000080040d8      0x210 Drivers/STM32G0xx_HAL_Driver/Src/stm32g0xx_hal_rcc.o
                0x00000000080040d8                HAL_RCC_ClockConfig
 .text.HAL_RCC_GetSysClockFreq
                0x00000000080042e8      0x104 Drivers/STM32G0xx_HAL_Driver/Src/stm32g0xx_hal_rcc.o
                0x00000000080042e8                HAL_RCC_GetSysClockFreq
 .text.HAL_RCC_GetHCLKFreq
                0x00000000080043ec       0x14 Drivers/STM32G0xx_HAL_Driver/Src/stm32g0xx_hal_rcc.o
                0x00000000080043ec                HAL_RCC_GetHCLKFreq
 .text.HAL_RCC_GetPCLK1Freq
                0x0000000008004400       0x2c Drivers/STM32G0xx_HAL_Driver/Src/stm32g0xx_hal_rcc.o
                0x0000000008004400                HAL_RCC_GetPCLK1Freq
 .text.HAL_RCCEx_PeriphCLKConfig
                0x000000000800442c      0x2f4 Drivers/STM32G0xx_HAL_Driver/Src/stm32g0xx_hal_rcc_ex.o
                0x000000000800442c                HAL_RCCEx_PeriphCLKConfig
 .text.HAL_UART_Init
                0x0000000008004720       0xac Drivers/STM32G0xx_HAL_Driver/Src/stm32g0xx_hal_uart.o
                0x0000000008004720                HAL_UART_Init
 .text.HAL_UART_DeInit
                0x00000000080047cc       0x74 Drivers/STM32G0xx_HAL_Driver/Src/stm32g0xx_hal_uart.o
                0x00000000080047cc                HAL_UART_DeInit
 .text.HAL_UART_Transmit
                0x0000000008004840      0x156 Drivers/STM32G0xx_HAL_Driver/Src/stm32g0xx_hal_uart.o
                0x0000000008004840                HAL_UART_Transmit
 *fill*         0x0000000008004996        0x2 
 .text.HAL_UART_Receive_IT
                0x0000000008004998      0x1e8 Drivers/STM32G0xx_HAL_Driver/Src/stm32g0xx_hal_uart.o
                0x0000000008004998                HAL_UART_Receive_IT
 .text.HAL_UART_IRQHandler
                0x0000000008004b80      0x2bc Drivers/STM32G0xx_HAL_Driver/Src/stm32g0xx_hal_uart.o
                0x0000000008004b80                HAL_UART_IRQHandler
 .text.HAL_UART_TxCpltCallback
                0x0000000008004e3c       0x10 Drivers/STM32G0xx_HAL_Driver/Src/stm32g0xx_hal_uart.o
                0x0000000008004e3c                HAL_UART_TxCpltCallback
 .text.HAL_UART_RxCpltCallback
                0x0000000008004e4c       0x10 Drivers/STM32G0xx_HAL_Driver/Src/stm32g0xx_hal_uart.o
                0x0000000008004e4c                HAL_UART_RxCpltCallback
 .text.HAL_UART_ErrorCallback
                0x0000000008004e5c       0x10 Drivers/STM32G0xx_HAL_Driver/Src/stm32g0xx_hal_uart.o
                0x0000000008004e5c                HAL_UART_ErrorCallback
 .text.UART_SetConfig
                0x0000000008004e6c     0x115c Drivers/STM32G0xx_HAL_Driver/Src/stm32g0xx_hal_uart.o
                0x0000000008004e6c                UART_SetConfig
 .text.UART_AdvFeatureConfig
                0x0000000008005fc8      0x168 Drivers/STM32G0xx_HAL_Driver/Src/stm32g0xx_hal_uart.o
                0x0000000008005fc8                UART_AdvFeatureConfig
 .text.UART_CheckIdleState
                0x0000000008006130       0x94 Drivers/STM32G0xx_HAL_Driver/Src/stm32g0xx_hal_uart.o
                0x0000000008006130                UART_CheckIdleState
 .text.UART_WaitOnFlagUntilTimeout
                0x00000000080061c4       0x98 Drivers/STM32G0xx_HAL_Driver/Src/stm32g0xx_hal_uart.o
                0x00000000080061c4                UART_WaitOnFlagUntilTimeout
 .text.UART_EndRxTransfer
                0x000000000800625c       0x48 Drivers/STM32G0xx_HAL_Driver/Src/stm32g0xx_hal_uart.o
 .text.UART_DMAAbortOnError
                0x00000000080062a4       0x2e Drivers/STM32G0xx_HAL_Driver/Src/stm32g0xx_hal_uart.o
 .text.UART_EndTransmit_IT
                0x00000000080062d2       0x36 Drivers/STM32G0xx_HAL_Driver/Src/stm32g0xx_hal_uart.o
 .text.UART_RxISR_8BIT
                0x0000000008006308       0xc0 Drivers/STM32G0xx_HAL_Driver/Src/stm32g0xx_hal_uart.o
 .text.UART_RxISR_16BIT
                0x00000000080063c8       0xc0 Drivers/STM32G0xx_HAL_Driver/Src/stm32g0xx_hal_uart.o
 .text.UART_RxISR_8BIT_FIFOEN
                0x0000000008006488      0x13c Drivers/STM32G0xx_HAL_Driver/Src/stm32g0xx_hal_uart.o
 .text.UART_RxISR_16BIT_FIFOEN
                0x00000000080065c4      0x13c Drivers/STM32G0xx_HAL_Driver/Src/stm32g0xx_hal_uart.o
 .text.HAL_UARTEx_WakeupCallback
                0x0000000008006700       0x10 Drivers/STM32G0xx_HAL_Driver/Src/stm32g0xx_hal_uart_ex.o
                0x0000000008006700                HAL_UARTEx_WakeupCallback
 .text.HAL_UARTEx_RxFifoFullCallback
                0x0000000008006710       0x10 Drivers/STM32G0xx_HAL_Driver/Src/stm32g0xx_hal_uart_ex.o
                0x0000000008006710                HAL_UARTEx_RxFifoFullCallback
 .text.HAL_UARTEx_TxFifoEmptyCallback
                0x0000000008006720       0x10 Drivers/STM32G0xx_HAL_Driver/Src/stm32g0xx_hal_uart_ex.o
                0x0000000008006720                HAL_UARTEx_TxFifoEmptyCallback
 .text.HAL_UARTEx_DisableFifoMode
                0x0000000008006730       0x74 Drivers/STM32G0xx_HAL_Driver/Src/stm32g0xx_hal_uart_ex.o
                0x0000000008006730                HAL_UARTEx_DisableFifoMode
 .text.HAL_UARTEx_SetTxFifoThreshold
                0x00000000080067a4       0x7e Drivers/STM32G0xx_HAL_Driver/Src/stm32g0xx_hal_uart_ex.o
                0x00000000080067a4                HAL_UARTEx_SetTxFifoThreshold
 *fill*         0x0000000008006822        0x2 
 .text.HAL_UARTEx_SetRxFifoThreshold
                0x0000000008006824       0x84 Drivers/STM32G0xx_HAL_Driver/Src/stm32g0xx_hal_uart_ex.o
                0x0000000008006824                HAL_UARTEx_SetRxFifoThreshold
 .text.UARTEx_SetNbDataToProcess
                0x00000000080068a8       0xd4 Drivers/STM32G0xx_HAL_Driver/Src/stm32g0xx_hal_uart_ex.o
 .text.LL_PWR_EnableFlashPowerDownInStop
                0x000000000800697c       0x1c Src/event.o
 .text.LL_PWR_SetPowerMode
                0x0000000008006998       0x28 Src/event.o
 .text.LL_PWR_EnableSRAMRetention
                0x00000000080069c0       0x1c Src/event.o
 .text.LL_LPM_EnableSleep
                0x00000000080069dc       0x1c Src/event.o
 .text.LL_LPM_EnableDeepSleep
                0x00000000080069f8       0x1c Src/event.o
 .text.LL_LPM_DisableSleepOnExit
                0x0000000008006a14       0x1c Src/event.o
 .text.LL_LPM_EnableEventOnPend
                0x0000000008006a30       0x1c Src/event.o
 .text.eventWait
                0x0000000008006a4c       0x5c Src/event.o
                0x0000000008006a4c                eventWait
 .text.eventPollTimer
                0x0000000008006aa8       0x30 Src/event.o
                0x0000000008006aa8                eventPollTimer
 .text.event    0x0000000008006ad8       0x20 Src/event.o
                0x0000000008006ad8                event
 .text.eventOccurred
                0x0000000008006af8       0x14 Src/event.o
                0x0000000008006af8                eventOccurred
 .text.eventClear
                0x0000000008006b0c       0x24 Src/event.o
                0x0000000008006b0c                eventClear
 .text.eventSleep
                0x0000000008006b30       0xa4 Src/event.o
                0x0000000008006b30                eventSleep
 .text.setup    0x0000000008006bd4       0x50 Src/example.o
                0x0000000008006bd4                setup
 .text.loop     0x0000000008006c24      0x17c Src/example.o
                0x0000000008006c24                loop
 .text.main     0x0000000008006da0       0x58 Src/main.o
                0x0000000008006da0                main
 .text.SystemClock_Config
                0x0000000008006df8       0xe0 Src/main.o
                0x0000000008006df8                SystemClock_Config
 .text.MX_I2C1_DeInit
                0x0000000008006ed8       0x40 Src/main.o
                0x0000000008006ed8                MX_I2C1_DeInit
 .text.MX_USART1_UART_Init
                0x0000000008006f18       0xdc Src/main.o
                0x0000000008006f18                MX_USART1_UART_Init
 .text.MY_UART_IRQHandler
                0x0000000008006ff4       0xa0 Src/main.o
                0x0000000008006ff4                MY_UART_IRQHandler
 .text.MX_USART1_UART_DeInit
                0x0000000008007094       0x30 Src/main.o
                0x0000000008007094                MX_USART1_UART_DeInit
 .text.MX_LPTIM1_Init
                0x00000000080070c4       0x74 Src/main.o
                0x00000000080070c4                MX_LPTIM1_Init
 .text.HAL_LPTIM_CompareMatchCallback
                0x0000000008007138       0x28 Src/main.o
                0x0000000008007138                HAL_LPTIM_CompareMatchCallback
 .text.MY_TimerMs
                0x0000000008007160       0x14 Src/main.o
                0x0000000008007160                MY_TimerMs
 .text.MX_GPIO_Init
                0x0000000008007174      0x174 Src/main.o
                0x0000000008007174                MX_GPIO_Init
 .text.HAL_GPIO_EXTI_Rising_Callback
                0x00000000080072e8       0x24 Src/main.o
                0x00000000080072e8                HAL_GPIO_EXTI_Rising_Callback
 .text.Error_Handler
                0x000000000800730c        0xa Src/main.o
                0x000000000800730c                Error_Handler
 .text.delay    0x0000000008007316       0x18 Src/main.o
                0x0000000008007316                delay
 .text.millis   0x000000000800732e       0x10 Src/main.o
                0x000000000800732e                millis
 .text.MY_Debug
                0x000000000800733e        0xc Src/main.o
                0x000000000800733e                MY_Debug
 .text.MY_Sleep_DeInit
                0x000000000800734a       0x16 Src/main.o
                0x000000000800734a                MY_Sleep_DeInit
 .text.noteSerialReset
                0x0000000008007360       0x12 Src/main.o
                0x0000000008007360                noteSerialReset
 *fill*         0x0000000008007372        0x2 
 .text.noteSerialTransmit
                0x0000000008007374       0x2c Src/main.o
                0x0000000008007374                noteSerialTransmit
 .text.noteSerialAvailable
                0x00000000080073a0       0x24 Src/main.o
                0x00000000080073a0                noteSerialAvailable
 .text.noteSerialReceive
                0x00000000080073c4       0x60 Src/main.o
                0x00000000080073c4                noteSerialReceive
 .text.HAL_MspInit
                0x0000000008007424       0x48 Src/stm32g0xx_hal_msp.o
                0x0000000008007424                HAL_MspInit
 .text.HAL_I2C_MspDeInit
                0x000000000800746c       0x48 Src/stm32g0xx_hal_msp.o
                0x000000000800746c                HAL_I2C_MspDeInit
 .text.HAL_UART_MspInit
                0x00000000080074b4       0xa8 Src/stm32g0xx_hal_msp.o
                0x00000000080074b4                HAL_UART_MspInit
 .text.HAL_UART_MspDeInit
                0x000000000800755c       0x48 Src/stm32g0xx_hal_msp.o
                0x000000000800755c                HAL_UART_MspDeInit
 .text.HAL_LPTIM_MspInit
                0x00000000080075a4       0x4c Src/stm32g0xx_hal_msp.o
                0x00000000080075a4                HAL_LPTIM_MspInit
 .text.NMI_Handler
                0x00000000080075f0        0xa Src/stm32g0xx_it.o
                0x00000000080075f0                NMI_Handler
 .text.HardFault_Handler
                0x00000000080075fa        0x6 Src/stm32g0xx_it.o
                0x00000000080075fa                HardFault_Handler
 .text.SVC_Handler
                0x0000000008007600        0xa Src/stm32g0xx_it.o
                0x0000000008007600                SVC_Handler
 .text.PendSV_Handler
                0x000000000800760a        0xa Src/stm32g0xx_it.o
                0x000000000800760a                PendSV_Handler
 .text.SysTick_Handler
                0x0000000008007614        0xe Src/stm32g0xx_it.o
                0x0000000008007614                SysTick_Handler
 *fill*         0x0000000008007622        0x2 
 .text.I2C1_IRQHandler
                0x0000000008007624       0x30 Src/stm32g0xx_it.o
                0x0000000008007624                I2C1_IRQHandler
 .text.USART1_IRQHandler
                0x0000000008007654       0x20 Src/stm32g0xx_it.o
                0x0000000008007654                USART1_IRQHandler
 .text.MY_GPIO_EXTI_IRQHandler
                0x0000000008007674       0x68 Src/stm32g0xx_it.o
                0x0000000008007674                MY_GPIO_EXTI_IRQHandler
 .text.EXTI0_1_IRQHandler
                0x00000000080076dc       0x10 Src/stm32g0xx_it.o
                0x00000000080076dc                EXTI0_1_IRQHandler
 .text.EXTI2_3_IRQHandler
                0x00000000080076ec       0x10 Src/stm32g0xx_it.o
                0x00000000080076ec                EXTI2_3_IRQHandler
 .text.EXTI4_15_IRQHandler
                0x00000000080076fc       0x18 Src/stm32g0xx_it.o
                0x00000000080076fc                EXTI4_15_IRQHandler
 .text.LPTIM1_IRQHandler
                0x0000000008007714       0x18 Src/stm32g0xx_it.o
                0x0000000008007714                LPTIM1_IRQHandler
 .text._sbrk    0x000000000800772c       0x58 Src/sysmem.o
                0x000000000800772c                _sbrk
 .text.SystemInit
                0x0000000008007784       0x18 Src/system_stm32g0xx.o
                0x0000000008007784                SystemInit
 .text.SystemCoreClockUpdate
                0x000000000800779c      0x108 Src/system_stm32g0xx.o
                0x000000000800779c                SystemCoreClockUpdate
 .text.Reset_Handler
                0x00000000080078a4       0x50 Startup/startup_stm32g031k8tx.o
                0x00000000080078a4                Reset_Handler
 .text.Default_Handler
                0x00000000080078f4        0x2 Startup/startup_stm32g031k8tx.o
                0x00000000080078f4                TIM1_CC_IRQHandler
                0x00000000080078f4                PVD_IRQHandler
                0x00000000080078f4                LPTIM2_IRQHandler
                0x00000000080078f4                RTC_TAMP_IRQHandler
                0x00000000080078f4                SPI1_IRQHandler
                0x00000000080078f4                DMA1_Ch4_5_DMAMUX1_OVR_IRQHandler
                0x00000000080078f4                ADC1_IRQHandler
                0x00000000080078f4                I2C2_IRQHandler
                0x00000000080078f4                TIM17_IRQHandler
                0x00000000080078f4                TIM16_IRQHandler
                0x00000000080078f4                TIM3_IRQHandler
                0x00000000080078f4                RCC_IRQHandler
                0x00000000080078f4                DMA1_Channel1_IRQHandler
                0x00000000080078f4                Default_Handler
                0x00000000080078f4                TIM14_IRQHandler
                0x00000000080078f4                SPI2_IRQHandler
                0x00000000080078f4                WWDG_IRQHandler
                0x00000000080078f4                LPUART1_IRQHandler
                0x00000000080078f4                TIM2_IRQHandler
                0x00000000080078f4                DMA1_Channel2_3_IRQHandler
                0x00000000080078f4                USART2_IRQHandler
                0x00000000080078f4                FLASH_IRQHandler
                0x00000000080078f4                TIM1_BRK_UP_TRG_COM_IRQHandler
 *fill*         0x00000000080078f6        0x2 
 .text.JAtoN    0x00000000080078f8      0x28c note-c/n_atof.o
                0x00000000080078f8                JAtoN
 .text.case_insensitive_strcmp
                0x0000000008007b84      0x120 note-c/n_cjson.o
 .text.Jstrdup  0x0000000008007ca4       0x58 note-c/n_cjson.o
 .text.JFree    0x0000000008007cfc       0x20 note-c/n_cjson.o
                0x0000000008007cfc                JFree
 .text.JNew_Item
                0x0000000008007d1c       0x30 note-c/n_cjson.o
 .text.JDelete  0x0000000008007d4c       0x94 note-c/n_cjson.o
                0x0000000008007d4c                JDelete
 .text.get_decimal_point
                0x0000000008007de0        0xc note-c/n_cjson.o
 .text.parse_number
                0x0000000008007dec      0x16c note-c/n_cjson.o
 .text.ensure   0x0000000008007f58      0x148 note-c/n_cjson.o
 .text.update_offset
                0x00000000080080a0       0x44 note-c/n_cjson.o
 .text.print_number
                0x00000000080080e4      0x130 note-c/n_cjson.o
 .text.parse_hex4
                0x0000000008008214       0xc0 note-c/n_cjson.o
 .text.utf16_literal_to_utf8
                0x00000000080082d4      0x218 note-c/n_cjson.o
 .text.parse_string
                0x00000000080084ec      0x224 note-c/n_cjson.o
 .text.htoa16   0x0000000008008710       0x76 note-c/n_cjson.o
                0x0000000008008710                htoa16
 *fill*         0x0000000008008786        0x2 
 .text.print_string_ptr
                0x0000000008008788      0x1fc note-c/n_cjson.o
 .text.print_string
                0x0000000008008984       0x22 note-c/n_cjson.o
 .text.buffer_skip_whitespace
                0x00000000080089a6       0x66 note-c/n_cjson.o
 .text.skip_utf8_bom
                0x0000000008008a0c       0x68 note-c/n_cjson.o
 .text.JParseWithOpts
                0x0000000008008a74      0x170 note-c/n_cjson.o
                0x0000000008008a74                JParseWithOpts
 .text.JParse   0x0000000008008be4       0x1e note-c/n_cjson.o
                0x0000000008008be4                JParse
 *fill*         0x0000000008008c02        0x2 
 .text.print    0x0000000008008c04      0x138 note-c/n_cjson.o
 .text.JPrintUnformatted
                0x0000000008008d3c       0x24 note-c/n_cjson.o
                0x0000000008008d3c                JPrintUnformatted
 .text.parse_value
                0x0000000008008d60      0x1e0 note-c/n_cjson.o
 .text.print_value
                0x0000000008008f40      0x17c note-c/n_cjson.o
 .text.parse_array
                0x00000000080090bc      0x18c note-c/n_cjson.o
 .text.print_array
                0x0000000008009248      0x11c note-c/n_cjson.o
 .text.parse_object
                0x0000000008009364      0x204 note-c/n_cjson.o
 .text.print_object
                0x0000000008009568      0x252 note-c/n_cjson.o
 .text.get_object_item
                0x00000000080097ba       0x76 note-c/n_cjson.o
 .text.JGetObjectItem
                0x0000000008009830       0x20 note-c/n_cjson.o
                0x0000000008009830                JGetObjectItem
 .text.suffix_object
                0x0000000008009850       0x1e note-c/n_cjson.o
 .text.add_item_to_array
                0x000000000800986e       0x56 note-c/n_cjson.o
 .text.cast_away_const
                0x00000000080098c4       0x12 note-c/n_cjson.o
 *fill*         0x00000000080098d6        0x2 
 .text.add_item_to_object
                0x00000000080098d8       0xb8 note-c/n_cjson.o
 .text.JAddItemToObject
                0x0000000008009990       0x2c note-c/n_cjson.o
                0x0000000008009990                JAddItemToObject
 .text.JAddBoolToObject
                0x00000000080099bc       0x48 note-c/n_cjson.o
                0x00000000080099bc                JAddBoolToObject
 .text.JAddNumberToObject
                0x0000000008009a04       0x50 note-c/n_cjson.o
                0x0000000008009a04                JAddNumberToObject
 .text.JAddStringToObject
                0x0000000008009a54       0x48 note-c/n_cjson.o
                0x0000000008009a54                JAddStringToObject
 .text.JCreateBool
                0x0000000008009a9c       0x38 note-c/n_cjson.o
                0x0000000008009a9c                JCreateBool
 .text.JCreateNumber
                0x0000000008009ad4       0x8c note-c/n_cjson.o
                0x0000000008009ad4                JCreateNumber
 .text.JCreateString
                0x0000000008009b60       0x54 note-c/n_cjson.o
                0x0000000008009b60                JCreateString
 .text.JCreateObject
                0x0000000008009bb4       0x2c note-c/n_cjson.o
                0x0000000008009bb4                JCreateObject
 .text.JIsNumber
                0x0000000008009be0       0x2a note-c/n_cjson.o
                0x0000000008009be0                JIsNumber
 .text.JIsString
                0x0000000008009c0a       0x2a note-c/n_cjson.o
                0x0000000008009c0a                JIsString
 .text.JGetNumber
                0x0000000008009c34       0x54 note-c/n_cjson_helpers.o
                0x0000000008009c34                JGetNumber
 .text.JIsNullString
                0x0000000008009c88       0x62 note-c/n_cjson_helpers.o
                0x0000000008009c88                JIsNullString
 *fill*         0x0000000008009cea        0x2 
 .text.JNtoA    0x0000000008009cec      0x308 note-c/n_ftoa.o
                0x0000000008009cec                JNtoA
 .text.NoteSetFn
                0x0000000008009ff4       0x40 note-c/n_hooks.o
                0x0000000008009ff4                NoteSetFn
 .text.NoteSetFnSerial
                0x000000000800a034       0x64 note-c/n_hooks.o
                0x000000000800a034                NoteSetFnSerial
 .text.NoteFnDebug
                0x000000000800a098       0x54 note-c/n_hooks.o
                0x000000000800a098                NoteFnDebug
 .text.NoteFnGetMs
                0x000000000800a0ec       0x24 note-c/n_hooks.o
                0x000000000800a0ec                NoteFnGetMs
 .text.NoteFnDelayMs
                0x000000000800a110       0x28 note-c/n_hooks.o
                0x000000000800a110                NoteFnDelayMs
 .text.NoteFnMalloc
                0x000000000800a138       0x2c note-c/n_hooks.o
                0x000000000800a138                NoteFnMalloc
 .text.NoteFnFree
                0x000000000800a164       0x28 note-c/n_hooks.o
                0x000000000800a164                NoteFnFree
 .text.NoteFnLockNote
                0x000000000800a18c       0x1c note-c/n_hooks.o
                0x000000000800a18c                NoteFnLockNote
 .text.NoteFnUnlockNote
                0x000000000800a1a8       0x1c note-c/n_hooks.o
                0x000000000800a1a8                NoteFnUnlockNote
 .text.NoteFnSerialReset
                0x000000000800a1c4       0x28 note-c/n_hooks.o
                0x000000000800a1c4                NoteFnSerialReset
 .text.NoteFnSerialTransmit
                0x000000000800a1ec       0x3c note-c/n_hooks.o
                0x000000000800a1ec                NoteFnSerialTransmit
 .text.NoteFnSerialAvailable
                0x000000000800a228       0x30 note-c/n_hooks.o
                0x000000000800a228                NoteFnSerialAvailable
 .text.NoteFnSerialReceive
                0x000000000800a258       0x30 note-c/n_hooks.o
                0x000000000800a258                NoteFnSerialReceive
 .text.NoteFnNoteReset
                0x000000000800a288       0x24 note-c/n_hooks.o
                0x000000000800a288                NoteFnNoteReset
 .text.NoteFnTransaction
                0x000000000800a2ac       0x34 note-c/n_hooks.o
                0x000000000800a2ac                NoteFnTransaction
 .text.errDoc   0x000000000800a2e0       0x40 note-c/n_request.o
 .text.NoteNewRequest
                0x000000000800a320       0x30 note-c/n_request.o
                0x000000000800a320                NoteNewRequest
 .text.NoteRequest
                0x000000000800a350       0x64 note-c/n_request.o
                0x000000000800a350                NoteRequest
 .text.NoteRequestResponse
                0x000000000800a3b4       0x42 note-c/n_request.o
                0x000000000800a3b4                NoteRequestResponse
 *fill*         0x000000000800a3f6        0x2 
 .text.NoteTransaction
                0x000000000800a3f8      0x10c note-c/n_request.o
                0x000000000800a3f8                NoteTransaction
 .text.NoteResetRequired
                0x000000000800a504       0x14 note-c/n_request.o
                0x000000000800a504                NoteResetRequired
 .text.NoteReset
                0x000000000800a518       0x4c note-c/n_request.o
                0x000000000800a518                NoteReset
 .text.serialNoteTransaction
                0x000000000800a564      0x250 note-c/n_serial.o
                0x000000000800a564                serialNoteTransaction
 .text.serialNoteReset
                0x000000000800a7b4       0xf4 note-c/n_serial.o
                0x000000000800a7b4                serialNoteReset
 .text.__errno  0x000000000800a8a8        0xc c:/st/stm32cubeide_1.0.2/stm32cubeide/plugins/com.st.stm32cube.ide.mcu.externaltools.gnu-tools-for-stm32.7-2018-q2-update.win32_1.0.0.201904181610/tools/bin/../lib/gcc/arm-none-eabi/7.3.1/../../../../arm-none-eabi/lib/thumb/v6-m\libc_nano.a(lib_a-errno.o)
                0x000000000800a8a8                __errno
 .text.__libc_init_array
                0x000000000800a8b4       0x48 c:/st/stm32cubeide_1.0.2/stm32cubeide/plugins/com.st.stm32cube.ide.mcu.externaltools.gnu-tools-for-stm32.7-2018-q2-update.win32_1.0.0.201904181610/tools/bin/../lib/gcc/arm-none-eabi/7.3.1/../../../../arm-none-eabi/lib/thumb/v6-m\libc_nano.a(lib_a-init.o)
                0x000000000800a8b4                __libc_init_array
 .text.__locale_ctype_ptr
                0x000000000800a8fc       0x1c c:/st/stm32cubeide_1.0.2/stm32cubeide/plugins/com.st.stm32cube.ide.mcu.externaltools.gnu-tools-for-stm32.7-2018-q2-update.win32_1.0.0.201904181610/tools/bin/../lib/gcc/arm-none-eabi/7.3.1/../../../../arm-none-eabi/lib/thumb/v6-m\libc_nano.a(lib_a-locale.o)
                0x000000000800a8fc                __locale_ctype_ptr
 .text.malloc   0x000000000800a918       0x14 c:/st/stm32cubeide_1.0.2/stm32cubeide/plugins/com.st.stm32cube.ide.mcu.externaltools.gnu-tools-for-stm32.7-2018-q2-update.win32_1.0.0.201904181610/tools/bin/../lib/gcc/arm-none-eabi/7.3.1/../../../../arm-none-eabi/lib/thumb/v6-m\libc_nano.a(lib_a-malloc.o)
                0x000000000800a918                malloc
 .text.free     0x000000000800a92c       0x14 c:/st/stm32cubeide_1.0.2/stm32cubeide/plugins/com.st.stm32cube.ide.mcu.externaltools.gnu-tools-for-stm32.7-2018-q2-update.win32_1.0.0.201904181610/tools/bin/../lib/gcc/arm-none-eabi/7.3.1/../../../../arm-none-eabi/lib/thumb/v6-m\libc_nano.a(lib_a-malloc.o)
                0x000000000800a92c                free
 .text.__ascii_mbtowc
                0x000000000800a940       0x24 c:/st/stm32cubeide_1.0.2/stm32cubeide/plugins/com.st.stm32cube.ide.mcu.externaltools.gnu-tools-for-stm32.7-2018-q2-update.win32_1.0.0.201904181610/tools/bin/../lib/gcc/arm-none-eabi/7.3.1/../../../../arm-none-eabi/lib/thumb/v6-m\libc_nano.a(lib_a-mbtowc_r.o)
                0x000000000800a940                __ascii_mbtowc
 .text.memcpy   0x000000000800a964       0x12 c:/st/stm32cubeide_1.0.2/stm32cubeide/plugins/com.st.stm32cube.ide.mcu.externaltools.gnu-tools-for-stm32.7-2018-q2-update.win32_1.0.0.201904181610/tools/bin/../lib/gcc/arm-none-eabi/7.3.1/../../../../arm-none-eabi/lib/thumb/v6-m\libc_nano.a(lib_a-memcpy-stub.o)
                0x000000000800a964                memcpy
 .text.memmove  0x000000000800a976       0x26 c:/st/stm32cubeide_1.0.2/stm32cubeide/plugins/com.st.stm32cube.ide.mcu.externaltools.gnu-tools-for-stm32.7-2018-q2-update.win32_1.0.0.201904181610/tools/bin/../lib/gcc/arm-none-eabi/7.3.1/../../../../arm-none-eabi/lib/thumb/v6-m\libc_nano.a(lib_a-memmove.o)
                0x000000000800a976                memmove
 .text.memset   0x000000000800a99c       0x10 c:/st/stm32cubeide_1.0.2/stm32cubeide/plugins/com.st.stm32cube.ide.mcu.externaltools.gnu-tools-for-stm32.7-2018-q2-update.win32_1.0.0.201904181610/tools/bin/../lib/gcc/arm-none-eabi/7.3.1/../../../../arm-none-eabi/lib/thumb/v6-m\libc_nano.a(lib_a-memset.o)
                0x000000000800a99c                memset
 .text._free_r  0x000000000800a9ac       0x94 c:/st/stm32cubeide_1.0.2/stm32cubeide/plugins/com.st.stm32cube.ide.mcu.externaltools.gnu-tools-for-stm32.7-2018-q2-update.win32_1.0.0.201904181610/tools/bin/../lib/gcc/arm-none-eabi/7.3.1/../../../../arm-none-eabi/lib/thumb/v6-m\libc_nano.a(lib_a-nano-freer.o)
                0x000000000800a9ac                _free_r
 .text._malloc_r
                0x000000000800aa40       0xbc c:/st/stm32cubeide_1.0.2/stm32cubeide/plugins/com.st.stm32cube.ide.mcu.externaltools.gnu-tools-for-stm32.7-2018-q2-update.win32_1.0.0.201904181610/tools/bin/../lib/gcc/arm-none-eabi/7.3.1/../../../../arm-none-eabi/lib/thumb/v6-m\libc_nano.a(lib_a-nano-mallocr.o)
                0x000000000800aa40                _malloc_r
 .text._sbrk_r  0x000000000800aafc       0x24 c:/st/stm32cubeide_1.0.2/stm32cubeide/plugins/com.st.stm32cube.ide.mcu.externaltools.gnu-tools-for-stm32.7-2018-q2-update.win32_1.0.0.201904181610/tools/bin/../lib/gcc/arm-none-eabi/7.3.1/../../../../arm-none-eabi/lib/thumb/v6-m\libc_nano.a(lib_a-sbrkr.o)
                0x000000000800aafc                _sbrk_r
 .text.strchr   0x000000000800ab20       0x1c c:/st/stm32cubeide_1.0.2/stm32cubeide/plugins/com.st.stm32cube.ide.mcu.externaltools.gnu-tools-for-stm32.7-2018-q2-update.win32_1.0.0.201904181610/tools/bin/../lib/gcc/arm-none-eabi/7.3.1/../../../../arm-none-eabi/lib/thumb/v6-m\libc_nano.a(lib_a-strchr.o)
                0x000000000800ab20                strchr
 .text.strncmp  0x000000000800ab3c       0x22 c:/st/stm32cubeide_1.0.2/stm32cubeide/plugins/com.st.stm32cube.ide.mcu.externaltools.gnu-tools-for-stm32.7-2018-q2-update.win32_1.0.0.201904181610/tools/bin/../lib/gcc/arm-none-eabi/7.3.1/../../../../arm-none-eabi/lib/thumb/v6-m\libc_nano.a(lib_a-strncmp.o)
                0x000000000800ab3c                strncmp
 .text._vsnprintf_r
                0x000000000800ab5e       0x56 c:/st/stm32cubeide_1.0.2/stm32cubeide/plugins/com.st.stm32cube.ide.mcu.externaltools.gnu-tools-for-stm32.7-2018-q2-update.win32_1.0.0.201904181610/tools/bin/../lib/gcc/arm-none-eabi/7.3.1/../../../../arm-none-eabi/lib/thumb/v6-m\libc_nano.a(lib_a-vsnprintf.o)
                0x000000000800ab5e                _vsniprintf_r
                0x000000000800ab5e                _vsnprintf_r
 .text.vsnprintf
                0x000000000800abb4       0x18 c:/st/stm32cubeide_1.0.2/stm32cubeide/plugins/com.st.stm32cube.ide.mcu.externaltools.gnu-tools-for-stm32.7-2018-q2-update.win32_1.0.0.201904181610/tools/bin/../lib/gcc/arm-none-eabi/7.3.1/../../../../arm-none-eabi/lib/thumb/v6-m\libc_nano.a(lib_a-vsnprintf.o)
                0x000000000800abb4                vsniprintf
                0x000000000800abb4                vsnprintf
 .text.__ascii_wctomb
                0x000000000800abcc       0x18 c:/st/stm32cubeide_1.0.2/stm32cubeide/plugins/com.st.stm32cube.ide.mcu.externaltools.gnu-tools-for-stm32.7-2018-q2-update.win32_1.0.0.201904181610/tools/bin/../lib/gcc/arm-none-eabi/7.3.1/../../../../arm-none-eabi/lib/thumb/v6-m\libc_nano.a(lib_a-wctomb_r.o)
                0x000000000800abcc                __ascii_wctomb
 .text.__malloc_lock
                0x000000000800abe4        0x2 c:/st/stm32cubeide_1.0.2/stm32cubeide/plugins/com.st.stm32cube.ide.mcu.externaltools.gnu-tools-for-stm32.7-2018-q2-update.win32_1.0.0.201904181610/tools/bin/../lib/gcc/arm-none-eabi/7.3.1/../../../../arm-none-eabi/lib/thumb/v6-m\libc_nano.a(lib_a-mlock.o)
                0x000000000800abe4                __malloc_lock
 .text.__malloc_unlock
                0x000000000800abe6        0x2 c:/st/stm32cubeide_1.0.2/stm32cubeide/plugins/com.st.stm32cube.ide.mcu.externaltools.gnu-tools-for-stm32.7-2018-q2-update.win32_1.0.0.201904181610/tools/bin/../lib/gcc/arm-none-eabi/7.3.1/../../../../arm-none-eabi/lib/thumb/v6-m\libc_nano.a(lib_a-mlock.o)
                0x000000000800abe6                __malloc_unlock
 .text.__ssputs_r
                0x000000000800abe8       0xc4 c:/st/stm32cubeide_1.0.2/stm32cubeide/plugins/com.st.stm32cube.ide.mcu.externaltools.gnu-tools-for-stm32.7-2018-q2-update.win32_1.0.0.201904181610/tools/bin/../lib/gcc/arm-none-eabi/7.3.1/../../../../arm-none-eabi/lib/thumb/v6-m\libc_nano.a(lib_a-nano-svfprintf.o)
                0x000000000800abe8                __ssputs_r
 .text._svfprintf_r
                0x000000000800acac      0x1fc c:/st/stm32cubeide_1.0.2/stm32cubeide/plugins/com.st.stm32cube.ide.mcu.externaltools.gnu-tools-for-stm32.7-2018-q2-update.win32_1.0.0.201904181610/tools/bin/../lib/gcc/arm-none-eabi/7.3.1/../../../../arm-none-eabi/lib/thumb/v6-m\libc_nano.a(lib_a-nano-svfprintf.o)
                0x000000000800acac                _svfiprintf_r
                0x000000000800acac                _svfprintf_r
 .text._printf_common
                0x000000000800aea8       0xda c:/st/stm32cubeide_1.0.2/stm32cubeide/plugins/com.st.stm32cube.ide.mcu.externaltools.gnu-tools-for-stm32.7-2018-q2-update.win32_1.0.0.201904181610/tools/bin/../lib/gcc/arm-none-eabi/7.3.1/../../../../arm-none-eabi/lib/thumb/v6-m\libc_nano.a(lib_a-nano-vfprintf_i.o)
                0x000000000800aea8                _printf_common
 *fill*         0x000000000800af82        0x2 
 .text._printf_i
                0x000000000800af84      0x210 c:/st/stm32cubeide_1.0.2/stm32cubeide/plugins/com.st.stm32cube.ide.mcu.externaltools.gnu-tools-for-stm32.7-2018-q2-update.win32_1.0.0.201904181610/tools/bin/../lib/gcc/arm-none-eabi/7.3.1/../../../../arm-none-eabi/lib/thumb/v6-m\libc_nano.a(lib_a-nano-vfprintf_i.o)
                0x000000000800af84                _printf_i
 .text.memchr   0x000000000800b194       0x16 c:/st/stm32cubeide_1.0.2/stm32cubeide/plugins/com.st.stm32cube.ide.mcu.externaltools.gnu-tools-for-stm32.7-2018-q2-update.win32_1.0.0.201904181610/tools/bin/../lib/gcc/arm-none-eabi/7.3.1/../../../../arm-none-eabi/lib/thumb/v6-m\libc_nano.a(lib_a-memchr-stub.o)
                0x000000000800b194                memchr
 .text._realloc_r
                0x000000000800b1aa       0x4c c:/st/stm32cubeide_1.0.2/stm32cubeide/plugins/com.st.stm32cube.ide.mcu.externaltools.gnu-tools-for-stm32.7-2018-q2-update.win32_1.0.0.201904181610/tools/bin/../lib/gcc/arm-none-eabi/7.3.1/../../../../arm-none-eabi/lib/thumb/v6-m\libc_nano.a(lib_a-nano-reallocr.o)
                0x000000000800b1aa                _realloc_r
 .text._malloc_usable_size_r
                0x000000000800b1f6       0x10 c:/st/stm32cubeide_1.0.2/stm32cubeide/plugins/com.st.stm32cube.ide.mcu.externaltools.gnu-tools-for-stm32.7-2018-q2-update.win32_1.0.0.201904181610/tools/bin/../lib/gcc/arm-none-eabi/7.3.1/../../../../arm-none-eabi/lib/thumb/v6-m\libc_nano.a(lib_a-nano-msizer.o)
                0x000000000800b1f6                _malloc_usable_size_r
 *(.glue_7)
 .glue_7        0x000000000800b206        0x0 linker stubs
 *(.glue_7t)
 .glue_7t       0x000000000800b206        0x0 linker stubs
 *(.eh_frame)
 *fill*         0x000000000800b206        0x2 
 .eh_frame      0x000000000800b208        0x0 c:/st/stm32cubeide_1.0.2/stm32cubeide/plugins/com.st.stm32cube.ide.mcu.externaltools.gnu-tools-for-stm32.7-2018-q2-update.win32_1.0.0.201904181610/tools/bin/../lib/gcc/arm-none-eabi/7.3.1/thumb/v6-m/crtbegin.o
 *(.init)
 .init          0x000000000800b208        0x4 c:/st/stm32cubeide_1.0.2/stm32cubeide/plugins/com.st.stm32cube.ide.mcu.externaltools.gnu-tools-for-stm32.7-2018-q2-update.win32_1.0.0.201904181610/tools/bin/../lib/gcc/arm-none-eabi/7.3.1/thumb/v6-m/crti.o
                0x000000000800b208                _init
 .init          0x000000000800b20c        0x8 c:/st/stm32cubeide_1.0.2/stm32cubeide/plugins/com.st.stm32cube.ide.mcu.externaltools.gnu-tools-for-stm32.7-2018-q2-update.win32_1.0.0.201904181610/tools/bin/../lib/gcc/arm-none-eabi/7.3.1/thumb/v6-m/crtn.o
 *(.fini)
 .fini          0x000000000800b214        0x4 c:/st/stm32cubeide_1.0.2/stm32cubeide/plugins/com.st.stm32cube.ide.mcu.externaltools.gnu-tools-for-stm32.7-2018-q2-update.win32_1.0.0.201904181610/tools/bin/../lib/gcc/arm-none-eabi/7.3.1/thumb/v6-m/crti.o
                0x000000000800b214                _fini
 .fini          0x000000000800b218        0x8 c:/st/stm32cubeide_1.0.2/stm32cubeide/plugins/com.st.stm32cube.ide.mcu.externaltools.gnu-tools-for-stm32.7-2018-q2-update.win32_1.0.0.201904181610/tools/bin/../lib/gcc/arm-none-eabi/7.3.1/thumb/v6-m/crtn.o
                0x000000000800b220                . = ALIGN (0x4)
                0x000000000800b220                _etext = .

.vfp11_veneer   0x000000000800b220        0x0
 .vfp11_veneer  0x000000000800b220        0x0 linker stubs

.v4_bx          0x000000000800b220        0x0
 .v4_bx         0x000000000800b220        0x0 linker stubs

.iplt           0x000000000800b220        0x0
 .iplt          0x000000000800b220        0x0 c:/st/stm32cubeide_1.0.2/stm32cubeide/plugins/com.st.stm32cube.ide.mcu.externaltools.gnu-tools-for-stm32.7-2018-q2-update.win32_1.0.0.201904181610/tools/bin/../lib/gcc/arm-none-eabi/7.3.1/thumb/v6-m/crtbegin.o

.rodata         0x000000000800b220      0x820
                0x000000000800b220                . = ALIGN (0x4)
 *(.rodata)
 .rodata        0x000000000800b220       0x10 Drivers/STM32G0xx_HAL_Driver/Src/stm32g0xx_hal_uart_ex.o
 .rodata        0x000000000800b230       0xc1 Src/example.o
 *fill*         0x000000000800b2f1        0x3 
 .rodata        0x000000000800b2f4       0x25 note-c/n_cjson.o
 *fill*         0x000000000800b319        0x3 
 .rodata        0x000000000800b31c       0x29 note-c/n_hooks.o
 *fill*         0x000000000800b345        0x3 
 .rodata        0x000000000800b348       0x84 note-c/n_request.o
 .rodata        0x000000000800b3cc      0x1b5 note-c/n_serial.o
 *fill*         0x000000000800b581        0x3 
 .rodata        0x000000000800b584       0x40 c:/st/stm32cubeide_1.0.2/stm32cubeide/plugins/com.st.stm32cube.ide.mcu.externaltools.gnu-tools-for-stm32.7-2018-q2-update.win32_1.0.0.201904181610/tools/bin/../lib/gcc/arm-none-eabi/7.3.1/thumb/v6-m\libgcc.a(divdf3.o)
 .rodata        0x000000000800b5c4       0x40 c:/st/stm32cubeide_1.0.2/stm32cubeide/plugins/com.st.stm32cube.ide.mcu.externaltools.gnu-tools-for-stm32.7-2018-q2-update.win32_1.0.0.201904181610/tools/bin/../lib/gcc/arm-none-eabi/7.3.1/thumb/v6-m\libgcc.a(muldf3.o)
 *(.rodata*)
 .rodata.AHBPrescTable
                0x000000000800b604       0x40 Src/system_stm32g0xx.o
                0x000000000800b604                AHBPrescTable
 .rodata.APBPrescTable
                0x000000000800b644       0x20 Src/system_stm32g0xx.o
                0x000000000800b644                APBPrescTable
 .rodata.parse_number
                0x000000000800b664       0xec note-c/n_cjson.o
 .rodata.parse_string
                0x000000000800b750      0x150 note-c/n_cjson.o
 .rodata.default_buffer_size.7210
                0x000000000800b8a0        0x4 note-c/n_cjson.o
 *fill*         0x000000000800b8a4        0x4 
 .rodata.rounders
                0x000000000800b8a8       0x58 note-c/n_ftoa.o
 .rodata._setlocale_r.str1.1
                0x000000000800b900        0x8 c:/st/stm32cubeide_1.0.2/stm32cubeide/plugins/com.st.stm32cube.ide.mcu.externaltools.gnu-tools-for-stm32.7-2018-q2-update.win32_1.0.0.201904181610/tools/bin/../lib/gcc/arm-none-eabi/7.3.1/../../../../arm-none-eabi/lib/thumb/v6-m\libc_nano.a(lib_a-locale.o)
                                          0x9 (size before relaxing)
 .rodata.str1.1
                0x000000000800b908        0x2 c:/st/stm32cubeide_1.0.2/stm32cubeide/plugins/com.st.stm32cube.ide.mcu.externaltools.gnu-tools-for-stm32.7-2018-q2-update.win32_1.0.0.201904181610/tools/bin/../lib/gcc/arm-none-eabi/7.3.1/../../../../arm-none-eabi/lib/thumb/v6-m\libc_nano.a(lib_a-locale.o)
 .rodata._ctype_
                0x000000000800b90a      0x101 c:/st/stm32cubeide_1.0.2/stm32cubeide/plugins/com.st.stm32cube.ide.mcu.externaltools.gnu-tools-for-stm32.7-2018-q2-update.win32_1.0.0.201904181610/tools/bin/../lib/gcc/arm-none-eabi/7.3.1/../../../../arm-none-eabi/lib/thumb/v6-m\libc_nano.a(lib_a-ctype_.o)
                0x000000000800b90a                _ctype_
 .rodata._svfprintf_r.str1.1
                0x000000000800ba0b       0x11 c:/st/stm32cubeide_1.0.2/stm32cubeide/plugins/com.st.stm32cube.ide.mcu.externaltools.gnu-tools-for-stm32.7-2018-q2-update.win32_1.0.0.201904181610/tools/bin/../lib/gcc/arm-none-eabi/7.3.1/../../../../arm-none-eabi/lib/thumb/v6-m\libc_nano.a(lib_a-nano-svfprintf.o)
 .rodata._printf_i.str1.1
                0x000000000800ba1c       0x22 c:/st/stm32cubeide_1.0.2/stm32cubeide/plugins/com.st.stm32cube.ide.mcu.externaltools.gnu-tools-for-stm32.7-2018-q2-update.win32_1.0.0.201904181610/tools/bin/../lib/gcc/arm-none-eabi/7.3.1/../../../../arm-none-eabi/lib/thumb/v6-m\libc_nano.a(lib_a-nano-vfprintf_i.o)
                0x000000000800ba40                . = ALIGN (0x4)
 *fill*         0x000000000800ba3e        0x2 

.ARM.extab      0x000000000800ba40        0x0
                0x000000000800ba40                . = ALIGN (0x4)
 *(.ARM.extab* .gnu.linkonce.armextab.*)
                0x000000000800ba40                . = ALIGN (0x4)

.ARM            0x000000000800ba40        0x8
                0x000000000800ba40                . = ALIGN (0x4)
                0x000000000800ba40                __exidx_start = .
 *(.ARM.exidx*)
 .ARM.exidx     0x000000000800ba40        0x8 c:/st/stm32cubeide_1.0.2/stm32cubeide/plugins/com.st.stm32cube.ide.mcu.externaltools.gnu-tools-for-stm32.7-2018-q2-update.win32_1.0.0.201904181610/tools/bin/../lib/gcc/arm-none-eabi/7.3.1/thumb/v6-m\libgcc.a(_udivmoddi4.o)
                0x000000000800ba48                __exidx_end = .
                0x000000000800ba48                . = ALIGN (0x4)

.rel.dyn        0x000000000800ba48        0x0
 .rel.iplt      0x000000000800ba48        0x0 c:/st/stm32cubeide_1.0.2/stm32cubeide/plugins/com.st.stm32cube.ide.mcu.externaltools.gnu-tools-for-stm32.7-2018-q2-update.win32_1.0.0.201904181610/tools/bin/../lib/gcc/arm-none-eabi/7.3.1/thumb/v6-m/crtbegin.o

.preinit_array  0x000000000800ba48        0x0
                0x000000000800ba48                . = ALIGN (0x4)
                0x000000000800ba48                PROVIDE (__preinit_array_start = .)
 *(.preinit_array*)
                0x000000000800ba48                PROVIDE (__preinit_array_end = .)
                0x000000000800ba48                . = ALIGN (0x4)

.init_array     0x000000000800ba48        0x4
                0x000000000800ba48                . = ALIGN (0x4)
                0x000000000800ba48                PROVIDE (__init_array_start = .)
 *(SORT_BY_NAME(.init_array.*))
 *(.init_array*)
 .init_array    0x000000000800ba48        0x4 c:/st/stm32cubeide_1.0.2/stm32cubeide/plugins/com.st.stm32cube.ide.mcu.externaltools.gnu-tools-for-stm32.7-2018-q2-update.win32_1.0.0.201904181610/tools/bin/../lib/gcc/arm-none-eabi/7.3.1/thumb/v6-m/crtbegin.o
                0x000000000800ba4c                PROVIDE (__init_array_end = .)
                0x000000000800ba4c                . = ALIGN (0x4)

.fini_array     0x000000000800ba4c        0x4
                0x000000000800ba4c                . = ALIGN (0x4)
                [!provide]                        PROVIDE (__fini_array_start = .)
 *(SORT_BY_NAME(.fini_array.*))
 *(.fini_array*)
 .fini_array    0x000000000800ba4c        0x4 c:/st/stm32cubeide_1.0.2/stm32cubeide/plugins/com.st.stm32cube.ide.mcu.externaltools.gnu-tools-for-stm32.7-2018-q2-update.win32_1.0.0.201904181610/tools/bin/../lib/gcc/arm-none-eabi/7.3.1/thumb/v6-m/crtbegin.o
                [!provide]                        PROVIDE (__fini_array_end = .)
                0x000000000800ba50                . = ALIGN (0x4)
                0x000000000800ba50                _sidata = LOADADDR (.data)

.data           0x0000000020000000      0x238 load address 0x000000000800ba50
                0x0000000020000000                . = ALIGN (0x4)
                0x0000000020000000                _sdata = .
 *(.data)
 *(.data*)
 .data.uwTickPrio
                0x0000000020000000        0x4 Drivers/STM32G0xx_HAL_Driver/Src/stm32g0xx_hal.o
                0x0000000020000000                uwTickPrio
 .data.uwTickFreq
                0x0000000020000004        0x4 Drivers/STM32G0xx_HAL_Driver/Src/stm32g0xx_hal.o
                0x0000000020000004                uwTickFreq
 .data.SystemCoreClock
                0x0000000020000008        0x4 Src/system_stm32g0xx.o
                0x0000000020000008                SystemCoreClock
 .data.maxExponent
                0x000000002000000c        0x4 note-c/n_atof.o
 .data.powersOf10
                0x0000000020000010       0x48 note-c/n_atof.o
 .data.global_hooks
                0x0000000020000058        0xc note-c/n_cjson.o
 .data.resetRequired
                0x0000000020000064        0x1 note-c/n_request.o
 *fill*         0x0000000020000065        0x3 
 .data._impure_ptr
                0x0000000020000068        0x4 c:/st/stm32cubeide_1.0.2/stm32cubeide/plugins/com.st.stm32cube.ide.mcu.externaltools.gnu-tools-for-stm32.7-2018-q2-update.win32_1.0.0.201904181610/tools/bin/../lib/gcc/arm-none-eabi/7.3.1/../../../../arm-none-eabi/lib/thumb/v6-m\libc_nano.a(lib_a-impure.o)
                0x0000000020000068                _impure_ptr
 .data.impure_data
                0x000000002000006c       0x60 c:/st/stm32cubeide_1.0.2/stm32cubeide/plugins/com.st.stm32cube.ide.mcu.externaltools.gnu-tools-for-stm32.7-2018-q2-update.win32_1.0.0.201904181610/tools/bin/../lib/gcc/arm-none-eabi/7.3.1/../../../../arm-none-eabi/lib/thumb/v6-m\libc_nano.a(lib_a-impure.o)
 .data.__global_locale
                0x00000000200000cc      0x16c c:/st/stm32cubeide_1.0.2/stm32cubeide/plugins/com.st.stm32cube.ide.mcu.externaltools.gnu-tools-for-stm32.7-2018-q2-update.win32_1.0.0.201904181610/tools/bin/../lib/gcc/arm-none-eabi/7.3.1/../../../../arm-none-eabi/lib/thumb/v6-m\libc_nano.a(lib_a-locale.o)
                0x00000000200000cc                __global_locale
                0x0000000020000238                . = ALIGN (0x4)
                0x0000000020000238                _edata = .

.igot.plt       0x0000000020000238        0x0 load address 0x000000000800bc88
 .igot.plt      0x0000000020000238        0x0 c:/st/stm32cubeide_1.0.2/stm32cubeide/plugins/com.st.stm32cube.ide.mcu.externaltools.gnu-tools-for-stm32.7-2018-q2-update.win32_1.0.0.201904181610/tools/bin/../lib/gcc/arm-none-eabi/7.3.1/thumb/v6-m/crtbegin.o
                0x0000000020000238                . = ALIGN (0x4)

.bss            0x0000000020000238      0x3a4 load address 0x000000000800bc88
                0x0000000020000238                _sbss = .
                0x0000000020000238                __bss_start__ = _sbss
 *(.bss)
 .bss           0x0000000020000238       0x1c c:/st/stm32cubeide_1.0.2/stm32cubeide/plugins/com.st.stm32cube.ide.mcu.externaltools.gnu-tools-for-stm32.7-2018-q2-update.win32_1.0.0.201904181610/tools/bin/../lib/gcc/arm-none-eabi/7.3.1/thumb/v6-m/crtbegin.o
 *(.bss*)
 .bss.eventsThatHappened
                0x0000000020000254        0x4 Src/event.o
 .bss.eventTimerExpiresMs
                0x0000000020000258        0x4 Src/event.o
 .bss.eventCounter.6881
                0x000000002000025c        0x4 Src/example.o
 .bss.i2c1Initialized
                0x0000000020000260        0x1 Src/main.o
                0x0000000020000260                i2c1Initialized
 .bss.uart1Initialized
                0x0000000020000261        0x1 Src/main.o
                0x0000000020000261                uart1Initialized
 *fill*         0x0000000020000262        0x2 
 .bss.totalTimerMs
                0x0000000020000264        0x4 Src/main.o
                0x0000000020000264                totalTimerMs
 .bss.serialInterruptBuffer
                0x0000000020000268        0x1 Src/main.o
 *fill*         0x0000000020000269        0x3 
 .bss.serialFillIndex
                0x000000002000026c        0x4 Src/main.o
 .bss.serialDrainIndex
                0x0000000020000270        0x4 Src/main.o
 .bss.serialOverruns
                0x0000000020000274        0x4 Src/main.o
 .bss.serialBuffer
                0x0000000020000278      0x200 Src/main.o
 .bss.heap_end.5149
                0x0000000020000478        0x4 Src/sysmem.o
 .bss.global_error
                0x000000002000047c        0x8 note-c/n_cjson.o
 .bss.hookDebugOutput
                0x0000000020000484        0x4 note-c/n_hooks.o
                0x0000000020000484                hookDebugOutput
 .bss.hookLockNote
                0x0000000020000488        0x4 note-c/n_hooks.o
                0x0000000020000488                hookLockNote
 .bss.hookUnlockNote
                0x000000002000048c        0x4 note-c/n_hooks.o
                0x000000002000048c                hookUnlockNote
 .bss.hookMalloc
                0x0000000020000490        0x4 note-c/n_hooks.o
                0x0000000020000490                hookMalloc
 .bss.hookFree  0x0000000020000494        0x4 note-c/n_hooks.o
                0x0000000020000494                hookFree
 .bss.hookDelayMs
                0x0000000020000498        0x4 note-c/n_hooks.o
                0x0000000020000498                hookDelayMs
 .bss.hookGetMs
                0x000000002000049c        0x4 note-c/n_hooks.o
                0x000000002000049c                hookGetMs
 .bss.hookActiveInterface
                0x00000000200004a0        0x4 note-c/n_hooks.o
                0x00000000200004a0                hookActiveInterface
 .bss.hookSerialReset
                0x00000000200004a4        0x4 note-c/n_hooks.o
                0x00000000200004a4                hookSerialReset
 .bss.hookSerialTransmit
                0x00000000200004a8        0x4 note-c/n_hooks.o
                0x00000000200004a8                hookSerialTransmit
 .bss.hookSerialAvailable
                0x00000000200004ac        0x4 note-c/n_hooks.o
                0x00000000200004ac                hookSerialAvailable
 .bss.hookSerialReceive
                0x00000000200004b0        0x4 note-c/n_hooks.o
                0x00000000200004b0                hookSerialReceive
 .bss.notecardReset
                0x00000000200004b4        0x4 note-c/n_hooks.o
 .bss.notecardTransaction
                0x00000000200004b8        0x4 note-c/n_hooks.o
 .bss.__malloc_free_list
                0x00000000200004bc        0x4 c:/st/stm32cubeide_1.0.2/stm32cubeide/plugins/com.st.stm32cube.ide.mcu.externaltools.gnu-tools-for-stm32.7-2018-q2-update.win32_1.0.0.201904181610/tools/bin/../lib/gcc/arm-none-eabi/7.3.1/../../../../arm-none-eabi/lib/thumb/v6-m\libc_nano.a(lib_a-nano-mallocr.o)
                0x00000000200004bc                __malloc_free_list
 .bss.__malloc_sbrk_start
                0x00000000200004c0        0x4 c:/st/stm32cubeide_1.0.2/stm32cubeide/plugins/com.st.stm32cube.ide.mcu.externaltools.gnu-tools-for-stm32.7-2018-q2-update.win32_1.0.0.201904181610/tools/bin/../lib/gcc/arm-none-eabi/7.3.1/../../../../arm-none-eabi/lib/thumb/v6-m\libc_nano.a(lib_a-nano-mallocr.o)
                0x00000000200004c0                __malloc_sbrk_start
 *(COMMON)
 COMMON         0x00000000200004c4        0x4 Drivers/STM32G0xx_HAL_Driver/Src/stm32g0xx_hal.o
                0x00000000200004c4                uwTick
 COMMON         0x00000000200004c8      0x110 Src/main.o
                0x00000000200004c8                hi2c1
                0x0000000020000514                huart1
                0x00000000200005a0                hlptim1
 COMMON         0x00000000200005d8        0x4 c:/st/stm32cubeide_1.0.2/stm32cubeide/plugins/com.st.stm32cube.ide.mcu.externaltools.gnu-tools-for-stm32.7-2018-q2-update.win32_1.0.0.201904181610/tools/bin/../lib/gcc/arm-none-eabi/7.3.1/../../../../arm-none-eabi/lib/thumb/v6-m\libc_nano.a(lib_a-reent.o)
                0x00000000200005d8                errno
                0x00000000200005dc                . = ALIGN (0x4)
                0x00000000200005dc                _ebss = .
                0x00000000200005dc                __bss_end__ = _ebss

._user_heap_stack
                0x00000000200005dc      0x604 load address 0x000000000800bc88
                0x00000000200005e0                . = ALIGN (0x8)
 *fill*         0x00000000200005dc        0x4 
                0x00000000200005e0                PROVIDE (end = .)
                [!provide]                        PROVIDE (_end = .)
                0x00000000200007e0                . = (. + _Min_Heap_Size)
 *fill*         0x00000000200005e0      0x200 
                0x0000000020000be0                . = (. + _Min_Stack_Size)
 *fill*         0x00000000200007e0      0x400 
                0x0000000020000be0                . = ALIGN (0x8)

/DISCARD/
 libc.a(*)
 libm.a(*)
 libgcc.a(*)

.ARM.attributes
                0x0000000000000000       0x28
 *(.ARM.attributes)
 .ARM.attributes
                0x0000000000000000       0x1e c:/st/stm32cubeide_1.0.2/stm32cubeide/plugins/com.st.stm32cube.ide.mcu.externaltools.gnu-tools-for-stm32.7-2018-q2-update.win32_1.0.0.201904181610/tools/bin/../lib/gcc/arm-none-eabi/7.3.1/thumb/v6-m/crti.o
 .ARM.attributes
                0x000000000000001e       0x2c c:/st/stm32cubeide_1.0.2/stm32cubeide/plugins/com.st.stm32cube.ide.mcu.externaltools.gnu-tools-for-stm32.7-2018-q2-update.win32_1.0.0.201904181610/tools/bin/../lib/gcc/arm-none-eabi/7.3.1/thumb/v6-m/crtbegin.o
 .ARM.attributes
                0x000000000000004a       0x32 Drivers/STM32G0xx_HAL_Driver/Src/stm32g0xx_hal.o
 .ARM.attributes
                0x000000000000007c       0x32 Drivers/STM32G0xx_HAL_Driver/Src/stm32g0xx_hal_cortex.o
 .ARM.attributes
                0x00000000000000ae       0x32 Drivers/STM32G0xx_HAL_Driver/Src/stm32g0xx_hal_dma.o
 .ARM.attributes
                0x00000000000000e0       0x32 Drivers/STM32G0xx_HAL_Driver/Src/stm32g0xx_hal_gpio.o
 .ARM.attributes
                0x0000000000000112       0x32 Drivers/STM32G0xx_HAL_Driver/Src/stm32g0xx_hal_i2c.o
 .ARM.attributes
                0x0000000000000144       0x32 Drivers/STM32G0xx_HAL_Driver/Src/stm32g0xx_hal_i2c_ex.o
 .ARM.attributes
                0x0000000000000176       0x32 Drivers/STM32G0xx_HAL_Driver/Src/stm32g0xx_hal_lptim.o
 .ARM.attributes
                0x00000000000001a8       0x32 Drivers/STM32G0xx_HAL_Driver/Src/stm32g0xx_hal_pwr_ex.o
 .ARM.attributes
                0x00000000000001da       0x32 Drivers/STM32G0xx_HAL_Driver/Src/stm32g0xx_hal_rcc.o
 .ARM.attributes
                0x000000000000020c       0x32 Drivers/STM32G0xx_HAL_Driver/Src/stm32g0xx_hal_rcc_ex.o
 .ARM.attributes
                0x000000000000023e       0x32 Drivers/STM32G0xx_HAL_Driver/Src/stm32g0xx_hal_uart.o
 .ARM.attributes
                0x0000000000000270       0x32 Drivers/STM32G0xx_HAL_Driver/Src/stm32g0xx_hal_uart_ex.o
 .ARM.attributes
                0x00000000000002a2       0x32 Src/event.o
 .ARM.attributes
                0x00000000000002d4       0x32 Src/example.o
 .ARM.attributes
                0x0000000000000306       0x32 Src/main.o
 .ARM.attributes
                0x0000000000000338       0x32 Src/stm32g0xx_hal_msp.o
 .ARM.attributes
                0x000000000000036a       0x32 Src/stm32g0xx_it.o
 .ARM.attributes
                0x000000000000039c       0x32 Src/sysmem.o
 .ARM.attributes
                0x00000000000003ce       0x32 Src/system_stm32g0xx.o
 .ARM.attributes
                0x0000000000000400       0x21 Startup/startup_stm32g031k8tx.o
 .ARM.attributes
                0x0000000000000421       0x32 note-c/n_atof.o
 .ARM.attributes
                0x0000000000000453       0x32 note-c/n_cjson.o
 .ARM.attributes
                0x0000000000000485       0x32 note-c/n_cjson_helpers.o
 .ARM.attributes
                0x00000000000004b7       0x32 note-c/n_ftoa.o
 .ARM.attributes
                0x00000000000004e9       0x32 note-c/n_hooks.o
 .ARM.attributes
                0x000000000000051b       0x32 note-c/n_request.o
 .ARM.attributes
                0x000000000000054d       0x32 note-c/n_serial.o
 .ARM.attributes
                0x000000000000057f       0x2c c:/st/stm32cubeide_1.0.2/stm32cubeide/plugins/com.st.stm32cube.ide.mcu.externaltools.gnu-tools-for-stm32.7-2018-q2-update.win32_1.0.0.201904181610/tools/bin/../lib/gcc/arm-none-eabi/7.3.1/../../../../arm-none-eabi/lib/thumb/v6-m\libc_nano.a(lib_a-errno.o)
 .ARM.attributes
                0x00000000000005ab       0x2c c:/st/stm32cubeide_1.0.2/stm32cubeide/plugins/com.st.stm32cube.ide.mcu.externaltools.gnu-tools-for-stm32.7-2018-q2-update.win32_1.0.0.201904181610/tools/bin/../lib/gcc/arm-none-eabi/7.3.1/../../../../arm-none-eabi/lib/thumb/v6-m\libc_nano.a(lib_a-impure.o)
 .ARM.attributes
                0x00000000000005d7       0x2c c:/st/stm32cubeide_1.0.2/stm32cubeide/plugins/com.st.stm32cube.ide.mcu.externaltools.gnu-tools-for-stm32.7-2018-q2-update.win32_1.0.0.201904181610/tools/bin/../lib/gcc/arm-none-eabi/7.3.1/../../../../arm-none-eabi/lib/thumb/v6-m\libc_nano.a(lib_a-init.o)
 .ARM.attributes
                0x0000000000000603       0x2c c:/st/stm32cubeide_1.0.2/stm32cubeide/plugins/com.st.stm32cube.ide.mcu.externaltools.gnu-tools-for-stm32.7-2018-q2-update.win32_1.0.0.201904181610/tools/bin/../lib/gcc/arm-none-eabi/7.3.1/../../../../arm-none-eabi/lib/thumb/v6-m\libc_nano.a(lib_a-locale.o)
 .ARM.attributes
                0x000000000000062f       0x2c c:/st/stm32cubeide_1.0.2/stm32cubeide/plugins/com.st.stm32cube.ide.mcu.externaltools.gnu-tools-for-stm32.7-2018-q2-update.win32_1.0.0.201904181610/tools/bin/../lib/gcc/arm-none-eabi/7.3.1/../../../../arm-none-eabi/lib/thumb/v6-m\libc_nano.a(lib_a-malloc.o)
 .ARM.attributes
                0x000000000000065b       0x2c c:/st/stm32cubeide_1.0.2/stm32cubeide/plugins/com.st.stm32cube.ide.mcu.externaltools.gnu-tools-for-stm32.7-2018-q2-update.win32_1.0.0.201904181610/tools/bin/../lib/gcc/arm-none-eabi/7.3.1/../../../../arm-none-eabi/lib/thumb/v6-m\libc_nano.a(lib_a-mbtowc_r.o)
 .ARM.attributes
                0x0000000000000687       0x2c c:/st/stm32cubeide_1.0.2/stm32cubeide/plugins/com.st.stm32cube.ide.mcu.externaltools.gnu-tools-for-stm32.7-2018-q2-update.win32_1.0.0.201904181610/tools/bin/../lib/gcc/arm-none-eabi/7.3.1/../../../../arm-none-eabi/lib/thumb/v6-m\libc_nano.a(lib_a-memcpy-stub.o)
 .ARM.attributes
                0x00000000000006b3       0x2c c:/st/stm32cubeide_1.0.2/stm32cubeide/plugins/com.st.stm32cube.ide.mcu.externaltools.gnu-tools-for-stm32.7-2018-q2-update.win32_1.0.0.201904181610/tools/bin/../lib/gcc/arm-none-eabi/7.3.1/../../../../arm-none-eabi/lib/thumb/v6-m\libc_nano.a(lib_a-memmove.o)
 .ARM.attributes
                0x00000000000006df       0x2c c:/st/stm32cubeide_1.0.2/stm32cubeide/plugins/com.st.stm32cube.ide.mcu.externaltools.gnu-tools-for-stm32.7-2018-q2-update.win32_1.0.0.201904181610/tools/bin/../lib/gcc/arm-none-eabi/7.3.1/../../../../arm-none-eabi/lib/thumb/v6-m\libc_nano.a(lib_a-memset.o)
 .ARM.attributes
                0x000000000000070b       0x2c c:/st/stm32cubeide_1.0.2/stm32cubeide/plugins/com.st.stm32cube.ide.mcu.externaltools.gnu-tools-for-stm32.7-2018-q2-update.win32_1.0.0.201904181610/tools/bin/../lib/gcc/arm-none-eabi/7.3.1/../../../../arm-none-eabi/lib/thumb/v6-m\libc_nano.a(lib_a-nano-freer.o)
 .ARM.attributes
                0x0000000000000737       0x2c c:/st/stm32cubeide_1.0.2/stm32cubeide/plugins/com.st.stm32cube.ide.mcu.externaltools.gnu-tools-for-stm32.7-2018-q2-update.win32_1.0.0.201904181610/tools/bin/../lib/gcc/arm-none-eabi/7.3.1/../../../../arm-none-eabi/lib/thumb/v6-m\libc_nano.a(lib_a-nano-mallocr.o)
 .ARM.attributes
                0x0000000000000763       0x2c c:/st/stm32cubeide_1.0.2/stm32cubeide/plugins/com.st.stm32cube.ide.mcu.externaltools.gnu-tools-for-stm32.7-2018-q2-update.win32_1.0.0.201904181610/tools/bin/../lib/gcc/arm-none-eabi/7.3.1/../../../../arm-none-eabi/lib/thumb/v6-m\libc_nano.a(lib_a-sbrkr.o)
 .ARM.attributes
                0x000000000000078f       0x2c c:/st/stm32cubeide_1.0.2/stm32cubeide/plugins/com.st.stm32cube.ide.mcu.externaltools.gnu-tools-for-stm32.7-2018-q2-update.win32_1.0.0.201904181610/tools/bin/../lib/gcc/arm-none-eabi/7.3.1/../../../../arm-none-eabi/lib/thumb/v6-m\libc_nano.a(lib_a-strchr.o)
 .ARM.attributes
                0x00000000000007bb       0x1c c:/st/stm32cubeide_1.0.2/stm32cubeide/plugins/com.st.stm32cube.ide.mcu.externaltools.gnu-tools-for-stm32.7-2018-q2-update.win32_1.0.0.201904181610/tools/bin/../lib/gcc/arm-none-eabi/7.3.1/../../../../arm-none-eabi/lib/thumb/v6-m\libc_nano.a(lib_a-strcmp.o)
 .ARM.attributes
                0x00000000000007d7       0x1c c:/st/stm32cubeide_1.0.2/stm32cubeide/plugins/com.st.stm32cube.ide.mcu.externaltools.gnu-tools-for-stm32.7-2018-q2-update.win32_1.0.0.201904181610/tools/bin/../lib/gcc/arm-none-eabi/7.3.1/../../../../arm-none-eabi/lib/thumb/v6-m\libc_nano.a(lib_a-strlen.o)
 .ARM.attributes
                0x00000000000007f3       0x2c c:/st/stm32cubeide_1.0.2/stm32cubeide/plugins/com.st.stm32cube.ide.mcu.externaltools.gnu-tools-for-stm32.7-2018-q2-update.win32_1.0.0.201904181610/tools/bin/../lib/gcc/arm-none-eabi/7.3.1/../../../../arm-none-eabi/lib/thumb/v6-m\libc_nano.a(lib_a-strncmp.o)
 .ARM.attributes
                0x000000000000081f       0x2c c:/st/stm32cubeide_1.0.2/stm32cubeide/plugins/com.st.stm32cube.ide.mcu.externaltools.gnu-tools-for-stm32.7-2018-q2-update.win32_1.0.0.201904181610/tools/bin/../lib/gcc/arm-none-eabi/7.3.1/../../../../arm-none-eabi/lib/thumb/v6-m\libc_nano.a(lib_a-vsnprintf.o)
 .ARM.attributes
                0x000000000000084b       0x2c c:/st/stm32cubeide_1.0.2/stm32cubeide/plugins/com.st.stm32cube.ide.mcu.externaltools.gnu-tools-for-stm32.7-2018-q2-update.win32_1.0.0.201904181610/tools/bin/../lib/gcc/arm-none-eabi/7.3.1/../../../../arm-none-eabi/lib/thumb/v6-m\libc_nano.a(lib_a-wctomb_r.o)
 .ARM.attributes
                0x0000000000000877       0x2c c:/st/stm32cubeide_1.0.2/stm32cubeide/plugins/com.st.stm32cube.ide.mcu.externaltools.gnu-tools-for-stm32.7-2018-q2-update.win32_1.0.0.201904181610/tools/bin/../lib/gcc/arm-none-eabi/7.3.1/../../../../arm-none-eabi/lib/thumb/v6-m\libc_nano.a(lib_a-ctype_.o)
 .ARM.attributes
                0x00000000000008a3       0x2c c:/st/stm32cubeide_1.0.2/stm32cubeide/plugins/com.st.stm32cube.ide.mcu.externaltools.gnu-tools-for-stm32.7-2018-q2-update.win32_1.0.0.201904181610/tools/bin/../lib/gcc/arm-none-eabi/7.3.1/../../../../arm-none-eabi/lib/thumb/v6-m\libc_nano.a(lib_a-mlock.o)
 .ARM.attributes
                0x00000000000008cf       0x2c c:/st/stm32cubeide_1.0.2/stm32cubeide/plugins/com.st.stm32cube.ide.mcu.externaltools.gnu-tools-for-stm32.7-2018-q2-update.win32_1.0.0.201904181610/tools/bin/../lib/gcc/arm-none-eabi/7.3.1/../../../../arm-none-eabi/lib/thumb/v6-m\libc_nano.a(lib_a-nano-svfprintf.o)
 .ARM.attributes
                0x00000000000008fb       0x2c c:/st/stm32cubeide_1.0.2/stm32cubeide/plugins/com.st.stm32cube.ide.mcu.externaltools.gnu-tools-for-stm32.7-2018-q2-update.win32_1.0.0.201904181610/tools/bin/../lib/gcc/arm-none-eabi/7.3.1/../../../../arm-none-eabi/lib/thumb/v6-m\libc_nano.a(lib_a-nano-vfprintf_i.o)
 .ARM.attributes
                0x0000000000000927       0x2c c:/st/stm32cubeide_1.0.2/stm32cubeide/plugins/com.st.stm32cube.ide.mcu.externaltools.gnu-tools-for-stm32.7-2018-q2-update.win32_1.0.0.201904181610/tools/bin/../lib/gcc/arm-none-eabi/7.3.1/../../../../arm-none-eabi/lib/thumb/v6-m\libc_nano.a(lib_a-reent.o)
 .ARM.attributes
                0x0000000000000953       0x2c c:/st/stm32cubeide_1.0.2/stm32cubeide/plugins/com.st.stm32cube.ide.mcu.externaltools.gnu-tools-for-stm32.7-2018-q2-update.win32_1.0.0.201904181610/tools/bin/../lib/gcc/arm-none-eabi/7.3.1/../../../../arm-none-eabi/lib/thumb/v6-m\libc_nano.a(lib_a-memchr-stub.o)
 .ARM.attributes
                0x000000000000097f       0x2c c:/st/stm32cubeide_1.0.2/stm32cubeide/plugins/com.st.stm32cube.ide.mcu.externaltools.gnu-tools-for-stm32.7-2018-q2-update.win32_1.0.0.201904181610/tools/bin/../lib/gcc/arm-none-eabi/7.3.1/../../../../arm-none-eabi/lib/thumb/v6-m\libc_nano.a(lib_a-nano-reallocr.o)
 .ARM.attributes
                0x00000000000009ab       0x2c c:/st/stm32cubeide_1.0.2/stm32cubeide/plugins/com.st.stm32cube.ide.mcu.externaltools.gnu-tools-for-stm32.7-2018-q2-update.win32_1.0.0.201904181610/tools/bin/../lib/gcc/arm-none-eabi/7.3.1/../../../../arm-none-eabi/lib/thumb/v6-m\libc_nano.a(lib_a-nano-msizer.o)
 .ARM.attributes
                0x00000000000009d7       0x1e c:/st/stm32cubeide_1.0.2/stm32cubeide/plugins/com.st.stm32cube.ide.mcu.externaltools.gnu-tools-for-stm32.7-2018-q2-update.win32_1.0.0.201904181610/tools/bin/../lib/gcc/arm-none-eabi/7.3.1/thumb/v6-m\libgcc.a(_udivsi3.o)
 .ARM.attributes
                0x00000000000009f5       0x1e c:/st/stm32cubeide_1.0.2/stm32cubeide/plugins/com.st.stm32cube.ide.mcu.externaltools.gnu-tools-for-stm32.7-2018-q2-update.win32_1.0.0.201904181610/tools/bin/../lib/gcc/arm-none-eabi/7.3.1/thumb/v6-m\libgcc.a(_divsi3.o)
 .ARM.attributes
                0x0000000000000a13       0x1e c:/st/stm32cubeide_1.0.2/stm32cubeide/plugins/com.st.stm32cube.ide.mcu.externaltools.gnu-tools-for-stm32.7-2018-q2-update.win32_1.0.0.201904181610/tools/bin/../lib/gcc/arm-none-eabi/7.3.1/thumb/v6-m\libgcc.a(_dvmd_tls.o)
 .ARM.attributes
                0x0000000000000a31       0x1e c:/st/stm32cubeide_1.0.2/stm32cubeide/plugins/com.st.stm32cube.ide.mcu.externaltools.gnu-tools-for-stm32.7-2018-q2-update.win32_1.0.0.201904181610/tools/bin/../lib/gcc/arm-none-eabi/7.3.1/thumb/v6-m\libgcc.a(_arm_cmpdf2.o)
 .ARM.attributes
                0x0000000000000a4f       0x1e c:/st/stm32cubeide_1.0.2/stm32cubeide/plugins/com.st.stm32cube.ide.mcu.externaltools.gnu-tools-for-stm32.7-2018-q2-update.win32_1.0.0.201904181610/tools/bin/../lib/gcc/arm-none-eabi/7.3.1/thumb/v6-m\libgcc.a(_aeabi_uldivmod.o)
 .ARM.attributes
                0x0000000000000a6d       0x2c c:/st/stm32cubeide_1.0.2/stm32cubeide/plugins/com.st.stm32cube.ide.mcu.externaltools.gnu-tools-for-stm32.7-2018-q2-update.win32_1.0.0.201904181610/tools/bin/../lib/gcc/arm-none-eabi/7.3.1/thumb/v6-m\libgcc.a(_fixunsdfsi.o)
 .ARM.attributes
                0x0000000000000a99       0x2c c:/st/stm32cubeide_1.0.2/stm32cubeide/plugins/com.st.stm32cube.ide.mcu.externaltools.gnu-tools-for-stm32.7-2018-q2-update.win32_1.0.0.201904181610/tools/bin/../lib/gcc/arm-none-eabi/7.3.1/thumb/v6-m\libgcc.a(_udivmoddi4.o)
 .ARM.attributes
                0x0000000000000ac5       0x2c c:/st/stm32cubeide_1.0.2/stm32cubeide/plugins/com.st.stm32cube.ide.mcu.externaltools.gnu-tools-for-stm32.7-2018-q2-update.win32_1.0.0.201904181610/tools/bin/../lib/gcc/arm-none-eabi/7.3.1/thumb/v6-m\libgcc.a(adddf3.o)
 .ARM.attributes
                0x0000000000000af1       0x2c c:/st/stm32cubeide_1.0.2/stm32cubeide/plugins/com.st.stm32cube.ide.mcu.externaltools.gnu-tools-for-stm32.7-2018-q2-update.win32_1.0.0.201904181610/tools/bin/../lib/gcc/arm-none-eabi/7.3.1/thumb/v6-m\libgcc.a(divdf3.o)
 .ARM.attributes
                0x0000000000000b1d       0x2c c:/st/stm32cubeide_1.0.2/stm32cubeide/plugins/com.st.stm32cube.ide.mcu.externaltools.gnu-tools-for-stm32.7-2018-q2-update.win32_1.0.0.201904181610/tools/bin/../lib/gcc/arm-none-eabi/7.3.1/thumb/v6-m\libgcc.a(eqdf2.o)
 .ARM.attributes
                0x0000000000000b49       0x2c c:/st/stm32cubeide_1.0.2/stm32cubeide/plugins/com.st.stm32cube.ide.mcu.externaltools.gnu-tools-for-stm32.7-2018-q2-update.win32_1.0.0.201904181610/tools/bin/../lib/gcc/arm-none-eabi/7.3.1/thumb/v6-m\libgcc.a(gedf2.o)
 .ARM.attributes
                0x0000000000000b75       0x2c c:/st/stm32cubeide_1.0.2/stm32cubeide/plugins/com.st.stm32cube.ide.mcu.externaltools.gnu-tools-for-stm32.7-2018-q2-update.win32_1.0.0.201904181610/tools/bin/../lib/gcc/arm-none-eabi/7.3.1/thumb/v6-m\libgcc.a(ledf2.o)
 .ARM.attributes
                0x0000000000000ba1       0x2c c:/st/stm32cubeide_1.0.2/stm32cubeide/plugins/com.st.stm32cube.ide.mcu.externaltools.gnu-tools-for-stm32.7-2018-q2-update.win32_1.0.0.201904181610/tools/bin/../lib/gcc/arm-none-eabi/7.3.1/thumb/v6-m\libgcc.a(muldf3.o)
 .ARM.attributes
                0x0000000000000bcd       0x2c c:/st/stm32cubeide_1.0.2/stm32cubeide/plugins/com.st.stm32cube.ide.mcu.externaltools.gnu-tools-for-stm32.7-2018-q2-update.win32_1.0.0.201904181610/tools/bin/../lib/gcc/arm-none-eabi/7.3.1/thumb/v6-m\libgcc.a(subdf3.o)
 .ARM.attributes
                0x0000000000000bf9       0x2c c:/st/stm32cubeide_1.0.2/stm32cubeide/plugins/com.st.stm32cube.ide.mcu.externaltools.gnu-tools-for-stm32.7-2018-q2-update.win32_1.0.0.201904181610/tools/bin/../lib/gcc/arm-none-eabi/7.3.1/thumb/v6-m\libgcc.a(fixdfsi.o)
 .ARM.attributes
                0x0000000000000c25       0x2c c:/st/stm32cubeide_1.0.2/stm32cubeide/plugins/com.st.stm32cube.ide.mcu.externaltools.gnu-tools-for-stm32.7-2018-q2-update.win32_1.0.0.201904181610/tools/bin/../lib/gcc/arm-none-eabi/7.3.1/thumb/v6-m\libgcc.a(floatsidf.o)
 .ARM.attributes
                0x0000000000000c51       0x2c c:/st/stm32cubeide_1.0.2/stm32cubeide/plugins/com.st.stm32cube.ide.mcu.externaltools.gnu-tools-for-stm32.7-2018-q2-update.win32_1.0.0.201904181610/tools/bin/../lib/gcc/arm-none-eabi/7.3.1/thumb/v6-m\libgcc.a(floatunsidf.o)
 .ARM.attributes
                0x0000000000000c7d       0x1e c:/st/stm32cubeide_1.0.2/stm32cubeide/plugins/com.st.stm32cube.ide.mcu.externaltools.gnu-tools-for-stm32.7-2018-q2-update.win32_1.0.0.201904181610/tools/bin/../lib/gcc/arm-none-eabi/7.3.1/thumb/v6-m\libgcc.a(_clzsi2.o)
 .ARM.attributes
                0x0000000000000c9b       0x1e c:/st/stm32cubeide_1.0.2/stm32cubeide/plugins/com.st.stm32cube.ide.mcu.externaltools.gnu-tools-for-stm32.7-2018-q2-update.win32_1.0.0.201904181610/tools/bin/../lib/gcc/arm-none-eabi/7.3.1/thumb/v6-m\libgcc.a(_clzdi2.o)
 .ARM.attributes
                0x0000000000000cb9       0x1e c:/st/stm32cubeide_1.0.2/stm32cubeide/plugins/com.st.stm32cube.ide.mcu.externaltools.gnu-tools-for-stm32.7-2018-q2-update.win32_1.0.0.201904181610/tools/bin/../lib/gcc/arm-none-eabi/7.3.1/thumb/v6-m/crtn.o
OUTPUT(note-stm32g0.elf elf32-littlearm)

.debug_info     0x0000000000000000    0x16460
 .debug_info    0x0000000000000000      0xa1a Drivers/STM32G0xx_HAL_Driver/Src/stm32g0xx_hal.o
 .debug_info    0x0000000000000a1a      0x95f Drivers/STM32G0xx_HAL_Driver/Src/stm32g0xx_hal_cortex.o
 .debug_info    0x0000000000001379      0x8d9 Drivers/STM32G0xx_HAL_Driver/Src/stm32g0xx_hal_dma.o
 .debug_info    0x0000000000001c52      0x63a Drivers/STM32G0xx_HAL_Driver/Src/stm32g0xx_hal_gpio.o
 .debug_info    0x000000000000228c     0x2036 Drivers/STM32G0xx_HAL_Driver/Src/stm32g0xx_hal_i2c.o
 .debug_info    0x00000000000042c2      0xa79 Drivers/STM32G0xx_HAL_Driver/Src/stm32g0xx_hal_i2c_ex.o
 .debug_info    0x0000000000004d3b      0xbcb Drivers/STM32G0xx_HAL_Driver/Src/stm32g0xx_hal_lptim.o
 .debug_info    0x0000000000005906      0x64f Drivers/STM32G0xx_HAL_Driver/Src/stm32g0xx_hal_pwr_ex.o
 .debug_info    0x0000000000005f55      0xaa5 Drivers/STM32G0xx_HAL_Driver/Src/stm32g0xx_hal_rcc.o
 .debug_info    0x00000000000069fa      0x7f1 Drivers/STM32G0xx_HAL_Driver/Src/stm32g0xx_hal_rcc_ex.o
 .debug_info    0x00000000000071eb     0x1805 Drivers/STM32G0xx_HAL_Driver/Src/stm32g0xx_hal_uart.o
 .debug_info    0x00000000000089f0      0xb73 Drivers/STM32G0xx_HAL_Driver/Src/stm32g0xx_hal_uart_ex.o
 .debug_info    0x0000000000009563      0xdf8 Src/event.o
 .debug_info    0x000000000000a35b      0x2c5 Src/example.o
 .debug_info    0x000000000000a620     0x1f66 Src/main.o
 .debug_info    0x000000000000c586     0x1180 Src/stm32g0xx_hal_msp.o
 .debug_info    0x000000000000d706      0xee4 Src/stm32g0xx_it.o
 .debug_info    0x000000000000e5ea      0x91c Src/sysmem.o
 .debug_info    0x000000000000ef06      0x434 Src/system_stm32g0xx.o
 .debug_info    0x000000000000f33a       0x22 Startup/startup_stm32g031k8tx.o
 .debug_info    0x000000000000f35c      0x9fc note-c/n_atof.o
 .debug_info    0x000000000000fd58     0x2aa6 note-c/n_cjson.o
 .debug_info    0x00000000000127fe      0xcbc note-c/n_cjson_helpers.o
 .debug_info    0x00000000000134ba      0x9a0 note-c/n_ftoa.o
 .debug_info    0x0000000000013e5a     0x1089 note-c/n_hooks.o