main.c:58:5:main	8	static
main.c:86:6:SystemClock_Config	128	static
main.c:126:6:MX_I2C1_Init	8	static
main.c:157:6:MX_I2C1_DeInit	8	static
main.c:174:6:MX_USART1_UART_Init	8	static
main.c:216:6:MY_UART_IRQHandler	16	static
main.c:241:6:MX_USART1_UART_DeInit	8	static
main.c:255:6:MX_LPTIM1_Init	8	static
main.c:288:6:MX_LPTIM1_DeInit	8	static
main.c:296:6:HAL_LPTIM_CompareMatchCallback	16	static
main.c:309:10:MY_TimerMs	8	static
main.c:315:6:MX_GPIO_Init	64	static
main.c:366:6:HAL_GPIO_EXTI_Rising_Callback	16	static
main.c:377:6:Error_Handler	8	static
main.c:387:6:delay	16	static
main.c:392:19:millis	8	static
main.c:398:6:MY_Debug	8	static
main.c:403:6:MY_Sleep_DeInit	8	static
main.c:416:6:noteSerialReset	8	static
main.c:422:6:noteSerialTransmit	24	static
main.c:427:6:noteSerialAvailable	8	static
main.c:432:6:noteSerialReceive	16	static
main.c:445:6:noteI2CReset	8	static
main.c:453:13:noteI2CTransmit	56	static
main.c:472:13:noteI2CReceive	80	static
