main.c:62:5:main	16	static
main.c:90:6:SystemClock_Config	128	static
main.c:137:6:MX_I2C1_Init	8	static
main.c:170:6:MX_I2C1_DeInit	8	static
main.c:335:6:MX_GPIO_Init	56	static
main.c:386:6:HAL_GPIO_EXTI_Rising_Callback	16	static
main.c:397:6:Error_Handler	8	static
main.c:407:6:delay	16	static
main.c:412:19:millis	8	static
main.c:418:6:MY_Debug	8	static
main.c:423:6:MY_Sleep_DeInit	8	static
main.c:478:6:noteI2CReset	8	static
main.c:488:13:noteI2CTransmit	56	static
main.c:509:13:noteI2CReceive	80	static
