stm32g0xx_it.c:18:6:NMI_Handler	8	static
stm32g0xx_it.c:22:6:HardFault_Handler	8	static
stm32g0xx_it.c:27:6:MemManage_Handler	8	static
stm32g0xx_it.c:32:6:BusFault_Handler	8	static
stm32g0xx_it.c:37:6:UsageFault_Handler	8	static
stm32g0xx_it.c:42:6:SVC_Handler	8	static
stm32g0xx_it.c:46:6:DebugMon_Handler	8	static
stm32g0xx_it.c:50:6:PendSV_Handler	8	static
stm32g0xx_it.c:54:6:SysTick_Handler	8	static
stm32g0xx_it.c:59:6:I2C1_IRQHandler	8	static
stm32g0xx_it.c:68:6:USART1_IRQHandler	8	static
stm32g0xx_it.c:75:6:MY_GPIO_EXTI_IRQHandler	24	static
stm32g0xx_it.c:84:6:EXTI0_1_IRQHandler	8	static
stm32g0xx_it.c:87:6:EXTI2_3_IRQHandler	8	static
stm32g0xx_it.c:90:6:EXTI4_15_IRQHandler	8	static
stm32g0xx_it.c:96:6:LPTIM1_IRQHandler	8	static
