stm32g0xx_it.c:22:6:NMI_Handler	8	static
stm32g0xx_it.c:26:6:HardFault_Handler	8	static
stm32g0xx_it.c:31:6:MemManage_Handler	8	static
stm32g0xx_it.c:36:6:BusFault_Handler	8	static
stm32g0xx_it.c:41:6:UsageFault_Handler	8	static
stm32g0xx_it.c:46:6:SVC_Handler	8	static
stm32g0xx_it.c:50:6:DebugMon_Handler	8	static
stm32g0xx_it.c:54:6:PendSV_Handler	8	static
stm32g0xx_it.c:58:6:SysTick_Handler	8	static
stm32g0xx_it.c:64:6:I2C1_IRQHandler	8	static
stm32g0xx_it.c:83:6:MY_GPIO_EXTI_IRQHandler	24	static
stm32g0xx_it.c:92:6:EXTI0_1_IRQHandler	8	static
stm32g0xx_it.c:95:6:EXTI2_3_IRQHandler	8	static
stm32g0xx_it.c:98:6:EXTI4_15_IRQHandler	8	static
